======================================================================
Multimodal Late-Fusion Training — cache-driven
======================================================================
Device              : cpu
Cache dir           : /home3/iasarantsev/multimodal/cache
Video backbone      : videomae
Active modalities   : ['text', 'audio', 'video']
Seed                : 42
Weights dir         : /home3/iasarantsev/multimodal/weights
======================================================================

[Cache] Loading multi-view embedding cache ...
[CachedFusionDataset] N=778  K_t=3  K_a=3  K_v=5  random_view=True
[CachedFusionDataset] N=124  K_t=1  K_a=1  K_v=1  random_view=False
[CachedFusionDataset] N=525  K_t=1  K_a=1  K_v=1  random_view=False
  [train]    778 videos  |  No A-H: 393  With A-H: 385  (49.5% positive)  |  K_t=3 K_a=3 K_v=5
  [val  ]    124 videos  |  No A-H: 49  With A-H: 75  (60.5% positive)  |  K_t=1 K_a=1 K_v=1
  [test ]    525 videos  |  No A-H: 207  With A-H: 318  (60.6% positive)  |  K_t=1 K_a=1 K_v=1

======================================================================
Training modality head: text
======================================================================

[text] input_dim=768  hidden_dims=[128]  dropout=0.3  input_dropout=0.0  lr=1.00e-04  weight_decay=0.05  epochs=50  patience=5
[text] Architecture:
ModalityMLP(
  (mlp): Sequential(
    (0): Linear(in_features=768, out_features=128, bias=True)
    (1): GELU(approximate='none')
    (2): Dropout(p=0.3, inplace=False)
    (3): Linear(in_features=128, out_features=2, bias=True)
  )
)
[text] Trainable params: 98,690
[text] Class counts — No A-H: 393  With A-H: 385

[text] Training MLP head ...
[text] Epoch   1/50  tr_loss=0.6438  tr_f1=0.6551  va_loss=0.6647  va_f1=0.6075  va_acc=0.6210  lr=9.99e-05
  ✓ New best val F1=0.6075 — saved /home3/iasarantsev/multimodal/weights/late_fusion_text_best.pth
[text] Epoch   2/50  tr_loss=0.6216  tr_f1=0.6598  va_loss=0.6426  va_f1=0.5882  va_acc=0.6210  lr=9.96e-05
  ✗ No improvement vs prev epoch (1/5)
[text] Epoch   3/50  tr_loss=0.5975  tr_f1=0.6795  va_loss=0.6268  va_f1=0.6129  va_acc=0.6371  lr=9.91e-05
  ✓ New best val F1=0.6129 — saved /home3/iasarantsev/multimodal/weights/late_fusion_text_best.pth
[text] Epoch   4/50  tr_loss=0.5712  tr_f1=0.7129  va_loss=0.6233  va_f1=0.6190  va_acc=0.6371  lr=9.84e-05
  ✓ New best val F1=0.6190 — saved /home3/iasarantsev/multimodal/weights/late_fusion_text_best.pth
[text] Epoch   5/50  tr_loss=0.5843  tr_f1=0.7096  va_loss=0.6425  va_f1=0.6449  va_acc=0.6532  lr=9.76e-05
  ✓ New best val F1=0.6449 — saved /home3/iasarantsev/multimodal/weights/late_fusion_text_best.pth
[text] Epoch   6/50  tr_loss=0.5509  tr_f1=0.7391  va_loss=0.6564  va_f1=0.6079  va_acc=0.6129  lr=9.65e-05
  ✗ No improvement vs prev epoch (1/5)
[text] Epoch   7/50  tr_loss=0.5573  tr_f1=0.7440  va_loss=0.6424  va_f1=0.6119  va_acc=0.6210  lr=9.53e-05
[text] Epoch   8/50  tr_loss=0.5571  tr_f1=0.7262  va_loss=0.6228  va_f1=0.6430  va_acc=0.6532  lr=9.39e-05
[text] Epoch   9/50  tr_loss=0.5186  tr_f1=0.7799  va_loss=0.6151  va_f1=0.6503  va_acc=0.6613  lr=9.23e-05
  ✓ New best val F1=0.6503 — saved /home3/iasarantsev/multimodal/weights/late_fusion_text_best.pth
[text] Epoch  10/50  tr_loss=0.5442  tr_f1=0.7385  va_loss=0.6249  va_f1=0.6357  va_acc=0.6452  lr=9.05e-05
  ✗ No improvement vs prev epoch (1/5)
[text] Epoch  11/50  tr_loss=0.5221  tr_f1=0.7814  va_loss=0.6386  va_f1=0.6210  va_acc=0.6290  lr=8.86e-05
  ✗ No improvement vs prev epoch (2/5)
[text] Epoch  12/50  tr_loss=0.5280  tr_f1=0.7712  va_loss=0.6507  va_f1=0.6418  va_acc=0.6452  lr=8.66e-05
[text] Epoch  13/50  tr_loss=0.5393  tr_f1=0.7378  va_loss=0.6614  va_f1=0.6190  va_acc=0.6210  lr=8.44e-05
  ✗ No improvement vs prev epoch (1/5)
[text] Epoch  14/50  tr_loss=0.5341  tr_f1=0.7569  va_loss=0.6693  va_f1=0.6046  va_acc=0.6048  lr=8.21e-05
  ✗ No improvement vs prev epoch (2/5)
[text] Epoch  15/50  tr_loss=0.5249  tr_f1=0.7644  va_loss=0.6463  va_f1=0.6352  va_acc=0.6371  lr=7.96e-05
[text] Epoch  16/50  tr_loss=0.5055  tr_f1=0.7840  va_loss=0.6385  va_f1=0.6331  va_acc=0.6371  lr=7.70e-05
  ✗ No improvement vs prev epoch (1/5)
[text] Epoch  17/50  tr_loss=0.5038  tr_f1=0.8004  va_loss=0.6379  va_f1=0.6317  va_acc=0.6371  lr=7.43e-05
  ✗ No improvement vs prev epoch (2/5)
[text] Epoch  18/50  tr_loss=0.5303  tr_f1=0.7467  va_loss=0.6314  va_f1=0.6392  va_acc=0.6452  lr=7.16e-05
[text] Epoch  19/50  tr_loss=0.5033  tr_f1=0.7840  va_loss=0.6341  va_f1=0.6242  va_acc=0.6290  lr=6.87e-05
  ✗ No improvement vs prev epoch (1/5)
[text] Epoch  20/50  tr_loss=0.5179  tr_f1=0.7660  va_loss=0.6456  va_f1=0.6418  va_acc=0.6452  lr=6.58e-05
[text] Epoch  21/50  tr_loss=0.5123  tr_f1=0.7711  va_loss=0.6411  va_f1=0.6418  va_acc=0.6452  lr=6.28e-05
  ✗ No improvement vs prev epoch (1/5)
[text] Epoch  22/50  tr_loss=0.5050  tr_f1=0.7815  va_loss=0.6354  va_f1=0.6331  va_acc=0.6371  lr=5.98e-05
  ✗ No improvement vs prev epoch (2/5)
[text] Epoch  23/50  tr_loss=0.5361  tr_f1=0.7571  va_loss=0.6343  va_f1=0.6342  va_acc=0.6371  lr=5.67e-05
[text] Epoch  24/50  tr_loss=0.5055  tr_f1=0.7789  va_loss=0.6378  va_f1=0.6352  va_acc=0.6371  lr=5.36e-05
[text] Epoch  25/50  tr_loss=0.4986  tr_f1=0.7725  va_loss=0.6475  va_f1=0.6443  va_acc=0.6452  lr=5.05e-05
[text] Epoch  26/50  tr_loss=0.4918  tr_f1=0.8096  va_loss=0.6580  va_f1=0.6359  va_acc=0.6371  lr=4.74e-05
  ✗ No improvement vs prev epoch (1/5)
[text] Epoch  27/50  tr_loss=0.5059  tr_f1=0.7943  va_loss=0.6594  va_f1=0.6342  va_acc=0.6371  lr=4.43e-05
  ✗ No improvement vs prev epoch (2/5)
[text] Epoch  28/50  tr_loss=0.4919  tr_f1=0.7929  va_loss=0.6540  va_f1=0.6514  va_acc=0.6532  lr=4.12e-05
  ✓ New best val F1=0.6514 — saved /home3/iasarantsev/multimodal/weights/late_fusion_text_best.pth
[text] Epoch  29/50  tr_loss=0.5122  tr_f1=0.7773  va_loss=0.6428  va_f1=0.6569  va_acc=0.6613  lr=3.82e-05
  ✓ New best val F1=0.6569 — saved /home3/iasarantsev/multimodal/weights/late_fusion_text_best.pth
[text] Epoch  30/50  tr_loss=0.5012  tr_f1=0.7937  va_loss=0.6388  va_f1=0.6569  va_acc=0.6613  lr=3.52e-05
  ✗ No improvement vs prev epoch (1/5)
[text] Epoch  31/50  tr_loss=0.4825  tr_f1=0.8098  va_loss=0.6405  va_f1=0.6392  va_acc=0.6452  lr=3.23e-05
  ✗ No improvement vs prev epoch (2/5)
[text] Epoch  32/50  tr_loss=0.5088  tr_f1=0.7673  va_loss=0.6400  va_f1=0.6556  va_acc=0.6613  lr=2.94e-05
[text] Epoch  33/50  tr_loss=0.4815  tr_f1=0.8132  va_loss=0.6376  va_f1=0.6630  va_acc=0.6694  lr=2.67e-05
  ✓ New best val F1=0.6630 — saved /home3/iasarantsev/multimodal/weights/late_fusion_text_best.pth
[text] Epoch  34/50  tr_loss=0.4765  tr_f1=0.8302  va_loss=0.6388  va_f1=0.6569  va_acc=0.6613  lr=2.40e-05
  ✗ No improvement vs prev epoch (1/5)
[text] Epoch  35/50  tr_loss=0.5008  tr_f1=0.7738  va_loss=0.6440  va_f1=0.6569  va_acc=0.6613  lr=2.14e-05
  ✗ No improvement vs prev epoch (2/5)
[text] Epoch  36/50  tr_loss=0.4963  tr_f1=0.7878  va_loss=0.6453  va_f1=0.6505  va_acc=0.6532  lr=1.89e-05
  ✗ No improvement vs prev epoch (3/5)
[text] Epoch  37/50  tr_loss=0.4957  tr_f1=0.8057  va_loss=0.6438  va_f1=0.6342  va_acc=0.6371  lr=1.66e-05
  ✗ No improvement vs prev epoch (4/5)
[text] Epoch  38/50  tr_loss=0.4859  tr_f1=0.7916  va_loss=0.6461  va_f1=0.6352  va_acc=0.6371  lr=1.44e-05
[text] Epoch  39/50  tr_loss=0.4919  tr_f1=0.7879  va_loss=0.6473  va_f1=0.6275  va_acc=0.6290  lr=1.24e-05
  ✗ No improvement vs prev epoch (1/5)
[text] Epoch  40/50  tr_loss=0.4683  tr_f1=0.8066  va_loss=0.6499  va_f1=0.6275  va_acc=0.6290  lr=1.05e-05
  ✗ No improvement vs prev epoch (2/5)
[text] Epoch  41/50  tr_loss=0.4761  tr_f1=0.8213  va_loss=0.6518  va_f1=0.6275  va_acc=0.6290  lr=8.71e-06
  ✗ No improvement vs prev epoch (3/5)
[text] Epoch  42/50  tr_loss=0.4803  tr_f1=0.8056  va_loss=0.6534  va_f1=0.6198  va_acc=0.6210  lr=7.12e-06
  ✗ No improvement vs prev epoch (4/5)
[text] Epoch  43/50  tr_loss=0.4683  tr_f1=0.8213  va_loss=0.6538  va_f1=0.6198  va_acc=0.6210  lr=5.71e-06
  ✗ No improvement vs prev epoch (5/5)
  ⛔ Early stopping at epoch 43 (best val F1=0.6630)
[text] Trained in 1.3 min — best val F1=0.6630

======================================================================
Training modality head: audio
======================================================================

[audio] input_dim=256  hidden_dims=[256, 128]  dropout=0.2  input_dropout=0.0  lr=1.00e-04  weight_decay=0.01  epochs=50  patience=5
[audio] Architecture:
ModalityMLP(
  (mlp): Sequential(
    (0): Linear(in_features=256, out_features=256, bias=True)
    (1): GELU(approximate='none')
    (2): Dropout(p=0.2, inplace=False)
    (3): Linear(in_features=256, out_features=128, bias=True)
    (4): GELU(approximate='none')
    (5): Dropout(p=0.2, inplace=False)
    (6): Linear(in_features=128, out_features=2, bias=True)
  )
)
[audio] Trainable params: 98,946
[audio] Class counts — No A-H: 393  With A-H: 385

[audio] Training MLP head ...
[audio] Epoch   1/50  tr_loss=0.6856  tr_f1=0.5511  va_loss=0.6994  va_f1=0.4561  va_acc=0.4839  lr=9.99e-05
  ✓ New best val F1=0.4561 — saved /home3/iasarantsev/multimodal/weights/late_fusion_audio_best.pth
[audio] Epoch   2/50  tr_loss=0.6707  tr_f1=0.5885  va_loss=0.7093  va_f1=0.4129  va_acc=0.4597  lr=9.96e-05
  ✗ No improvement vs prev epoch (1/5)
[audio] Epoch   3/50  tr_loss=0.6629  tr_f1=0.6182  va_loss=0.7187  va_f1=0.4129  va_acc=0.4597  lr=9.91e-05
  ✗ No improvement vs prev epoch (2/5)
[audio] Epoch   4/50  tr_loss=0.6566  tr_f1=0.6170  va_loss=0.7266  va_f1=0.4359  va_acc=0.4758  lr=9.84e-05
[audio] Epoch   5/50  tr_loss=0.6607  tr_f1=0.6168  va_loss=0.7282  va_f1=0.4419  va_acc=0.4839  lr=9.76e-05
[audio] Epoch   6/50  tr_loss=0.6637  tr_f1=0.6140  va_loss=0.7244  va_f1=0.4364  va_acc=0.4839  lr=9.65e-05
  ✗ No improvement vs prev epoch (1/5)
[audio] Epoch   7/50  tr_loss=0.6741  tr_f1=0.5803  va_loss=0.7188  va_f1=0.4540  va_acc=0.5000  lr=9.53e-05
[audio] Epoch   8/50  tr_loss=0.6521  tr_f1=0.6139  va_loss=0.7179  va_f1=0.4419  va_acc=0.5000  lr=9.39e-05
  ✗ No improvement vs prev epoch (1/5)
[audio] Epoch   9/50  tr_loss=0.6473  tr_f1=0.6259  va_loss=0.7248  va_f1=0.4362  va_acc=0.4919  lr=9.23e-05
  ✗ No improvement vs prev epoch (2/5)
[audio] Epoch  10/50  tr_loss=0.6508  tr_f1=0.6231  va_loss=0.7296  va_f1=0.4643  va_acc=0.5000  lr=9.05e-05
  ✓ New best val F1=0.4643 — saved /home3/iasarantsev/multimodal/weights/late_fusion_audio_best.pth
[audio] Epoch  11/50  tr_loss=0.6545  tr_f1=0.6026  va_loss=0.7327  va_f1=0.4666  va_acc=0.4919  lr=8.86e-05
  ✓ New best val F1=0.4666 — saved /home3/iasarantsev/multimodal/weights/late_fusion_audio_best.pth
[audio] Epoch  12/50  tr_loss=0.6552  tr_f1=0.5910  va_loss=0.7318  va_f1=0.4601  va_acc=0.4839  lr=8.66e-05
  ✗ No improvement vs prev epoch (1/5)
[audio] Epoch  13/50  tr_loss=0.6543  tr_f1=0.6168  va_loss=0.7262  va_f1=0.4837  va_acc=0.5000  lr=8.44e-05
  ✓ New best val F1=0.4837 — saved /home3/iasarantsev/multimodal/weights/late_fusion_audio_best.pth
[audio] Epoch  14/50  tr_loss=0.6482  tr_f1=0.6302  va_loss=0.7259  va_f1=0.4704  va_acc=0.4919  lr=8.21e-05
  ✗ No improvement vs prev epoch (1/5)
[audio] Epoch  15/50  tr_loss=0.6452  tr_f1=0.6262  va_loss=0.7259  va_f1=0.4805  va_acc=0.5000  lr=7.96e-05
[audio] Epoch  16/50  tr_loss=0.6363  tr_f1=0.6554  va_loss=0.7302  va_f1=0.4805  va_acc=0.5000  lr=7.70e-05
  ✗ No improvement vs prev epoch (1/5)
[audio] Epoch  17/50  tr_loss=0.6636  tr_f1=0.6040  va_loss=0.7284  va_f1=0.4731  va_acc=0.5000  lr=7.43e-05
  ✗ No improvement vs prev epoch (2/5)
[audio] Epoch  18/50  tr_loss=0.6440  tr_f1=0.6118  va_loss=0.7260  va_f1=0.4796  va_acc=0.5081  lr=7.16e-05
[audio] Epoch  19/50  tr_loss=0.6510  tr_f1=0.6310  va_loss=0.7257  va_f1=0.4901  va_acc=0.5161  lr=6.87e-05
  ✓ New best val F1=0.4901 — saved /home3/iasarantsev/multimodal/weights/late_fusion_audio_best.pth
[audio] Epoch  20/50  tr_loss=0.6403  tr_f1=0.6329  va_loss=0.7316  va_f1=0.4704  va_acc=0.4919  lr=6.58e-05
  ✗ No improvement vs prev epoch (1/5)
[audio] Epoch  21/50  tr_loss=0.6428  tr_f1=0.6206  va_loss=0.7355  va_f1=0.4601  va_acc=0.4839  lr=6.28e-05
  ✗ No improvement vs prev epoch (2/5)
[audio] Epoch  22/50  tr_loss=0.6234  tr_f1=0.6695  va_loss=0.7404  va_f1=0.4536  va_acc=0.4758  lr=5.98e-05
  ✗ No improvement vs prev epoch (3/5)
[audio] Epoch  23/50  tr_loss=0.6416  tr_f1=0.6134  va_loss=0.7409  va_f1=0.4689  va_acc=0.5000  lr=5.67e-05
[audio] Epoch  24/50  tr_loss=0.6474  tr_f1=0.5911  va_loss=0.7317  va_f1=0.4816  va_acc=0.5161  lr=5.36e-05
[audio] Epoch  25/50  tr_loss=0.6420  tr_f1=0.6311  va_loss=0.7260  va_f1=0.4816  va_acc=0.5161  lr=5.05e-05
  ✗ No improvement vs prev epoch (1/5)
[audio] Epoch  26/50  tr_loss=0.6290  tr_f1=0.6359  va_loss=0.7266  va_f1=0.5137  va_acc=0.5403  lr=4.74e-05
  ✓ New best val F1=0.5137 — saved /home3/iasarantsev/multimodal/weights/late_fusion_audio_best.pth
[audio] Epoch  27/50  tr_loss=0.6273  tr_f1=0.6401  va_loss=0.7315  va_f1=0.5005  va_acc=0.5242  lr=4.43e-05
  ✗ No improvement vs prev epoch (1/5)
[audio] Epoch  28/50  tr_loss=0.6271  tr_f1=0.6542  va_loss=0.7328  va_f1=0.5005  va_acc=0.5242  lr=4.12e-05
  ✗ No improvement vs prev epoch (2/5)
[audio] Epoch  29/50  tr_loss=0.6338  tr_f1=0.6580  va_loss=0.7297  va_f1=0.5005  va_acc=0.5242  lr=3.82e-05
  ✗ No improvement vs prev epoch (3/5)
[audio] Epoch  30/50  tr_loss=0.6373  tr_f1=0.6439  va_loss=0.7298  va_f1=0.4805  va_acc=0.5000  lr=3.52e-05
  ✗ No improvement vs prev epoch (4/5)
[audio] Epoch  31/50  tr_loss=0.6364  tr_f1=0.6221  va_loss=0.7272  va_f1=0.4738  va_acc=0.4919  lr=3.23e-05
  ✗ No improvement vs prev epoch (5/5)
  ⛔ Early stopping at epoch 31 (best val F1=0.5137)
[audio] Trained in 1.3 min — best val F1=0.5137

======================================================================
Training modality head: video
======================================================================

[video] input_dim=768  hidden_dims=[128]  dropout=0.3  input_dropout=0.0  lr=1.00e-04  weight_decay=0.03  epochs=50  patience=10
[video] Architecture:
ModalityMLP(
  (mlp): Sequential(
    (0): Linear(in_features=768, out_features=128, bias=True)
    (1): GELU(approximate='none')
    (2): Dropout(p=0.3, inplace=False)
    (3): Linear(in_features=128, out_features=2, bias=True)
  )
)
[video] Trainable params: 98,690
[video] Class counts — No A-H: 393  With A-H: 385

[video] Training MLP head ...
[video] Epoch   1/50  tr_loss=0.6420  tr_f1=0.6319  va_loss=0.8231  va_f1=0.5292  va_acc=0.5323  lr=9.99e-05
  ✓ New best val F1=0.5292 — saved /home3/iasarantsev/multimodal/weights/late_fusion_video_best.pth
[video] Epoch   2/50  tr_loss=0.5728  tr_f1=0.7331  va_loss=0.9242  va_f1=0.5352  va_acc=0.5403  lr=9.96e-05
  ✓ New best val F1=0.5352 — saved /home3/iasarantsev/multimodal/weights/late_fusion_video_best.pth
[video] Epoch   3/50  tr_loss=0.5568  tr_f1=0.7416  va_loss=0.9264  va_f1=0.5335  va_acc=0.5403  lr=9.91e-05
  ✗ No improvement vs prev epoch (1/10)
[video] Epoch   4/50  tr_loss=0.5334  tr_f1=0.7496  va_loss=0.9135  va_f1=0.5407  va_acc=0.5484  lr=9.84e-05
  ✓ New best val F1=0.5407 — saved /home3/iasarantsev/multimodal/weights/late_fusion_video_best.pth
[video] Epoch   5/50  tr_loss=0.5075  tr_f1=0.7802  va_loss=0.9684  va_f1=0.5262  va_acc=0.5323  lr=9.76e-05
  ✗ No improvement vs prev epoch (1/10)
[video] Epoch   6/50  tr_loss=0.5019  tr_f1=0.7736  va_loss=0.9975  va_f1=0.5352  va_acc=0.5403  lr=9.65e-05
[video] Epoch   7/50  tr_loss=0.5126  tr_f1=0.7901  va_loss=1.0295  va_f1=0.5352  va_acc=0.5403  lr=9.53e-05
  ✗ No improvement vs prev epoch (1/10)
[video] Epoch   8/50  tr_loss=0.5176  tr_f1=0.7654  va_loss=0.9857  va_f1=0.5426  va_acc=0.5484  lr=9.39e-05
  ✓ New best val F1=0.5426 — saved /home3/iasarantsev/multimodal/weights/late_fusion_video_best.pth
[video] Epoch   9/50  tr_loss=0.5005  tr_f1=0.7723  va_loss=1.0055  va_f1=0.5426  va_acc=0.5484  lr=9.23e-05
  ✗ No improvement vs prev epoch (1/10)
[video] Epoch  10/50  tr_loss=0.5031  tr_f1=0.7725  va_loss=1.0115  va_f1=0.5426  va_acc=0.5484  lr=9.05e-05
  ✗ No improvement vs prev epoch (2/10)
[video] Epoch  11/50  tr_loss=0.4780  tr_f1=0.8161  va_loss=1.0216  va_f1=0.5335  va_acc=0.5403  lr=8.86e-05
  ✗ No improvement vs prev epoch (3/10)
[video] Epoch  12/50  tr_loss=0.4832  tr_f1=0.7953  va_loss=1.0040  va_f1=0.5499  va_acc=0.5565  lr=8.66e-05
  ✓ New best val F1=0.5499 — saved /home3/iasarantsev/multimodal/weights/late_fusion_video_best.pth
[video] Epoch  13/50  tr_loss=0.4813  tr_f1=0.7981  va_loss=1.0329  va_f1=0.5515  va_acc=0.5565  lr=8.44e-05
  ✓ New best val F1=0.5515 — saved /home3/iasarantsev/multimodal/weights/late_fusion_video_best.pth
[video] Epoch  14/50  tr_loss=0.4619  tr_f1=0.8133  va_loss=1.0588  va_f1=0.5515  va_acc=0.5565  lr=8.21e-05
  ✗ No improvement vs prev epoch (1/10)
[video] Epoch  15/50  tr_loss=0.4507  tr_f1=0.8402  va_loss=1.1047  va_f1=0.5515  va_acc=0.5565  lr=7.96e-05
  ✗ No improvement vs prev epoch (2/10)
[video] Epoch  16/50  tr_loss=0.4708  tr_f1=0.8097  va_loss=1.0895  va_f1=0.5529  va_acc=0.5565  lr=7.70e-05
  ✓ New best val F1=0.5529 — saved /home3/iasarantsev/multimodal/weights/late_fusion_video_best.pth
[video] Epoch  17/50  tr_loss=0.4631  tr_f1=0.8250  va_loss=1.1049  va_f1=0.5441  va_acc=0.5484  lr=7.43e-05
  ✗ No improvement vs prev epoch (1/10)
[video] Epoch  18/50  tr_loss=0.4759  tr_f1=0.7995  va_loss=1.0855  va_f1=0.5454  va_acc=0.5484  lr=7.16e-05
[video] Epoch  19/50  tr_loss=0.4641  tr_f1=0.8161  va_loss=1.0533  va_f1=0.5454  va_acc=0.5484  lr=6.87e-05
  ✗ No improvement vs prev epoch (1/10)
[video] Epoch  20/50  tr_loss=0.4631  tr_f1=0.8058  va_loss=1.0651  va_f1=0.5367  va_acc=0.5403  lr=6.58e-05
  ✗ No improvement vs prev epoch (2/10)
[video] Epoch  21/50  tr_loss=0.4502  tr_f1=0.8238  va_loss=1.0755  va_f1=0.5441  va_acc=0.5484  lr=6.28e-05
[video] Epoch  22/50  tr_loss=0.4569  tr_f1=0.8329  va_loss=1.0754  va_f1=0.5529  va_acc=0.5565  lr=5.98e-05
[video] Epoch  23/50  tr_loss=0.4460  tr_f1=0.8367  va_loss=1.0953  va_f1=0.5529  va_acc=0.5565  lr=5.67e-05
  ✗ No improvement vs prev epoch (1/10)
[video] Epoch  24/50  tr_loss=0.4371  tr_f1=0.8506  va_loss=1.1019  va_f1=0.5617  va_acc=0.5645  lr=5.36e-05
  ✓ New best val F1=0.5617 — saved /home3/iasarantsev/multimodal/weights/late_fusion_video_best.pth
[video] Epoch  25/50  tr_loss=0.4430  tr_f1=0.8442  va_loss=1.1152  va_f1=0.5541  va_acc=0.5565  lr=5.05e-05
  ✗ No improvement vs prev epoch (1/10)
[video] Epoch  26/50  tr_loss=0.4337  tr_f1=0.8522  va_loss=1.1124  va_f1=0.5617  va_acc=0.5645  lr=4.74e-05
[video] Epoch  27/50  tr_loss=0.4348  tr_f1=0.8392  va_loss=1.1303  va_f1=0.5617  va_acc=0.5645  lr=4.43e-05
  ✗ No improvement vs prev epoch (1/10)
[video] Epoch  28/50  tr_loss=0.4506  tr_f1=0.8249  va_loss=1.1169  va_f1=0.5529  va_acc=0.5565  lr=4.12e-05
  ✗ No improvement vs prev epoch (2/10)
[video] Epoch  29/50  tr_loss=0.4481  tr_f1=0.8342  va_loss=1.1159  va_f1=0.5529  va_acc=0.5565  lr=3.82e-05
  ✗ No improvement vs prev epoch (3/10)
[video] Epoch  30/50  tr_loss=0.4321  tr_f1=0.8509  va_loss=1.1167  va_f1=0.5529  va_acc=0.5565  lr=3.52e-05
  ✗ No improvement vs prev epoch (4/10)
[video] Epoch  31/50  tr_loss=0.4364  tr_f1=0.8483  va_loss=1.1263  va_f1=0.5617  va_acc=0.5645  lr=3.23e-05
[video] Epoch  32/50  tr_loss=0.4318  tr_f1=0.8406  va_loss=1.1525  va_f1=0.5617  va_acc=0.5645  lr=2.94e-05
  ✗ No improvement vs prev epoch (1/10)
[video] Epoch  33/50  tr_loss=0.4148  tr_f1=0.8727  va_loss=1.1505  va_f1=0.5617  va_acc=0.5645  lr=2.67e-05
  ✗ No improvement vs prev epoch (2/10)
[video] Epoch  34/50  tr_loss=0.4478  tr_f1=0.8449  va_loss=1.1487  va_f1=0.5617  va_acc=0.5645  lr=2.40e-05
  ✗ No improvement vs prev epoch (3/10)
[video] Epoch  35/50  tr_loss=0.4310  tr_f1=0.8559  va_loss=1.1360  va_f1=0.5529  va_acc=0.5565  lr=2.14e-05
  ✗ No improvement vs prev epoch (4/10)
[video] Epoch  36/50  tr_loss=0.4409  tr_f1=0.8323  va_loss=1.1253  va_f1=0.5529  va_acc=0.5565  lr=1.89e-05
  ✗ No improvement vs prev epoch (5/10)
[video] Epoch  37/50  tr_loss=0.4453  tr_f1=0.8341  va_loss=1.1244  va_f1=0.5529  va_acc=0.5565  lr=1.66e-05
  ✗ No improvement vs prev epoch (6/10)
[video] Epoch  38/50  tr_loss=0.4374  tr_f1=0.8390  va_loss=1.1144  va_f1=0.5529  va_acc=0.5565  lr=1.44e-05
  ✗ No improvement vs prev epoch (7/10)
[video] Epoch  39/50  tr_loss=0.4174  tr_f1=0.8608  va_loss=1.1166  va_f1=0.5529  va_acc=0.5565  lr=1.24e-05
  ✗ No improvement vs prev epoch (8/10)
[video] Epoch  40/50  tr_loss=0.4318  tr_f1=0.8545  va_loss=1.1147  va_f1=0.5529  va_acc=0.5565  lr=1.05e-05
  ✗ No improvement vs prev epoch (9/10)
[video] Epoch  41/50  tr_loss=0.4452  tr_f1=0.8426  va_loss=1.1149  va_f1=0.5529  va_acc=0.5565  lr=8.71e-06
  ✗ No improvement vs prev epoch (10/10)
  ⛔ Early stopping at epoch 41 (best val F1=0.5617)
[video] Trained in 1.2 min — best val F1=0.5617
Training curves saved → /home3/iasarantsev/multimodal/weights/late_fusion_training_curves.png

======================================================================
Per-modality test scores (before fusion)
======================================================================

[text (test, view 0)] Macro-F1: 0.6920  |  Accuracy: 0.6971
[text (test, view 0)] Label dist : {1: 318, 0: 207}
[text (test, view 0)] Pred  dist : {0: 250, 1: 275}
              precision    recall  f1-score   support

      No A-H     0.5960    0.7198    0.6521       207
    With A-H     0.7891    0.6824    0.7319       318

    accuracy                         0.6971       525
   macro avg     0.6925    0.7011    0.6920       525
weighted avg     0.7130    0.6971    0.7004       525


[audio (test, view 0)] Macro-F1: 0.5797  |  Accuracy: 0.5905
[audio (test, view 0)] Label dist : {1: 318, 0: 207}
[audio (test, view 0)] Pred  dist : {0: 234, 1: 291}
              precision    recall  f1-score   support

      No A-H     0.4829    0.5459    0.5125       207
    With A-H     0.6770    0.6195    0.6470       318

    accuracy                         0.5905       525
   macro avg     0.5799    0.5827    0.5797       525
weighted avg     0.6005    0.5905    0.5939       525


[video (test, view 0)] Macro-F1: 0.5082  |  Accuracy: 0.5105
[video (test, view 0)] Label dist : {1: 318, 0: 207}
[video (test, view 0)] Pred  dist : {0: 282, 1: 243}
              precision    recall  f1-score   support

      No A-H     0.4113    0.5604    0.4744       207
    With A-H     0.6255    0.4780    0.5419       318

    accuracy                         0.5105       525
   macro avg     0.5184    0.5192    0.5082       525
weighted avg     0.5411    0.5105    0.5153       525


======================================================================
Temperature scaling (fit on val NLL)
======================================================================
  [text] T*=1.556  (T>1 ⇒ softening over-confident head)
  [audio] T*=5.000  (T>1 ⇒ softening over-confident head)
  [video] T*=5.000  (T>1 ⇒ softening over-confident head)

======================================================================
Late-fusion combiners — full set + leave-out subsets
======================================================================

── Subset: { text+audio+video } ──
  weighted-prob   best val weights = {'text': 0.4, 'audio': 0.0, 'video': 0.6}
  weighted-logit  best val weights = {'text': 0.4, 'audio': 0.0, 'video': 0.6}
  PSO-prob   best val weights = {'text': 0.6052336193368493, 'audio': 0.22707789933759834, 'video': 0.16768848132555242}  temps = {'text': 3.0099336266427823, 'audio': 3.7690686583917863, 'video': 2.1763530577861108}  val_f1=0.7136
  PSO-logit  best val weights = {'text': 0.7206154184789392, 'audio': 0.017179982920836563, 'video': 0.2622045986002243}  temps = {'text': 5.0, 'audio': 3.07302267455098, 'video': 3.8086836220515603}  val_f1=0.7069

── Subset: { text+audio } ──
  weighted-prob   best val weights = {'text': 0.8500000000000001, 'audio': 0.1499999999999999}
  weighted-logit  best val weights = {'text': 0.8500000000000001, 'audio': 0.1499999999999999}
  PSO-prob   best val weights = {'text': 0.8251438130070374, 'audio': 0.17485618699296257}  temps = {'text': 0.6511105254144731, 'audio': 2.225085160310396}  val_f1=0.6630
  PSO-logit  best val weights = {'text': 0.8251438130070374, 'audio': 0.17485618699296257}  temps = {'text': 0.6511105254144731, 'audio': 2.225085160310396}  val_f1=0.6630

── Subset: { text+video } ──
  weighted-prob   best val weights = {'text': 0.4, 'video': 0.6}
  weighted-logit  best val weights = {'text': 0.4, 'video': 0.6}
  PSO-prob   best val weights = {'text': 0.6488562677638986, 'video': 0.3511437322361014}  temps = {'text': 1.675312433308871, 'video': 2.4289381299721455}  val_f1=0.7146
  PSO-logit  best val weights = {'text': 0.6876653332509921, 'video': 0.31233466674900784}  temps = {'text': 2.5616270714812615, 'video': 2.5808582231839745}  val_f1=0.7069

========================================================================================================
Late-Fusion Summary  (macro-F1 / accuracy; V+T = val + test pooled)
========================================================================================================
Strategy                                      Val F1   Val acc   Test F1  Test acc    V+T F1   V+T acc
------------------------------------------------------------------------------------------------------
unimodal: text                                0.6630    0.6694    0.6920    0.6971    0.6865    0.6918
unimodal: audio                               0.5137    0.5403    0.5797    0.5905    0.5678    0.5809
unimodal: video                               0.5617    0.5645    0.5082    0.5105    0.5184    0.5208
[text+audio+video] mean (raw)                 0.6331    0.6371    0.6240    0.6286    0.6257    0.6302
[text+audio+video] mean (T-scaled)            0.6896    0.6935    0.6691    0.6743    0.6730    0.6780
[text+audio+video] logit-mean (raw)           0.6198    0.6210    0.6228    0.6267    0.6224    0.6256
[text+audio+video] logit-mean (T-scaled)      0.6896    0.6935    0.6673    0.6724    0.6716    0.6764
[text+audio+video] weighted (T-scaled, prob)    0.7069    0.7097    0.6574    0.6629    0.6670    0.6718
[text+audio+video] weighted (T-scaled, logit)    0.7069    0.7097    0.6613    0.6667    0.6701    0.6749
[text+audio+video] meta-LR (T-scaled)         0.6676    0.6694    0.6474    0.6514    0.6514    0.6549
[text+audio+video] PSO (prob)                 0.7136    0.7177    0.6666    0.6724    0.6756    0.6810
[text+audio+video] PSO (logit)                0.7069    0.7097    0.6578    0.6629    0.6672    0.6718
[text+audio] mean (raw)                       0.6242    0.6371    0.6819    0.6914    0.6709    0.6810
[text+audio] mean (T-scaled)                  0.6357    0.6452    0.7048    0.7105    0.6917    0.6980
[text+audio] logit-mean (raw)                 0.6242    0.6371    0.6819    0.6914    0.6709    0.6810
[text+audio] logit-mean (T-scaled)            0.6357    0.6452    0.7048    0.7105    0.6917    0.6980
[text+audio] weighted (T-scaled, prob)        0.6630    0.6694    0.6938    0.6990    0.6879    0.6934
[text+audio] weighted (T-scaled, logit)       0.6630    0.6694    0.6938    0.6990    0.6879    0.6934
[text+audio] meta-LR (T-scaled)               0.6657    0.6694    0.7006    0.7048    0.6939    0.6980
[text+audio] PSO (prob)                       0.6630    0.6694    0.6976    0.7029    0.6910    0.6965
[text+audio] PSO (logit)                      0.6630    0.6694    0.6976    0.7029    0.6910    0.6965
[text+video] mean (raw)                       0.6198    0.6210    0.6178    0.6210    0.6182    0.6210
[text+video] mean (T-scaled)                  0.7059    0.7097    0.6702    0.6762    0.6770    0.6826
[text+video] logit-mean (raw)                 0.6198    0.6210    0.6178    0.6210    0.6182    0.6210
[text+video] logit-mean (T-scaled)            0.7059    0.7097    0.6702    0.6762    0.6770    0.6826
[text+video] weighted (T-scaled, prob)        0.7069    0.7097    0.6574    0.6629    0.6670    0.6718
[text+video] weighted (T-scaled, logit)       0.7069    0.7097    0.6613    0.6667    0.6701    0.6749
[text+video] meta-LR (T-scaled)               0.6676    0.6694    0.6439    0.6476    0.6485    0.6518
[text+video] PSO (prob)                       0.7146    0.7177    0.6659    0.6724    0.6753    0.6810
[text+video] PSO (logit)                      0.7069    0.7097    0.6634    0.6686    0.6718    0.6764
========================================================================================================
Temperatures         : {'text': 1.5564102564102564, 'audio': 5.0, 'video': 5.0}
Per-modality weights : /home3/iasarantsev/multimodal/weights/late_fusion_<mod>_best.pth
Per-modality scalers : /home3/iasarantsev/multimodal/weights/late_fusion_<mod>_best.scaler.joblib
Meta + temps + ws    : /home3/iasarantsev/multimodal/weights/late_fusion_meta.joblib
Training curves      : /home3/iasarantsev/multimodal/weights/late_fusion_training_curves.png
