======================================================================
Multimodal Late-Fusion Training — cache-driven
======================================================================
Device              : cpu
Cache dir           : /home3/iasarantsev/multimodal/cache
Video backbone      : videomae
Audio backbone      : hubert
Active modalities   : ['text', 'audio', 'video']
Seed                : 42
Weights dir         : /home3/iasarantsev/multimodal/weights
======================================================================

[Cache] Loading multi-view embedding cache ...
[CachedFusionDataset] N=778  K_t=3  K_a=5  K_v=5  random_view=True
[CachedFusionDataset] N=124  K_t=1  K_a=1  K_v=1  random_view=False
[CachedFusionDataset] N=525  K_t=1  K_a=1  K_v=1  random_view=False
  [train]    778 videos  |  No A-H: 393  With A-H: 385  (49.5% positive)  |  K_t=3 K_a=5 K_v=5
  [val  ]    124 videos  |  No A-H: 49  With A-H: 75  (60.5% positive)  |  K_t=1 K_a=1 K_v=1
  [test ]    525 videos  |  No A-H: 207  With A-H: 318  (60.6% positive)  |  K_t=1 K_a=1 K_v=1

======================================================================
Training modality head: text
======================================================================

[text] input_dim=768  hidden_dims=[128]  dropout=0.3  input_dropout=0.0  lr=5.00e-05  weight_decay=0.05  epochs=50  patience=5
[text] Architecture:
ModalityMLP(
  (mlp): Sequential(
    (0): Linear(in_features=768, out_features=128, bias=True)
    (1): GELU(approximate='none')
    (2): Dropout(p=0.3, inplace=False)
    (3): Linear(in_features=128, out_features=2, bias=True)
  )
)
[text] Trainable params: 98,690
[text] Class counts — No A-H: 393  With A-H: 385

[text] Training MLP head ...
[text] Epoch   1/50  tr_loss=0.6293  tr_f1=0.6688  va_loss=0.6657  va_f1=0.5932  va_acc=0.6048  lr=5.00e-05
  ✓ New best val F1=0.5932 — saved /home3/iasarantsev/multimodal/weights/late_fusion_text_best.pth
[text] Epoch   2/50  tr_loss=0.6163  tr_f1=0.6782  va_loss=0.6440  va_f1=0.5990  va_acc=0.6210  lr=4.98e-05
  ✓ New best val F1=0.5990 — saved /home3/iasarantsev/multimodal/weights/late_fusion_text_best.pth
[text] Epoch   3/50  tr_loss=0.5965  tr_f1=0.6874  va_loss=0.6178  va_f1=0.6268  va_acc=0.6532  lr=4.96e-05
  ✓ New best val F1=0.6268 — saved /home3/iasarantsev/multimodal/weights/late_fusion_text_best.pth
[text] Epoch   4/50  tr_loss=0.5574  tr_f1=0.7330  va_loss=0.6288  va_f1=0.6314  va_acc=0.6452  lr=4.92e-05
  ✓ New best val F1=0.6314 — saved /home3/iasarantsev/multimodal/weights/late_fusion_text_best.pth
[text] Epoch   5/50  tr_loss=0.5839  tr_f1=0.7262  va_loss=0.6336  va_f1=0.6170  va_acc=0.6290  lr=4.88e-05
  ✗ No improvement vs prev epoch (1/5)
[text] Epoch   6/50  tr_loss=0.5509  tr_f1=0.7480  va_loss=0.6427  va_f1=0.6026  va_acc=0.6129  lr=4.83e-05
  ✗ No improvement vs prev epoch (2/5)
[text] Epoch   7/50  tr_loss=0.5552  tr_f1=0.7481  va_loss=0.6417  va_f1=0.6301  va_acc=0.6371  lr=4.76e-05
[text] Epoch   8/50  tr_loss=0.5597  tr_f1=0.7236  va_loss=0.6198  va_f1=0.6314  va_acc=0.6452  lr=4.69e-05
[text] Epoch   9/50  tr_loss=0.5266  tr_f1=0.7722  va_loss=0.6420  va_f1=0.6406  va_acc=0.6452  lr=4.61e-05
  ✓ New best val F1=0.6406 — saved /home3/iasarantsev/multimodal/weights/late_fusion_text_best.pth
[text] Epoch  10/50  tr_loss=0.5418  tr_f1=0.7524  va_loss=0.6309  va_f1=0.6375  va_acc=0.6452  lr=4.53e-05
  ✗ No improvement vs prev epoch (1/5)
[text] Epoch  11/50  tr_loss=0.5103  tr_f1=0.7832  va_loss=0.6378  va_f1=0.6210  va_acc=0.6290  lr=4.43e-05
  ✗ No improvement vs prev epoch (2/5)
[text] Epoch  12/50  tr_loss=0.5261  tr_f1=0.7673  va_loss=0.6392  va_f1=0.6392  va_acc=0.6452  lr=4.33e-05
[text] Epoch  13/50  tr_loss=0.5335  tr_f1=0.7543  va_loss=0.6345  va_f1=0.6392  va_acc=0.6452  lr=4.22e-05
  ✗ No improvement vs prev epoch (1/5)
[text] Epoch  14/50  tr_loss=0.5405  tr_f1=0.7514  va_loss=0.6270  va_f1=0.6392  va_acc=0.6452  lr=4.10e-05
  ✗ No improvement vs prev epoch (2/5)
[text] Epoch  15/50  tr_loss=0.5170  tr_f1=0.7711  va_loss=0.6461  va_f1=0.6481  va_acc=0.6532  lr=3.98e-05
  ✓ New best val F1=0.6481 — saved /home3/iasarantsev/multimodal/weights/late_fusion_text_best.pth
[text] Epoch  16/50  tr_loss=0.5204  tr_f1=0.7840  va_loss=0.6539  va_f1=0.6418  va_acc=0.6452  lr=3.85e-05
  ✗ No improvement vs prev epoch (1/5)
[text] Epoch  17/50  tr_loss=0.5146  tr_f1=0.7711  va_loss=0.6347  va_f1=0.6540  va_acc=0.6613  lr=3.72e-05
  ✓ New best val F1=0.6540 — saved /home3/iasarantsev/multimodal/weights/late_fusion_text_best.pth
[text] Epoch  18/50  tr_loss=0.5566  tr_f1=0.7325  va_loss=0.6459  va_f1=0.6180  va_acc=0.6210  lr=3.58e-05
  ✗ No improvement vs prev epoch (1/5)
[text] Epoch  19/50  tr_loss=0.4899  tr_f1=0.8084  va_loss=0.6426  va_f1=0.6481  va_acc=0.6532  lr=3.44e-05
[text] Epoch  20/50  tr_loss=0.5223  tr_f1=0.7686  va_loss=0.6263  va_f1=0.6357  va_acc=0.6452  lr=3.29e-05
  ✗ No improvement vs prev epoch (1/5)
[text] Epoch  21/50  tr_loss=0.5067  tr_f1=0.7826  va_loss=0.6339  va_f1=0.6392  va_acc=0.6452  lr=3.14e-05
[text] Epoch  22/50  tr_loss=0.4986  tr_f1=0.7840  va_loss=0.6361  va_f1=0.6137  va_acc=0.6210  lr=2.99e-05
  ✗ No improvement vs prev epoch (1/5)
[text] Epoch  23/50  tr_loss=0.5042  tr_f1=0.7852  va_loss=0.6377  va_f1=0.6137  va_acc=0.6210  lr=2.84e-05
  ✗ No improvement vs prev epoch (2/5)
[text] Epoch  24/50  tr_loss=0.5071  tr_f1=0.7891  va_loss=0.6316  va_f1=0.6137  va_acc=0.6210  lr=2.68e-05
  ✗ No improvement vs prev epoch (3/5)
[text] Epoch  25/50  tr_loss=0.4985  tr_f1=0.7892  va_loss=0.6486  va_f1=0.6352  va_acc=0.6371  lr=2.52e-05
[text] Epoch  26/50  tr_loss=0.4822  tr_f1=0.8033  va_loss=0.6573  va_f1=0.6275  va_acc=0.6290  lr=2.37e-05
  ✗ No improvement vs prev epoch (1/5)
[text] Epoch  27/50  tr_loss=0.5065  tr_f1=0.7750  va_loss=0.6439  va_f1=0.6505  va_acc=0.6532  lr=2.21e-05
[text] Epoch  28/50  tr_loss=0.5082  tr_f1=0.7772  va_loss=0.6517  va_f1=0.6275  va_acc=0.6290  lr=2.06e-05
  ✗ No improvement vs prev epoch (1/5)
[text] Epoch  29/50  tr_loss=0.4786  tr_f1=0.8000  va_loss=0.6471  va_f1=0.6505  va_acc=0.6532  lr=1.91e-05
[text] Epoch  30/50  tr_loss=0.4772  tr_f1=0.8148  va_loss=0.6512  va_f1=0.6275  va_acc=0.6290  lr=1.76e-05
  ✗ No improvement vs prev epoch (1/5)
[text] Epoch  31/50  tr_loss=0.5062  tr_f1=0.7857  va_loss=0.6518  va_f1=0.6352  va_acc=0.6371  lr=1.61e-05
[text] Epoch  32/50  tr_loss=0.5028  tr_f1=0.7839  va_loss=0.6423  va_f1=0.6352  va_acc=0.6371  lr=1.47e-05
  ✗ No improvement vs prev epoch (1/5)
[text] Epoch  33/50  tr_loss=0.4723  tr_f1=0.8224  va_loss=0.6463  va_f1=0.6352  va_acc=0.6371  lr=1.33e-05
  ✗ No improvement vs prev epoch (2/5)
[text] Epoch  34/50  tr_loss=0.4885  tr_f1=0.7826  va_loss=0.6505  va_f1=0.6352  va_acc=0.6371  lr=1.20e-05
  ✗ No improvement vs prev epoch (3/5)
[text] Epoch  35/50  tr_loss=0.4713  tr_f1=0.8110  va_loss=0.6542  va_f1=0.6352  va_acc=0.6371  lr=1.07e-05
  ✗ No improvement vs prev epoch (4/5)
[text] Epoch  36/50  tr_loss=0.4897  tr_f1=0.8006  va_loss=0.6473  va_f1=0.6266  va_acc=0.6290  lr=9.47e-06
  ✗ No improvement vs prev epoch (5/5)
  ⛔ Early stopping at epoch 36 (best val F1=0.6540)
[text] Trained in 0.1 min — best val F1=0.6540

======================================================================
Training modality head: audio
======================================================================

[audio] input_dim=256  hidden_dims=[256, 128]  dropout=0.2  input_dropout=0.0  lr=1.00e-04  weight_decay=0.01  epochs=50  patience=5
[audio] Architecture:
ModalityMLP(
  (mlp): Sequential(
    (0): Linear(in_features=256, out_features=256, bias=True)
    (1): GELU(approximate='none')
    (2): Dropout(p=0.2, inplace=False)
    (3): Linear(in_features=256, out_features=128, bias=True)
    (4): GELU(approximate='none')
    (5): Dropout(p=0.2, inplace=False)
    (6): Linear(in_features=128, out_features=2, bias=True)
  )
)
[audio] Trainable params: 98,946
[audio] Class counts — No A-H: 393  With A-H: 385

[audio] Training MLP head ...
[audio] Epoch   1/50  tr_loss=0.6711  tr_f1=0.5914  va_loss=0.7154  va_f1=0.4601  va_acc=0.4839  lr=9.99e-05
  ✓ New best val F1=0.4601 — saved /home3/iasarantsev/multimodal/weights/late_fusion_audio_best.pth
[audio] Epoch   2/50  tr_loss=0.6577  tr_f1=0.6150  va_loss=0.7175  va_f1=0.4860  va_acc=0.5161  lr=9.96e-05
  ✓ New best val F1=0.4860 — saved /home3/iasarantsev/multimodal/weights/late_fusion_audio_best.pth
[audio] Epoch   3/50  tr_loss=0.6476  tr_f1=0.6295  va_loss=0.7086  va_f1=0.5291  va_acc=0.5645  lr=9.91e-05
  ✓ New best val F1=0.5291 — saved /home3/iasarantsev/multimodal/weights/late_fusion_audio_best.pth
[audio] Epoch   4/50  tr_loss=0.6429  tr_f1=0.6544  va_loss=0.7024  va_f1=0.5244  va_acc=0.5645  lr=9.84e-05
  ✗ No improvement vs prev epoch (1/5)
[audio] Epoch   5/50  tr_loss=0.6405  tr_f1=0.6888  va_loss=0.7187  va_f1=0.5545  va_acc=0.5726  lr=9.76e-05
  ✓ New best val F1=0.5545 — saved /home3/iasarantsev/multimodal/weights/late_fusion_audio_best.pth
[audio] Epoch   6/50  tr_loss=0.6427  tr_f1=0.6425  va_loss=0.7245  va_f1=0.5445  va_acc=0.5645  lr=9.65e-05
  ✗ No improvement vs prev epoch (1/5)
[audio] Epoch   7/50  tr_loss=0.6391  tr_f1=0.6437  va_loss=0.7175  va_f1=0.5117  va_acc=0.5484  lr=9.53e-05
  ✗ No improvement vs prev epoch (2/5)
[audio] Epoch   8/50  tr_loss=0.6331  tr_f1=0.6502  va_loss=0.7242  va_f1=0.5267  va_acc=0.5403  lr=9.39e-05
[audio] Epoch   9/50  tr_loss=0.6167  tr_f1=0.6888  va_loss=0.7334  va_f1=0.5400  va_acc=0.5726  lr=9.23e-05
[audio] Epoch  10/50  tr_loss=0.6213  tr_f1=0.6619  va_loss=0.7316  va_f1=0.4989  va_acc=0.5323  lr=9.05e-05
  ✗ No improvement vs prev epoch (1/5)
[audio] Epoch  11/50  tr_loss=0.6133  tr_f1=0.6774  va_loss=0.7308  va_f1=0.5097  va_acc=0.5403  lr=8.86e-05
[audio] Epoch  12/50  tr_loss=0.6034  tr_f1=0.6902  va_loss=0.7217  va_f1=0.5267  va_acc=0.5403  lr=8.66e-05
[audio] Epoch  13/50  tr_loss=0.5900  tr_f1=0.7079  va_loss=0.7616  va_f1=0.5479  va_acc=0.5726  lr=8.44e-05
[audio] Epoch  14/50  tr_loss=0.5845  tr_f1=0.6990  va_loss=0.7457  va_f1=0.5545  va_acc=0.5726  lr=8.21e-05
[audio] Epoch  15/50  tr_loss=0.5988  tr_f1=0.6923  va_loss=0.7232  va_f1=0.5276  va_acc=0.5484  lr=7.96e-05
  ✗ No improvement vs prev epoch (1/5)
[audio] Epoch  16/50  tr_loss=0.5777  tr_f1=0.7172  va_loss=0.7369  va_f1=0.5239  va_acc=0.5403  lr=7.70e-05
  ✗ No improvement vs prev epoch (2/5)
[audio] Epoch  17/50  tr_loss=0.5826  tr_f1=0.7108  va_loss=0.7415  va_f1=0.5308  va_acc=0.5484  lr=7.43e-05
[audio] Epoch  18/50  tr_loss=0.5736  tr_f1=0.7173  va_loss=0.7147  va_f1=0.5400  va_acc=0.5726  lr=7.16e-05
[audio] Epoch  19/50  tr_loss=0.5597  tr_f1=0.7258  va_loss=0.7243  va_f1=0.5141  va_acc=0.5323  lr=6.87e-05
  ✗ No improvement vs prev epoch (1/5)
[audio] Epoch  20/50  tr_loss=0.5701  tr_f1=0.7130  va_loss=0.7439  va_f1=0.5141  va_acc=0.5323  lr=6.58e-05
  ✗ No improvement vs prev epoch (2/5)
[audio] Epoch  21/50  tr_loss=0.5637  tr_f1=0.7205  va_loss=0.7551  va_f1=0.5507  va_acc=0.5806  lr=6.28e-05
[audio] Epoch  22/50  tr_loss=0.5764  tr_f1=0.6869  va_loss=0.7598  va_f1=0.5171  va_acc=0.5323  lr=5.98e-05
  ✗ No improvement vs prev epoch (1/5)
[audio] Epoch  23/50  tr_loss=0.5410  tr_f1=0.7413  va_loss=0.7661  va_f1=0.5441  va_acc=0.5726  lr=5.67e-05
[audio] Epoch  24/50  tr_loss=0.5679  tr_f1=0.7266  va_loss=0.7810  va_f1=0.5441  va_acc=0.5726  lr=5.36e-05
  ✗ No improvement vs prev epoch (1/5)
[audio] Epoch  25/50  tr_loss=0.5673  tr_f1=0.7480  va_loss=0.7451  va_f1=0.5308  va_acc=0.5484  lr=5.05e-05
  ✗ No improvement vs prev epoch (2/5)
[audio] Epoch  26/50  tr_loss=0.5349  tr_f1=0.7684  va_loss=0.7540  va_f1=0.5334  va_acc=0.5645  lr=4.74e-05
[audio] Epoch  27/50  tr_loss=0.5477  tr_f1=0.7416  va_loss=0.7344  va_f1=0.5276  va_acc=0.5484  lr=4.43e-05
  ✗ No improvement vs prev epoch (1/5)
[audio] Epoch  28/50  tr_loss=0.5612  tr_f1=0.7325  va_loss=0.7381  va_f1=0.5101  va_acc=0.5242  lr=4.12e-05
  ✗ No improvement vs prev epoch (2/5)
[audio] Epoch  29/50  tr_loss=0.5391  tr_f1=0.7519  va_loss=0.7571  va_f1=0.5101  va_acc=0.5242  lr=3.82e-05
  ✗ No improvement vs prev epoch (3/5)
[audio] Epoch  30/50  tr_loss=0.5236  tr_f1=0.7905  va_loss=0.7517  va_f1=0.5308  va_acc=0.5484  lr=3.52e-05
[audio] Epoch  31/50  tr_loss=0.5261  tr_f1=0.7736  va_loss=0.7584  va_f1=0.5308  va_acc=0.5484  lr=3.23e-05
  ✗ No improvement vs prev epoch (1/5)
[audio] Epoch  32/50  tr_loss=0.5209  tr_f1=0.7922  va_loss=0.7405  va_f1=0.5141  va_acc=0.5323  lr=2.94e-05
  ✗ No improvement vs prev epoch (2/5)
[audio] Epoch  33/50  tr_loss=0.5286  tr_f1=0.7699  va_loss=0.7456  va_f1=0.5171  va_acc=0.5323  lr=2.67e-05
[audio] Epoch  34/50  tr_loss=0.5215  tr_f1=0.7706  va_loss=0.7655  va_f1=0.5174  va_acc=0.5403  lr=2.40e-05
[audio] Epoch  35/50  tr_loss=0.5115  tr_f1=0.7899  va_loss=0.7563  va_f1=0.5040  va_acc=0.5242  lr=2.14e-05
  ✗ No improvement vs prev epoch (1/5)
[audio] Epoch  36/50  tr_loss=0.5152  tr_f1=0.7738  va_loss=0.7448  va_f1=0.5040  va_acc=0.5242  lr=1.89e-05
  ✗ No improvement vs prev epoch (2/5)
[audio] Epoch  37/50  tr_loss=0.4985  tr_f1=0.7943  va_loss=0.7567  va_f1=0.4939  va_acc=0.5161  lr=1.66e-05
  ✗ No improvement vs prev epoch (3/5)
[audio] Epoch  38/50  tr_loss=0.5158  tr_f1=0.7647  va_loss=0.7529  va_f1=0.5071  va_acc=0.5323  lr=1.44e-05
[audio] Epoch  39/50  tr_loss=0.5085  tr_f1=0.7774  va_loss=0.7515  va_f1=0.5141  va_acc=0.5323  lr=1.24e-05
[audio] Epoch  40/50  tr_loss=0.4933  tr_f1=0.8149  va_loss=0.7633  va_f1=0.5072  va_acc=0.5242  lr=1.05e-05
  ✗ No improvement vs prev epoch (1/5)
[audio] Epoch  41/50  tr_loss=0.5036  tr_f1=0.8083  va_loss=0.7603  va_f1=0.4973  va_acc=0.5161  lr=8.71e-06
  ✗ No improvement vs prev epoch (2/5)
[audio] Epoch  42/50  tr_loss=0.5029  tr_f1=0.7902  va_loss=0.7572  va_f1=0.5107  va_acc=0.5323  lr=7.12e-06
[audio] Epoch  43/50  tr_loss=0.5259  tr_f1=0.7699  va_loss=0.7508  va_f1=0.5141  va_acc=0.5323  lr=5.71e-06
[audio] Epoch  44/50  tr_loss=0.5054  tr_f1=0.7905  va_loss=0.7513  va_f1=0.5141  va_acc=0.5323  lr=4.48e-06
  ✗ No improvement vs prev epoch (1/5)
[audio] Epoch  45/50  tr_loss=0.5054  tr_f1=0.8002  va_loss=0.7506  va_f1=0.5141  va_acc=0.5323  lr=3.42e-06
  ✗ No improvement vs prev epoch (2/5)
[audio] Epoch  46/50  tr_loss=0.4934  tr_f1=0.8238  va_loss=0.7528  va_f1=0.5141  va_acc=0.5323  lr=2.56e-06
  ✗ No improvement vs prev epoch (3/5)
[audio] Epoch  47/50  tr_loss=0.4936  tr_f1=0.8020  va_loss=0.7560  va_f1=0.5141  va_acc=0.5323  lr=1.88e-06
  ✗ No improvement vs prev epoch (4/5)
[audio] Epoch  48/50  tr_loss=0.5200  tr_f1=0.7622  va_loss=0.7558  va_f1=0.5141  va_acc=0.5323  lr=1.39e-06
  ✗ No improvement vs prev epoch (5/5)
  ⛔ Early stopping at epoch 48 (best val F1=0.5545)
[audio] Trained in 0.3 min — best val F1=0.5545

======================================================================
Training modality head: video
======================================================================

[video] input_dim=768  hidden_dims=[128]  dropout=0.3  input_dropout=0.0  lr=5.00e-05  weight_decay=0.03  epochs=50  patience=10
[video] Architecture:
ModalityMLP(
  (mlp): Sequential(
    (0): Linear(in_features=768, out_features=128, bias=True)
    (1): GELU(approximate='none')
    (2): Dropout(p=0.3, inplace=False)
    (3): Linear(in_features=128, out_features=2, bias=True)
  )
)
[video] Trainable params: 98,690
[video] Class counts — No A-H: 393  With A-H: 385

[video] Training MLP head ...
[video] Epoch   1/50  tr_loss=0.6163  tr_f1=0.6659  va_loss=0.7900  va_f1=0.5458  va_acc=0.5565  lr=5.00e-05
  ✓ New best val F1=0.5458 — saved /home3/iasarantsev/multimodal/weights/late_fusion_video_best.pth
[video] Epoch   2/50  tr_loss=0.5557  tr_f1=0.7485  va_loss=0.8564  va_f1=0.5574  va_acc=0.5726  lr=4.98e-05
  ✓ New best val F1=0.5574 — saved /home3/iasarantsev/multimodal/weights/late_fusion_video_best.pth
[video] Epoch   3/50  tr_loss=0.5469  tr_f1=0.7569  va_loss=0.9111  va_f1=0.5670  va_acc=0.5806  lr=4.96e-05
  ✓ New best val F1=0.5670 — saved /home3/iasarantsev/multimodal/weights/late_fusion_video_best.pth
[video] Epoch   4/50  tr_loss=0.5279  tr_f1=0.7630  va_loss=0.9892  va_f1=0.5407  va_acc=0.5484  lr=4.92e-05
  ✗ No improvement vs prev epoch (1/10)
[video] Epoch   5/50  tr_loss=0.5324  tr_f1=0.7515  va_loss=0.9851  va_f1=0.5480  va_acc=0.5565  lr=4.88e-05
[video] Epoch   6/50  tr_loss=0.5246  tr_f1=0.7673  va_loss=0.9965  va_f1=0.5480  va_acc=0.5565  lr=4.83e-05
  ✗ No improvement vs prev epoch (1/10)
[video] Epoch   7/50  tr_loss=0.5222  tr_f1=0.7615  va_loss=0.9870  va_f1=0.5458  va_acc=0.5565  lr=4.76e-05
  ✗ No improvement vs prev epoch (2/10)
[video] Epoch   8/50  tr_loss=0.4862  tr_f1=0.8008  va_loss=0.9928  va_f1=0.5529  va_acc=0.5645  lr=4.69e-05
[video] Epoch   9/50  tr_loss=0.4849  tr_f1=0.8007  va_loss=1.0166  va_f1=0.5504  va_acc=0.5645  lr=4.61e-05
  ✗ No improvement vs prev epoch (1/10)
[video] Epoch  10/50  tr_loss=0.5013  tr_f1=0.7789  va_loss=1.0340  va_f1=0.5600  va_acc=0.5726  lr=4.53e-05
[video] Epoch  11/50  tr_loss=0.4988  tr_f1=0.8014  va_loss=1.0591  va_f1=0.5426  va_acc=0.5484  lr=4.43e-05
  ✗ No improvement vs prev epoch (1/10)
[video] Epoch  12/50  tr_loss=0.4771  tr_f1=0.8006  va_loss=1.0683  va_f1=0.5426  va_acc=0.5484  lr=4.33e-05
  ✗ No improvement vs prev epoch (2/10)
[video] Epoch  13/50  tr_loss=0.4632  tr_f1=0.8252  va_loss=1.1287  va_f1=0.5352  va_acc=0.5403  lr=4.22e-05
  ✗ No improvement vs prev epoch (3/10)
[video] Epoch  14/50  tr_loss=0.4606  tr_f1=0.8316  va_loss=1.1341  va_f1=0.5278  va_acc=0.5323  lr=4.10e-05
  ✗ No improvement vs prev epoch (4/10)
[video] Epoch  15/50  tr_loss=0.4573  tr_f1=0.8213  va_loss=1.1230  va_f1=0.5367  va_acc=0.5403  lr=3.98e-05
[video] Epoch  16/50  tr_loss=0.4652  tr_f1=0.8265  va_loss=1.1021  va_f1=0.5441  va_acc=0.5484  lr=3.85e-05
[video] Epoch  17/50  tr_loss=0.4301  tr_f1=0.8507  va_loss=1.1372  va_f1=0.5352  va_acc=0.5403  lr=3.72e-05
  ✗ No improvement vs prev epoch (1/10)
[video] Epoch  18/50  tr_loss=0.4624  tr_f1=0.8316  va_loss=1.1245  va_f1=0.5426  va_acc=0.5484  lr=3.58e-05
[video] Epoch  19/50  tr_loss=0.4580  tr_f1=0.8316  va_loss=1.1528  va_f1=0.5292  va_acc=0.5323  lr=3.44e-05
  ✗ No improvement vs prev epoch (1/10)
[video] Epoch  20/50  tr_loss=0.4414  tr_f1=0.8261  va_loss=1.1539  va_f1=0.5454  va_acc=0.5484  lr=3.29e-05
[video] Epoch  21/50  tr_loss=0.4482  tr_f1=0.8351  va_loss=1.1444  va_f1=0.5441  va_acc=0.5484  lr=3.14e-05
  ✗ No improvement vs prev epoch (1/10)
[video] Epoch  22/50  tr_loss=0.4382  tr_f1=0.8261  va_loss=1.1436  va_f1=0.5529  va_acc=0.5565  lr=2.99e-05
[video] Epoch  23/50  tr_loss=0.4447  tr_f1=0.8380  va_loss=1.1284  va_f1=0.5604  va_acc=0.5645  lr=2.84e-05
[video] Epoch  24/50  tr_loss=0.4695  tr_f1=0.8021  va_loss=1.1039  va_f1=0.5604  va_acc=0.5645  lr=2.68e-05
  ✗ No improvement vs prev epoch (1/10)
[video] Epoch  25/50  tr_loss=0.4315  tr_f1=0.8560  va_loss=1.1451  va_f1=0.5604  va_acc=0.5645  lr=2.52e-05
  ✗ No improvement vs prev epoch (2/10)
[video] Epoch  26/50  tr_loss=0.4454  tr_f1=0.8316  va_loss=1.1233  va_f1=0.5678  va_acc=0.5726  lr=2.37e-05
  ✓ New best val F1=0.5678 — saved /home3/iasarantsev/multimodal/weights/late_fusion_video_best.pth
[video] Epoch  27/50  tr_loss=0.4296  tr_f1=0.8427  va_loss=1.0999  va_f1=0.5678  va_acc=0.5726  lr=2.21e-05
  ✗ No improvement vs prev epoch (1/10)
[video] Epoch  28/50  tr_loss=0.4316  tr_f1=0.8428  va_loss=1.1018  va_f1=0.5678  va_acc=0.5726  lr=2.06e-05
  ✗ No improvement vs prev epoch (2/10)
[video] Epoch  29/50  tr_loss=0.4354  tr_f1=0.8532  va_loss=1.1166  va_f1=0.5678  va_acc=0.5726  lr=1.91e-05
  ✗ No improvement vs prev epoch (3/10)
[video] Epoch  30/50  tr_loss=0.4237  tr_f1=0.8535  va_loss=1.1284  va_f1=0.5692  va_acc=0.5726  lr=1.76e-05
  ✓ New best val F1=0.5692 — saved /home3/iasarantsev/multimodal/weights/late_fusion_video_best.pth
[video] Epoch  31/50  tr_loss=0.4277  tr_f1=0.8650  va_loss=1.1453  va_f1=0.5692  va_acc=0.5726  lr=1.61e-05
  ✗ No improvement vs prev epoch (1/10)
[video] Epoch  32/50  tr_loss=0.4504  tr_f1=0.8353  va_loss=1.1515  va_f1=0.5617  va_acc=0.5645  lr=1.47e-05
  ✗ No improvement vs prev epoch (2/10)
[video] Epoch  33/50  tr_loss=0.4346  tr_f1=0.8457  va_loss=1.1769  va_f1=0.5617  va_acc=0.5645  lr=1.33e-05
  ✗ No improvement vs prev epoch (3/10)
[video] Epoch  34/50  tr_loss=0.4298  tr_f1=0.8522  va_loss=1.1801  va_f1=0.5617  va_acc=0.5645  lr=1.20e-05
  ✗ No improvement vs prev epoch (4/10)
[video] Epoch  35/50  tr_loss=0.4285  tr_f1=0.8482  va_loss=1.1765  va_f1=0.5617  va_acc=0.5645  lr=1.07e-05
  ✗ No improvement vs prev epoch (5/10)
[video] Epoch  36/50  tr_loss=0.4227  tr_f1=0.8519  va_loss=1.1834  va_f1=0.5703  va_acc=0.5726  lr=9.47e-06
  ✓ New best val F1=0.5703 — saved /home3/iasarantsev/multimodal/weights/late_fusion_video_best.pth
[video] Epoch  37/50  tr_loss=0.4255  tr_f1=0.8612  va_loss=1.1926  va_f1=0.5541  va_acc=0.5565  lr=8.31e-06
  ✗ No improvement vs prev epoch (1/10)
[video] Epoch  38/50  tr_loss=0.4147  tr_f1=0.8676  va_loss=1.1921  va_f1=0.5541  va_acc=0.5565  lr=7.21e-06
  ✗ No improvement vs prev epoch (2/10)
[video] Epoch  39/50  tr_loss=0.4214  tr_f1=0.8547  va_loss=1.1918  va_f1=0.5627  va_acc=0.5645  lr=6.18e-06
[video] Epoch  40/50  tr_loss=0.4144  tr_f1=0.8586  va_loss=1.1912  va_f1=0.5627  va_acc=0.5645  lr=5.23e-06
  ✗ No improvement vs prev epoch (1/10)
[video] Epoch  41/50  tr_loss=0.4169  tr_f1=0.8479  va_loss=1.1865  va_f1=0.5541  va_acc=0.5565  lr=4.35e-06
  ✗ No improvement vs prev epoch (2/10)
[video] Epoch  42/50  tr_loss=0.4121  tr_f1=0.8610  va_loss=1.1850  va_f1=0.5541  va_acc=0.5565  lr=3.56e-06
  ✗ No improvement vs prev epoch (3/10)
[video] Epoch  43/50  tr_loss=0.4410  tr_f1=0.8364  va_loss=1.1814  va_f1=0.5541  va_acc=0.5565  lr=2.86e-06
  ✗ No improvement vs prev epoch (4/10)
[video] Epoch  44/50  tr_loss=0.4008  tr_f1=0.8711  va_loss=1.1795  va_f1=0.5541  va_acc=0.5565  lr=2.24e-06
  ✗ No improvement vs prev epoch (5/10)
[video] Epoch  45/50  tr_loss=0.4126  tr_f1=0.8534  va_loss=1.1744  va_f1=0.5627  va_acc=0.5645  lr=1.71e-06
[video] Epoch  46/50  tr_loss=0.4487  tr_f1=0.8354  va_loss=1.1714  va_f1=0.5627  va_acc=0.5645  lr=1.28e-06
  ✗ No improvement vs prev epoch (1/10)
[video] Epoch  47/50  tr_loss=0.4072  tr_f1=0.8714  va_loss=1.1716  va_f1=0.5627  va_acc=0.5645  lr=9.38e-07
  ✗ No improvement vs prev epoch (2/10)
[video] Epoch  48/50  tr_loss=0.4161  tr_f1=0.8713  va_loss=1.1738  va_f1=0.5627  va_acc=0.5645  lr=6.95e-07
  ✗ No improvement vs prev epoch (3/10)
[video] Epoch  49/50  tr_loss=0.4069  tr_f1=0.8805  va_loss=1.1745  va_f1=0.5627  va_acc=0.5645  lr=5.49e-07
  ✗ No improvement vs prev epoch (4/10)
[video] Epoch  50/50  tr_loss=0.4209  tr_f1=0.8569  va_loss=1.1751  va_f1=0.5541  va_acc=0.5565  lr=5.00e-07
  ✗ No improvement vs prev epoch (5/10)
[video] Trained in 0.1 min — best val F1=0.5703
Training curves saved → /home3/iasarantsev/multimodal/weights/late_fusion_training_curves.png

======================================================================
Per-modality test scores (before fusion)
======================================================================

[text (test, view 0)] Macro-F1: 0.6892  |  Accuracy: 0.6971
[text (test, view 0)] Label dist : {1: 318, 0: 207}
[text (test, view 0)] Pred  dist : {0: 234, 1: 291}
              precision    recall  f1-score   support

      No A-H     0.6026    0.6812    0.6395       207
    With A-H     0.7732    0.7075    0.7389       318

    accuracy                         0.6971       525
   macro avg     0.6879    0.6944    0.6892       525
weighted avg     0.7059    0.6971    0.6997       525


[audio (test, view 0)] Macro-F1: 0.5766  |  Accuracy: 0.5848
[audio (test, view 0)] Label dist : {1: 318, 0: 207}
[audio (test, view 0)] Pred  dist : {0: 245, 1: 280}
              precision    recall  f1-score   support

      No A-H     0.4776    0.5652    0.5177       207
    With A-H     0.6786    0.5975    0.6355       318

    accuracy                         0.5848       525
   macro avg     0.5781    0.5814    0.5766       525
weighted avg     0.5993    0.5848    0.5890       525


[video (test, view 0)] Macro-F1: 0.5179  |  Accuracy: 0.5200
[video (test, view 0)] Label dist : {1: 318, 0: 207}
[video (test, view 0)] Pred  dist : {0: 283, 1: 242}
              precision    recall  f1-score   support

      No A-H     0.4205    0.5749    0.4857       207
    With A-H     0.6364    0.4843    0.5500       318

    accuracy                         0.5200       525
   macro avg     0.5284    0.5296    0.5179       525
weighted avg     0.5512    0.5200    0.5247       525


======================================================================
Temperature scaling (fit on val NLL)
======================================================================
  [text] T*=1.556  (T>1 ⇒ softening over-confident head)
  [audio] T*=5.000  (T>1 ⇒ softening over-confident head)
  [video] T*=5.000  (T>1 ⇒ softening over-confident head)

======================================================================
Late-fusion combiners — full set + leave-out subsets
======================================================================

── Subset: { text+audio+video } ──
  weighted-prob   best val weights = {'text': 0.45, 'audio': 0.25, 'video': 0.30000000000000004}
  weighted-logit  best val weights = {'text': 0.45, 'audio': 0.25, 'video': 0.30000000000000004}
  PSO-prob   best val weights = {'text': 0.84245606767894, 'audio': 0.007188311228364239, 'video': 0.1503556210926957}  temps = {'text': 5.0, 'audio': 4.807952136590179, 'video': 3.301337269715974}  val_f1=0.7059
  PSO-logit  best val weights = {'text': 0.744955637314299, 'audio': 0.13396088817790203, 'video': 0.12108347450779894}  temps = {'text': 4.963783929265226, 'audio': 4.485467014710841, 'video': 3.805888092420509}  val_f1=0.7048

── Subset: { text+audio } ──
  weighted-prob   best val weights = {'text': 0.9500000000000001, 'audio': 0.04999999999999993}
  weighted-logit  best val weights = {'text': 0.9500000000000001, 'audio': 0.04999999999999993}
  PSO-prob   best val weights = {'text': 0.9123908544258946, 'audio': 0.08760914557410539}  temps = {'text': 0.6344496814305276, 'audio': 2.808176794029581}  val_f1=0.6540
  PSO-logit  best val weights = {'text': 0.9123908544258946, 'audio': 0.08760914557410539}  temps = {'text': 0.6344496814305276, 'audio': 2.808176794029581}  val_f1=0.6540

── Subset: { text+video } ──
  weighted-prob   best val weights = {'text': 0.55, 'video': 0.44999999999999996}
  weighted-logit  best val weights = {'text': 0.55, 'video': 0.44999999999999996}
  PSO-prob   best val weights = {'text': 0.8340002040414105, 'video': 0.16599979595858952}  temps = {'text': 4.565758280861133, 'video': 3.5736088856010606}  val_f1=0.7059
  PSO-logit  best val weights = {'text': 0.8340002040414105, 'video': 0.16599979595858952}  temps = {'text': 4.565758280861133, 'video': 3.5736088856010606}  val_f1=0.6983

========================================================================================================
Late-Fusion Summary  (macro-F1 / accuracy; V+T = val + test pooled)
========================================================================================================
Strategy                                      Val F1   Val acc   Test F1  Test acc    V+T F1   V+T acc
------------------------------------------------------------------------------------------------------
unimodal: text                                0.6540    0.6613    0.6892    0.6971    0.6824    0.6903
unimodal: audio                               0.5545    0.5726    0.5766    0.5848    0.5727    0.5824
unimodal: video                               0.5703    0.5726    0.5179    0.5200    0.5279    0.5300
[text+audio+video] mean (raw)                 0.6406    0.6452    0.6362    0.6400    0.6370    0.6410
[text+audio+video] mean (T-scaled)            0.6418    0.6452    0.6718    0.6800    0.6662    0.6733
[text+audio+video] logit-mean (raw)           0.6113    0.6129    0.6287    0.6324    0.6255    0.6287
[text+audio+video] logit-mean (T-scaled)      0.6505    0.6532    0.6718    0.6800    0.6679    0.6749
[text+audio+video] weighted (T-scaled, prob)    0.7048    0.7097    0.6874    0.6952    0.6908    0.6980
[text+audio+video] weighted (T-scaled, logit)    0.7048    0.7097    0.6814    0.6895    0.6859    0.6934
[text+audio+video] meta-LR (T-scaled)         0.6437    0.6452    0.6376    0.6419    0.6389    0.6425
[text+audio+video] PSO (prob)                 0.7059    0.7097    0.6819    0.6914    0.6867    0.6949
[text+audio+video] PSO (logit)                0.7048    0.7097    0.6810    0.6895    0.6856    0.6934
[text+audio] mean (raw)                       0.6288    0.6452    0.6888    0.6971    0.6776    0.6872
[text+audio] mean (T-scaled)                  0.6026    0.6129    0.6909    0.6990    0.6741    0.6826
[text+audio] logit-mean (raw)                 0.6288    0.6452    0.6888    0.6971    0.6776    0.6872
[text+audio] logit-mean (T-scaled)            0.6026    0.6129    0.6909    0.6990    0.6741    0.6826
[text+audio] weighted (T-scaled, prob)        0.6540    0.6613    0.6892    0.6971    0.6824    0.6903
[text+audio] weighted (T-scaled, logit)       0.6540    0.6613    0.6892    0.6971    0.6824    0.6903
[text+audio] meta-LR (T-scaled)               0.6481    0.6532    0.6892    0.6952    0.6814    0.6872
[text+audio] PSO (prob)                       0.6540    0.6613    0.6892    0.6971    0.6824    0.6903
[text+audio] PSO (logit)                      0.6540    0.6613    0.6892    0.6971    0.6824    0.6903
[text+video] mean (raw)                       0.6113    0.6129    0.6193    0.6229    0.6178    0.6210
[text+video] mean (T-scaled)                  0.6744    0.6774    0.6766    0.6857    0.6764    0.6841
[text+video] logit-mean (raw)                 0.6113    0.6129    0.6193    0.6229    0.6178    0.6210
[text+video] logit-mean (T-scaled)            0.6744    0.6774    0.6766    0.6857    0.6764    0.6841
[text+video] weighted (T-scaled, prob)        0.6983    0.7016    0.6770    0.6857    0.6813    0.6888
[text+video] weighted (T-scaled, logit)       0.6983    0.7016    0.6731    0.6819    0.6782    0.6857
[text+video] meta-LR (T-scaled)               0.6437    0.6452    0.6341    0.6381    0.6360    0.6394
[text+video] PSO (prob)                       0.7059    0.7097    0.6792    0.6876    0.6845    0.6918
[text+video] PSO (logit)                      0.6983    0.7016    0.6731    0.6819    0.6782    0.6857
========================================================================================================
Temperatures         : {'text': 1.5564102564102564, 'audio': 5.0, 'video': 5.0}
Per-modality weights : /home3/iasarantsev/multimodal/weights/late_fusion_<mod>_best.pth
Per-modality scalers : /home3/iasarantsev/multimodal/weights/late_fusion_<mod>_best.scaler.joblib
Meta + temps + ws    : /home3/iasarantsev/multimodal/weights/late_fusion_meta.joblib
Training curves      : /home3/iasarantsev/multimodal/weights/late_fusion_training_curves.png
