======================================================================
Multimodal Late-Fusion Training — cache-driven
======================================================================
Device              : cpu
Cache dir           : /home3/iasarantsev/multimodal/cache
Video backbone      : videomae
Active modalities   : ['text', 'audio', 'video']
Seed                : 42
Weights dir         : /home3/iasarantsev/multimodal/weights
======================================================================

[Cache] Loading multi-view embedding cache ...
[CachedFusionDataset] N=778  K_t=3  K_a=3  K_v=5  random_view=True
[CachedFusionDataset] N=124  K_t=1  K_a=1  K_v=1  random_view=False
[CachedFusionDataset] N=525  K_t=1  K_a=1  K_v=1  random_view=False
  [train]    778 videos  |  No A-H: 393  With A-H: 385  (49.5% positive)  |  K_t=3 K_a=3 K_v=5
  [val  ]    124 videos  |  No A-H: 49  With A-H: 75  (60.5% positive)  |  K_t=1 K_a=1 K_v=1
  [test ]    525 videos  |  No A-H: 207  With A-H: 318  (60.6% positive)  |  K_t=1 K_a=1 K_v=1

======================================================================
Training modality head: text
======================================================================

[text] input_dim=768  hidden_dims=[128]  dropout=0.3  input_dropout=0.0  lr=2.00e-05  weight_decay=0.02  epochs=50  patience=50
[text] Architecture:
ModalityMLP(
  (mlp): Sequential(
    (0): Linear(in_features=768, out_features=128, bias=True)
    (1): GELU(approximate='none')
    (2): Dropout(p=0.3, inplace=False)
    (3): Linear(in_features=128, out_features=2, bias=True)
  )
)
[text] Trainable params: 98,690
[text] Class counts — No A-H: 393  With A-H: 385

[text] Training MLP head ...
[text] Epoch   1/50  tr_loss=0.6803  tr_f1=0.5786  va_loss=0.6885  va_f1=0.5189  va_acc=0.5242  lr=2.00e-05
  ✓ New best val F1=0.5189 — saved /home3/iasarantsev/multimodal/weights/late_fusion_text_best.pth
[text] Epoch   2/50  tr_loss=0.6703  tr_f1=0.6113  va_loss=0.6707  va_f1=0.5932  va_acc=0.6048  lr=1.99e-05
  ✓ New best val F1=0.5932 — saved /home3/iasarantsev/multimodal/weights/late_fusion_text_best.pth
[text] Epoch   3/50  tr_loss=0.6455  tr_f1=0.6393  va_loss=0.6589  va_f1=0.6288  va_acc=0.6452  lr=1.98e-05
  ✓ New best val F1=0.6288 — saved /home3/iasarantsev/multimodal/weights/late_fusion_text_best.pth
[text] Epoch   4/50  tr_loss=0.6265  tr_f1=0.6688  va_loss=0.6507  va_f1=0.6190  va_acc=0.6371  lr=1.97e-05
  ✗ No improvement vs prev epoch (1/50)
[text] Epoch   5/50  tr_loss=0.6296  tr_f1=0.6640  va_loss=0.6484  va_f1=0.6217  va_acc=0.6371  lr=1.95e-05
[text] Epoch   6/50  tr_loss=0.6033  tr_f1=0.6874  va_loss=0.6495  va_f1=0.6217  va_acc=0.6371  lr=1.93e-05
  ✗ No improvement vs prev epoch (1/50)
[text] Epoch   7/50  tr_loss=0.6058  tr_f1=0.7105  va_loss=0.6494  va_f1=0.6314  va_acc=0.6452  lr=1.91e-05
  ✓ New best val F1=0.6314 — saved /home3/iasarantsev/multimodal/weights/late_fusion_text_best.pth
[text] Epoch   8/50  tr_loss=0.6073  tr_f1=0.6771  va_loss=0.6465  va_f1=0.6120  va_acc=0.6290  lr=1.88e-05
  ✗ No improvement vs prev epoch (1/50)
[text] Epoch   9/50  tr_loss=0.5836  tr_f1=0.7272  va_loss=0.6421  va_f1=0.6288  va_acc=0.6452  lr=1.85e-05
[text] Epoch  10/50  tr_loss=0.5999  tr_f1=0.6907  va_loss=0.6400  va_f1=0.6288  va_acc=0.6452  lr=1.81e-05
  ✗ No improvement vs prev epoch (1/50)
[text] Epoch  11/50  tr_loss=0.5763  tr_f1=0.7102  va_loss=0.6399  va_f1=0.6288  va_acc=0.6452  lr=1.77e-05
  ✗ No improvement vs prev epoch (2/50)
[text] Epoch  12/50  tr_loss=0.5863  tr_f1=0.7058  va_loss=0.6405  va_f1=0.6288  va_acc=0.6452  lr=1.73e-05
  ✗ No improvement vs prev epoch (3/50)
[text] Epoch  13/50  tr_loss=0.5859  tr_f1=0.6962  va_loss=0.6429  va_f1=0.6288  va_acc=0.6452  lr=1.69e-05
  ✗ No improvement vs prev epoch (4/50)
[text] Epoch  14/50  tr_loss=0.5840  tr_f1=0.7011  va_loss=0.6461  va_f1=0.6146  va_acc=0.6290  lr=1.64e-05
  ✗ No improvement vs prev epoch (5/50)
[text] Epoch  15/50  tr_loss=0.5827  tr_f1=0.7045  va_loss=0.6466  va_f1=0.6242  va_acc=0.6371  lr=1.59e-05
[text] Epoch  16/50  tr_loss=0.5659  tr_f1=0.7264  va_loss=0.6464  va_f1=0.6242  va_acc=0.6371  lr=1.54e-05
  ✗ No improvement vs prev epoch (1/50)
[text] Epoch  17/50  tr_loss=0.5655  tr_f1=0.7197  va_loss=0.6467  va_f1=0.6170  va_acc=0.6290  lr=1.49e-05
  ✗ No improvement vs prev epoch (2/50)
[text] Epoch  18/50  tr_loss=0.5917  tr_f1=0.6881  va_loss=0.6449  va_f1=0.6170  va_acc=0.6290  lr=1.43e-05
  ✗ No improvement vs prev epoch (3/50)
[text] Epoch  19/50  tr_loss=0.5664  tr_f1=0.7406  va_loss=0.6435  va_f1=0.6098  va_acc=0.6210  lr=1.37e-05
  ✗ No improvement vs prev epoch (4/50)
[text] Epoch  20/50  tr_loss=0.5745  tr_f1=0.7272  va_loss=0.6444  va_f1=0.6098  va_acc=0.6210  lr=1.32e-05
  ✗ No improvement vs prev epoch (5/50)
[text] Epoch  21/50  tr_loss=0.5682  tr_f1=0.7434  va_loss=0.6438  va_f1=0.6098  va_acc=0.6210  lr=1.26e-05
  ✗ No improvement vs prev epoch (6/50)
[text] Epoch  22/50  tr_loss=0.5805  tr_f1=0.6856  va_loss=0.6429  va_f1=0.6098  va_acc=0.6210  lr=1.20e-05
  ✗ No improvement vs prev epoch (7/50)
[text] Epoch  23/50  tr_loss=0.6005  tr_f1=0.6819  va_loss=0.6409  va_f1=0.6098  va_acc=0.6210  lr=1.13e-05
  ✗ No improvement vs prev epoch (8/50)
[text] Epoch  24/50  tr_loss=0.5729  tr_f1=0.7271  va_loss=0.6396  va_f1=0.6098  va_acc=0.6210  lr=1.07e-05
  ✗ No improvement vs prev epoch (9/50)
[text] Epoch  25/50  tr_loss=0.5653  tr_f1=0.7142  va_loss=0.6400  va_f1=0.6191  va_acc=0.6290  lr=1.01e-05
[text] Epoch  26/50  tr_loss=0.5547  tr_f1=0.7467  va_loss=0.6413  va_f1=0.6191  va_acc=0.6290  lr=9.48e-06
  ✗ No improvement vs prev epoch (1/50)
[text] Epoch  27/50  tr_loss=0.5734  tr_f1=0.7377  va_loss=0.6415  va_f1=0.6191  va_acc=0.6290  lr=8.86e-06
  ✗ No improvement vs prev epoch (2/50)
[text] Epoch  28/50  tr_loss=0.5610  tr_f1=0.7373  va_loss=0.6404  va_f1=0.6191  va_acc=0.6290  lr=8.24e-06
  ✗ No improvement vs prev epoch (3/50)
[text] Epoch  29/50  tr_loss=0.5781  tr_f1=0.7158  va_loss=0.6380  va_f1=0.6191  va_acc=0.6290  lr=7.64e-06
  ✗ No improvement vs prev epoch (4/50)
[text] Epoch  30/50  tr_loss=0.5744  tr_f1=0.7249  va_loss=0.6359  va_f1=0.6191  va_acc=0.6290  lr=7.04e-06
  ✗ No improvement vs prev epoch (5/50)
[text] Epoch  31/50  tr_loss=0.5438  tr_f1=0.7388  va_loss=0.6350  va_f1=0.6098  va_acc=0.6210  lr=6.46e-06
  ✗ No improvement vs prev epoch (6/50)
[text] Epoch  32/50  tr_loss=0.5786  tr_f1=0.7091  va_loss=0.6341  va_f1=0.6098  va_acc=0.6210  lr=5.88e-06
  ✗ No improvement vs prev epoch (7/50)
[text] Epoch  33/50  tr_loss=0.5569  tr_f1=0.7390  va_loss=0.6329  va_f1=0.6098  va_acc=0.6210  lr=5.33e-06
  ✗ No improvement vs prev epoch (8/50)
[text] Epoch  34/50  tr_loss=0.5549  tr_f1=0.7531  va_loss=0.6324  va_f1=0.6098  va_acc=0.6210  lr=4.80e-06
  ✗ No improvement vs prev epoch (9/50)
[text] Epoch  35/50  tr_loss=0.5683  tr_f1=0.7222  va_loss=0.6329  va_f1=0.6098  va_acc=0.6210  lr=4.28e-06
  ✗ No improvement vs prev epoch (10/50)
[text] Epoch  36/50  tr_loss=0.5655  tr_f1=0.7286  va_loss=0.6329  va_f1=0.6098  va_acc=0.6210  lr=3.79e-06
  ✗ No improvement vs prev epoch (11/50)
[text] Epoch  37/50  tr_loss=0.5744  tr_f1=0.7082  va_loss=0.6324  va_f1=0.6191  va_acc=0.6290  lr=3.32e-06
[text] Epoch  38/50  tr_loss=0.5585  tr_f1=0.7275  va_loss=0.6327  va_f1=0.6191  va_acc=0.6290  lr=2.88e-06
  ✗ No improvement vs prev epoch (1/50)
[text] Epoch  39/50  tr_loss=0.5613  tr_f1=0.7333  va_loss=0.6328  va_f1=0.6191  va_acc=0.6290  lr=2.47e-06
  ✗ No improvement vs prev epoch (2/50)
[text] Epoch  40/50  tr_loss=0.5491  tr_f1=0.7493  va_loss=0.6332  va_f1=0.6191  va_acc=0.6290  lr=2.09e-06
  ✗ No improvement vs prev epoch (3/50)
[text] Epoch  41/50  tr_loss=0.5604  tr_f1=0.7476  va_loss=0.6334  va_f1=0.6191  va_acc=0.6290  lr=1.74e-06
  ✗ No improvement vs prev epoch (4/50)
[text] Epoch  42/50  tr_loss=0.5558  tr_f1=0.7249  va_loss=0.6336  va_f1=0.6191  va_acc=0.6290  lr=1.42e-06
  ✗ No improvement vs prev epoch (5/50)
[text] Epoch  43/50  tr_loss=0.5458  tr_f1=0.7464  va_loss=0.6337  va_f1=0.6191  va_acc=0.6290  lr=1.14e-06
  ✗ No improvement vs prev epoch (6/50)
[text] Epoch  44/50  tr_loss=0.5641  tr_f1=0.7269  va_loss=0.6336  va_f1=0.6191  va_acc=0.6290  lr=8.95e-07
  ✗ No improvement vs prev epoch (7/50)
[text] Epoch  45/50  tr_loss=0.5684  tr_f1=0.7198  va_loss=0.6335  va_f1=0.6191  va_acc=0.6290  lr=6.85e-07
  ✗ No improvement vs prev epoch (8/50)
[text] Epoch  46/50  tr_loss=0.5519  tr_f1=0.7301  va_loss=0.6335  va_f1=0.6191  va_acc=0.6290  lr=5.11e-07
  ✗ No improvement vs prev epoch (9/50)
[text] Epoch  47/50  tr_loss=0.5370  tr_f1=0.7519  va_loss=0.6335  va_f1=0.6191  va_acc=0.6290  lr=3.75e-07
  ✗ No improvement vs prev epoch (10/50)
[text] Epoch  48/50  tr_loss=0.5557  tr_f1=0.7341  va_loss=0.6335  va_f1=0.6191  va_acc=0.6290  lr=2.78e-07
  ✗ No improvement vs prev epoch (11/50)
[text] Epoch  49/50  tr_loss=0.5572  tr_f1=0.7313  va_loss=0.6336  va_f1=0.6191  va_acc=0.6290  lr=2.20e-07
  ✗ No improvement vs prev epoch (12/50)
[text] Epoch  50/50  tr_loss=0.5785  tr_f1=0.7069  va_loss=0.6336  va_f1=0.6191  va_acc=0.6290  lr=2.00e-07
  ✗ No improvement vs prev epoch (13/50)
[text] Trained in 0.2 min — best val F1=0.6314

======================================================================
Training modality head: audio
======================================================================

[audio] input_dim=256  hidden_dims=[256, 128]  dropout=0.2  input_dropout=0.0  lr=2.00e-05  weight_decay=0.005  epochs=50  patience=50
[audio] Architecture:
ModalityMLP(
  (mlp): Sequential(
    (0): Linear(in_features=256, out_features=256, bias=True)
    (1): GELU(approximate='none')
    (2): Dropout(p=0.2, inplace=False)
    (3): Linear(in_features=256, out_features=128, bias=True)
    (4): GELU(approximate='none')
    (5): Dropout(p=0.2, inplace=False)
    (6): Linear(in_features=128, out_features=2, bias=True)
  )
)
[audio] Trainable params: 98,946
[audio] Class counts — No A-H: 393  With A-H: 385

[audio] Training MLP head ...
[audio] Epoch   1/50  tr_loss=0.6941  tr_f1=0.5031  va_loss=0.6987  va_f1=0.4418  va_acc=0.4435  lr=2.00e-05
  ✓ New best val F1=0.4418 — saved /home3/iasarantsev/multimodal/weights/late_fusion_audio_best.pth
[audio] Epoch   2/50  tr_loss=0.6915  tr_f1=0.5349  va_loss=0.6993  va_f1=0.4493  va_acc=0.4597  lr=1.99e-05
  ✓ New best val F1=0.4493 — saved /home3/iasarantsev/multimodal/weights/late_fusion_audio_best.pth
[audio] Epoch   3/50  tr_loss=0.6856  tr_f1=0.5433  va_loss=0.6997  va_f1=0.4536  va_acc=0.4758  lr=1.98e-05
  ✓ New best val F1=0.4536 — saved /home3/iasarantsev/multimodal/weights/late_fusion_audio_best.pth
[audio] Epoch   4/50  tr_loss=0.6862  tr_f1=0.5398  va_loss=0.7006  va_f1=0.4518  va_acc=0.4839  lr=1.97e-05
  ✗ No improvement vs prev epoch (1/50)
[audio] Epoch   5/50  tr_loss=0.6794  tr_f1=0.6083  va_loss=0.7015  va_f1=0.4409  va_acc=0.4758  lr=1.95e-05
  ✗ No improvement vs prev epoch (2/50)
[audio] Epoch   6/50  tr_loss=0.6793  tr_f1=0.5874  va_loss=0.7027  va_f1=0.4359  va_acc=0.4758  lr=1.93e-05
  ✗ No improvement vs prev epoch (3/50)
[audio] Epoch   7/50  tr_loss=0.6774  tr_f1=0.5983  va_loss=0.7035  va_f1=0.4359  va_acc=0.4758  lr=1.91e-05
  ✗ No improvement vs prev epoch (4/50)
[audio] Epoch   8/50  tr_loss=0.6785  tr_f1=0.6081  va_loss=0.7045  va_f1=0.4419  va_acc=0.4839  lr=1.88e-05
[audio] Epoch   9/50  tr_loss=0.6782  tr_f1=0.5774  va_loss=0.7060  va_f1=0.4540  va_acc=0.5000  lr=1.85e-05
  ✓ New best val F1=0.4540 — saved /home3/iasarantsev/multimodal/weights/late_fusion_audio_best.pth
[audio] Epoch  10/50  tr_loss=0.6755  tr_f1=0.5899  va_loss=0.7072  va_f1=0.4480  va_acc=0.4919  lr=1.81e-05
  ✗ No improvement vs prev epoch (1/50)
[audio] Epoch  11/50  tr_loss=0.6717  tr_f1=0.5844  va_loss=0.7087  va_f1=0.4480  va_acc=0.4919  lr=1.77e-05
  ✗ No improvement vs prev epoch (2/50)
[audio] Epoch  12/50  tr_loss=0.6635  tr_f1=0.6048  va_loss=0.7101  va_f1=0.4364  va_acc=0.4839  lr=1.73e-05
  ✗ No improvement vs prev epoch (3/50)
[audio] Epoch  13/50  tr_loss=0.6740  tr_f1=0.5866  va_loss=0.7114  va_f1=0.4364  va_acc=0.4839  lr=1.69e-05
  ✗ No improvement vs prev epoch (4/50)
[audio] Epoch  14/50  tr_loss=0.6700  tr_f1=0.6101  va_loss=0.7118  va_f1=0.4364  va_acc=0.4839  lr=1.64e-05
  ✗ No improvement vs prev epoch (5/50)
[audio] Epoch  15/50  tr_loss=0.6686  tr_f1=0.5969  va_loss=0.7133  va_f1=0.4304  va_acc=0.4758  lr=1.59e-05
  ✗ No improvement vs prev epoch (6/50)
[audio] Epoch  16/50  tr_loss=0.6741  tr_f1=0.5690  va_loss=0.7142  va_f1=0.4304  va_acc=0.4758  lr=1.54e-05
  ✗ No improvement vs prev epoch (7/50)
[audio] Epoch  17/50  tr_loss=0.6689  tr_f1=0.5970  va_loss=0.7149  va_f1=0.4245  va_acc=0.4677  lr=1.49e-05
  ✗ No improvement vs prev epoch (8/50)
[audio] Epoch  18/50  tr_loss=0.6605  tr_f1=0.6025  va_loss=0.7162  va_f1=0.4245  va_acc=0.4677  lr=1.43e-05
  ✗ No improvement vs prev epoch (9/50)
[audio] Epoch  19/50  tr_loss=0.6626  tr_f1=0.5844  va_loss=0.7178  va_f1=0.4359  va_acc=0.4758  lr=1.37e-05
[audio] Epoch  20/50  tr_loss=0.6650  tr_f1=0.5751  va_loss=0.7188  va_f1=0.4359  va_acc=0.4758  lr=1.32e-05
  ✗ No improvement vs prev epoch (1/50)
[audio] Epoch  21/50  tr_loss=0.6647  tr_f1=0.5882  va_loss=0.7194  va_f1=0.4419  va_acc=0.4839  lr=1.26e-05
[audio] Epoch  22/50  tr_loss=0.6650  tr_f1=0.6182  va_loss=0.7201  va_f1=0.4359  va_acc=0.4758  lr=1.20e-05
  ✗ No improvement vs prev epoch (1/50)
[audio] Epoch  23/50  tr_loss=0.6547  tr_f1=0.6028  va_loss=0.7213  va_f1=0.4185  va_acc=0.4597  lr=1.13e-05
  ✗ No improvement vs prev epoch (2/50)
[audio] Epoch  24/50  tr_loss=0.6666  tr_f1=0.5797  va_loss=0.7225  va_f1=0.4185  va_acc=0.4597  lr=1.07e-05
  ✗ No improvement vs prev epoch (3/50)
[audio] Epoch  25/50  tr_loss=0.6515  tr_f1=0.6373  va_loss=0.7233  va_f1=0.4185  va_acc=0.4597  lr=1.01e-05
  ✗ No improvement vs prev epoch (4/50)
[audio] Epoch  26/50  tr_loss=0.6696  tr_f1=0.5818  va_loss=0.7235  va_f1=0.4237  va_acc=0.4597  lr=9.48e-06
[audio] Epoch  27/50  tr_loss=0.6624  tr_f1=0.5976  va_loss=0.7235  va_f1=0.4298  va_acc=0.4677  lr=8.86e-06
[audio] Epoch  28/50  tr_loss=0.6591  tr_f1=0.5963  va_loss=0.7238  va_f1=0.4298  va_acc=0.4677  lr=8.24e-06
  ✗ No improvement vs prev epoch (1/50)
[audio] Epoch  29/50  tr_loss=0.6565  tr_f1=0.6084  va_loss=0.7238  va_f1=0.4298  va_acc=0.4677  lr=7.64e-06
  ✗ No improvement vs prev epoch (2/50)
[audio] Epoch  30/50  tr_loss=0.6591  tr_f1=0.6021  va_loss=0.7239  va_f1=0.4298  va_acc=0.4677  lr=7.04e-06
  ✗ No improvement vs prev epoch (3/50)
[audio] Epoch  31/50  tr_loss=0.6458  tr_f1=0.6157  va_loss=0.7244  va_f1=0.4298  va_acc=0.4677  lr=6.46e-06
  ✗ No improvement vs prev epoch (4/50)
[audio] Epoch  32/50  tr_loss=0.6656  tr_f1=0.5710  va_loss=0.7247  va_f1=0.4298  va_acc=0.4677  lr=5.88e-06
  ✗ No improvement vs prev epoch (5/50)
[audio] Epoch  33/50  tr_loss=0.6519  tr_f1=0.6243  va_loss=0.7250  va_f1=0.4298  va_acc=0.4677  lr=5.33e-06
  ✗ No improvement vs prev epoch (6/50)
[audio] Epoch  34/50  tr_loss=0.6617  tr_f1=0.5977  va_loss=0.7255  va_f1=0.4359  va_acc=0.4758  lr=4.80e-06
[audio] Epoch  35/50  tr_loss=0.6507  tr_f1=0.6187  va_loss=0.7258  va_f1=0.4359  va_acc=0.4758  lr=4.28e-06
  ✗ No improvement vs prev epoch (1/50)
[audio] Epoch  36/50  tr_loss=0.6557  tr_f1=0.6118  va_loss=0.7261  va_f1=0.4298  va_acc=0.4677  lr=3.79e-06
  ✗ No improvement vs prev epoch (2/50)
[audio] Epoch  37/50  tr_loss=0.6629  tr_f1=0.5894  va_loss=0.7263  va_f1=0.4298  va_acc=0.4677  lr=3.32e-06
  ✗ No improvement vs prev epoch (3/50)
[audio] Epoch  38/50  tr_loss=0.6535  tr_f1=0.5990  va_loss=0.7265  va_f1=0.4298  va_acc=0.4677  lr=2.88e-06
  ✗ No improvement vs prev epoch (4/50)
[audio] Epoch  39/50  tr_loss=0.6600  tr_f1=0.5810  va_loss=0.7266  va_f1=0.4298  va_acc=0.4677  lr=2.47e-06
  ✗ No improvement vs prev epoch (5/50)
[audio] Epoch  40/50  tr_loss=0.6663  tr_f1=0.5715  va_loss=0.7266  va_f1=0.4298  va_acc=0.4677  lr=2.09e-06
  ✗ No improvement vs prev epoch (6/50)
[audio] Epoch  41/50  tr_loss=0.6602  tr_f1=0.5977  va_loss=0.7266  va_f1=0.4298  va_acc=0.4677  lr=1.74e-06
  ✗ No improvement vs prev epoch (7/50)
[audio] Epoch  42/50  tr_loss=0.6636  tr_f1=0.5861  va_loss=0.7267  va_f1=0.4298  va_acc=0.4677  lr=1.42e-06
  ✗ No improvement vs prev epoch (8/50)
[audio] Epoch  43/50  tr_loss=0.6626  tr_f1=0.6016  va_loss=0.7266  va_f1=0.4298  va_acc=0.4677  lr=1.14e-06
  ✗ No improvement vs prev epoch (9/50)
[audio] Epoch  44/50  tr_loss=0.6549  tr_f1=0.6030  va_loss=0.7266  va_f1=0.4298  va_acc=0.4677  lr=8.95e-07
  ✗ No improvement vs prev epoch (10/50)
[audio] Epoch  45/50  tr_loss=0.6618  tr_f1=0.5795  va_loss=0.7266  va_f1=0.4298  va_acc=0.4677  lr=6.85e-07
  ✗ No improvement vs prev epoch (11/50)
[audio] Epoch  46/50  tr_loss=0.6612  tr_f1=0.6113  va_loss=0.7266  va_f1=0.4298  va_acc=0.4677  lr=5.11e-07
  ✗ No improvement vs prev epoch (12/50)
[audio] Epoch  47/50  tr_loss=0.6627  tr_f1=0.6000  va_loss=0.7266  va_f1=0.4298  va_acc=0.4677  lr=3.75e-07
  ✗ No improvement vs prev epoch (13/50)
[audio] Epoch  48/50  tr_loss=0.6709  tr_f1=0.5764  va_loss=0.7266  va_f1=0.4359  va_acc=0.4758  lr=2.78e-07
[audio] Epoch  49/50  tr_loss=0.6667  tr_f1=0.5870  va_loss=0.7265  va_f1=0.4359  va_acc=0.4758  lr=2.20e-07
  ✗ No improvement vs prev epoch (1/50)
[audio] Epoch  50/50  tr_loss=0.6581  tr_f1=0.6172  va_loss=0.7265  va_f1=0.4359  va_acc=0.4758  lr=2.00e-07
  ✗ No improvement vs prev epoch (2/50)
[audio] Trained in 0.2 min — best val F1=0.4540

======================================================================
Training modality head: video
======================================================================

[video] input_dim=768  hidden_dims=[128]  dropout=0.3  input_dropout=0.0  lr=2.00e-05  weight_decay=0.03  epochs=50  patience=50
[video] Architecture:
ModalityMLP(
  (mlp): Sequential(
    (0): Linear(in_features=768, out_features=128, bias=True)
    (1): GELU(approximate='none')
    (2): Dropout(p=0.3, inplace=False)
    (3): Linear(in_features=128, out_features=2, bias=True)
  )
)
[video] Trainable params: 98,690
[video] Class counts — No A-H: 393  With A-H: 385

[video] Training MLP head ...
[video] Epoch   1/50  tr_loss=0.6557  tr_f1=0.6103  va_loss=0.6656  va_f1=0.6288  va_acc=0.6452  lr=2.00e-05
  ✓ New best val F1=0.6288 — saved /home3/iasarantsev/multimodal/weights/late_fusion_video_best.pth
[video] Epoch   2/50  tr_loss=0.6251  tr_f1=0.6723  va_loss=0.6894  va_f1=0.5899  va_acc=0.5968  lr=1.99e-05
  ✗ No improvement vs prev epoch (1/50)
[video] Epoch   3/50  tr_loss=0.6109  tr_f1=0.6865  va_loss=0.7199  va_f1=0.5692  va_acc=0.5726  lr=1.98e-05
  ✗ No improvement vs prev epoch (2/50)
[video] Epoch   4/50  tr_loss=0.5906  tr_f1=0.7128  va_loss=0.7487  va_f1=0.5541  va_acc=0.5565  lr=1.97e-05
  ✗ No improvement vs prev epoch (3/50)
[video] Epoch   5/50  tr_loss=0.5592  tr_f1=0.7509  va_loss=0.7796  va_f1=0.5465  va_acc=0.5484  lr=1.95e-05
  ✗ No improvement vs prev epoch (4/50)
[video] Epoch   6/50  tr_loss=0.5686  tr_f1=0.7249  va_loss=0.8009  va_f1=0.5465  va_acc=0.5484  lr=1.93e-05
  ✗ No improvement vs prev epoch (5/50)
[video] Epoch   7/50  tr_loss=0.5672  tr_f1=0.7398  va_loss=0.8195  va_f1=0.5389  va_acc=0.5403  lr=1.91e-05
  ✗ No improvement vs prev epoch (6/50)
[video] Epoch   8/50  tr_loss=0.5675  tr_f1=0.7159  va_loss=0.8361  va_f1=0.5465  va_acc=0.5484  lr=1.88e-05
[video] Epoch   9/50  tr_loss=0.5499  tr_f1=0.7477  va_loss=0.8438  va_f1=0.5379  va_acc=0.5403  lr=1.85e-05
  ✗ No improvement vs prev epoch (1/50)
[video] Epoch  10/50  tr_loss=0.5367  tr_f1=0.7511  va_loss=0.8492  va_f1=0.5352  va_acc=0.5403  lr=1.81e-05
  ✗ No improvement vs prev epoch (2/50)
[video] Epoch  11/50  tr_loss=0.5439  tr_f1=0.7519  va_loss=0.8595  va_f1=0.5352  va_acc=0.5403  lr=1.77e-05
  ✗ No improvement vs prev epoch (3/50)
[video] Epoch  12/50  tr_loss=0.5632  tr_f1=0.7326  va_loss=0.8628  va_f1=0.5262  va_acc=0.5323  lr=1.73e-05
  ✗ No improvement vs prev epoch (4/50)
[video] Epoch  13/50  tr_loss=0.5393  tr_f1=0.7643  va_loss=0.8699  va_f1=0.5262  va_acc=0.5323  lr=1.69e-05
  ✗ No improvement vs prev epoch (5/50)
[video] Epoch  14/50  tr_loss=0.5613  tr_f1=0.7309  va_loss=0.8654  va_f1=0.5189  va_acc=0.5242  lr=1.64e-05
  ✗ No improvement vs prev epoch (6/50)
[video] Epoch  15/50  tr_loss=0.5447  tr_f1=0.7454  va_loss=0.8606  va_f1=0.5335  va_acc=0.5403  lr=1.59e-05
[video] Epoch  16/50  tr_loss=0.5293  tr_f1=0.7681  va_loss=0.8636  va_f1=0.5335  va_acc=0.5403  lr=1.54e-05
  ✗ No improvement vs prev epoch (1/50)
[video] Epoch  17/50  tr_loss=0.5387  tr_f1=0.7583  va_loss=0.8719  va_f1=0.5335  va_acc=0.5403  lr=1.49e-05
  ✗ No improvement vs prev epoch (2/50)
[video] Epoch  18/50  tr_loss=0.5369  tr_f1=0.7685  va_loss=0.8797  va_f1=0.5335  va_acc=0.5403  lr=1.43e-05
  ✗ No improvement vs prev epoch (3/50)
[video] Epoch  19/50  tr_loss=0.5344  tr_f1=0.7594  va_loss=0.8870  va_f1=0.5335  va_acc=0.5403  lr=1.37e-05
  ✗ No improvement vs prev epoch (4/50)
[video] Epoch  20/50  tr_loss=0.5243  tr_f1=0.7673  va_loss=0.8969  va_f1=0.5335  va_acc=0.5403  lr=1.32e-05
  ✗ No improvement vs prev epoch (5/50)
[video] Epoch  21/50  tr_loss=0.5269  tr_f1=0.7747  va_loss=0.9085  va_f1=0.5352  va_acc=0.5403  lr=1.26e-05
[video] Epoch  22/50  tr_loss=0.5104  tr_f1=0.7758  va_loss=0.9182  va_f1=0.5352  va_acc=0.5403  lr=1.20e-05
  ✗ No improvement vs prev epoch (1/50)
[video] Epoch  23/50  tr_loss=0.5259  tr_f1=0.7575  va_loss=0.9227  va_f1=0.5426  va_acc=0.5484  lr=1.13e-05
[video] Epoch  24/50  tr_loss=0.5147  tr_f1=0.7796  va_loss=0.9280  va_f1=0.5426  va_acc=0.5484  lr=1.07e-05
  ✗ No improvement vs prev epoch (1/50)
[video] Epoch  25/50  tr_loss=0.5149  tr_f1=0.7750  va_loss=0.9351  va_f1=0.5335  va_acc=0.5403  lr=1.01e-05
  ✗ No improvement vs prev epoch (2/50)
[video] Epoch  26/50  tr_loss=0.5045  tr_f1=0.7812  va_loss=0.9405  va_f1=0.5335  va_acc=0.5403  lr=9.48e-06
  ✗ No improvement vs prev epoch (3/50)
[video] Epoch  27/50  tr_loss=0.4967  tr_f1=0.7904  va_loss=0.9450  va_f1=0.5335  va_acc=0.5403  lr=8.86e-06
  ✗ No improvement vs prev epoch (4/50)
[video] Epoch  28/50  tr_loss=0.4982  tr_f1=0.7852  va_loss=0.9486  va_f1=0.5335  va_acc=0.5403  lr=8.24e-06
  ✗ No improvement vs prev epoch (5/50)
[video] Epoch  29/50  tr_loss=0.5255  tr_f1=0.7581  va_loss=0.9483  va_f1=0.5335  va_acc=0.5403  lr=7.64e-06
  ✗ No improvement vs prev epoch (6/50)
[video] Epoch  30/50  tr_loss=0.5126  tr_f1=0.7658  va_loss=0.9481  va_f1=0.5426  va_acc=0.5484  lr=7.04e-06
[video] Epoch  31/50  tr_loss=0.5258  tr_f1=0.7602  va_loss=0.9473  va_f1=0.5426  va_acc=0.5484  lr=6.46e-06
  ✗ No improvement vs prev epoch (1/50)
[video] Epoch  32/50  tr_loss=0.4991  tr_f1=0.7776  va_loss=0.9494  va_f1=0.5426  va_acc=0.5484  lr=5.88e-06
  ✗ No improvement vs prev epoch (2/50)
[video] Epoch  33/50  tr_loss=0.5143  tr_f1=0.7480  va_loss=0.9486  va_f1=0.5426  va_acc=0.5484  lr=5.33e-06
  ✗ No improvement vs prev epoch (3/50)
[video] Epoch  34/50  tr_loss=0.5201  tr_f1=0.7674  va_loss=0.9484  va_f1=0.5426  va_acc=0.5484  lr=4.80e-06
  ✗ No improvement vs prev epoch (4/50)
[video] Epoch  35/50  tr_loss=0.5141  tr_f1=0.7787  va_loss=0.9497  va_f1=0.5426  va_acc=0.5484  lr=4.28e-06
  ✗ No improvement vs prev epoch (5/50)
[video] Epoch  36/50  tr_loss=0.5027  tr_f1=0.7820  va_loss=0.9510  va_f1=0.5426  va_acc=0.5484  lr=3.79e-06
  ✗ No improvement vs prev epoch (6/50)
[video] Epoch  37/50  tr_loss=0.4954  tr_f1=0.7994  va_loss=0.9541  va_f1=0.5426  va_acc=0.5484  lr=3.32e-06
  ✗ No improvement vs prev epoch (7/50)
[video] Epoch  38/50  tr_loss=0.5213  tr_f1=0.7555  va_loss=0.9568  va_f1=0.5426  va_acc=0.5484  lr=2.88e-06
  ✗ No improvement vs prev epoch (8/50)
[video] Epoch  39/50  tr_loss=0.5122  tr_f1=0.7656  va_loss=0.9564  va_f1=0.5426  va_acc=0.5484  lr=2.47e-06
  ✗ No improvement vs prev epoch (9/50)
[video] Epoch  40/50  tr_loss=0.5286  tr_f1=0.7563  va_loss=0.9562  va_f1=0.5352  va_acc=0.5403  lr=2.09e-06
  ✗ No improvement vs prev epoch (10/50)
[video] Epoch  41/50  tr_loss=0.5329  tr_f1=0.7622  va_loss=0.9556  va_f1=0.5352  va_acc=0.5403  lr=1.74e-06
  ✗ No improvement vs prev epoch (11/50)
[video] Epoch  42/50  tr_loss=0.5243  tr_f1=0.7579  va_loss=0.9551  va_f1=0.5352  va_acc=0.5403  lr=1.42e-06
  ✗ No improvement vs prev epoch (12/50)
[video] Epoch  43/50  tr_loss=0.5217  tr_f1=0.7661  va_loss=0.9556  va_f1=0.5352  va_acc=0.5403  lr=1.14e-06
  ✗ No improvement vs prev epoch (13/50)
[video] Epoch  44/50  tr_loss=0.5165  tr_f1=0.7698  va_loss=0.9561  va_f1=0.5352  va_acc=0.5403  lr=8.95e-07
  ✗ No improvement vs prev epoch (14/50)
[video] Epoch  45/50  tr_loss=0.5196  tr_f1=0.7648  va_loss=0.9563  va_f1=0.5352  va_acc=0.5403  lr=6.85e-07
  ✗ No improvement vs prev epoch (15/50)
[video] Epoch  46/50  tr_loss=0.5033  tr_f1=0.7863  va_loss=0.9566  va_f1=0.5352  va_acc=0.5403  lr=5.11e-07
  ✗ No improvement vs prev epoch (16/50)
[video] Epoch  47/50  tr_loss=0.5127  tr_f1=0.7723  va_loss=0.9566  va_f1=0.5352  va_acc=0.5403  lr=3.75e-07
  ✗ No improvement vs prev epoch (17/50)
[video] Epoch  48/50  tr_loss=0.5175  tr_f1=0.7776  va_loss=0.9567  va_f1=0.5352  va_acc=0.5403  lr=2.78e-07
  ✗ No improvement vs prev epoch (18/50)
[video] Epoch  49/50  tr_loss=0.5020  tr_f1=0.7812  va_loss=0.9567  va_f1=0.5352  va_acc=0.5403  lr=2.20e-07
  ✗ No improvement vs prev epoch (19/50)
[video] Epoch  50/50  tr_loss=0.4992  tr_f1=0.7800  va_loss=0.9568  va_f1=0.5352  va_acc=0.5403  lr=2.00e-07
  ✗ No improvement vs prev epoch (20/50)
[video] Trained in 0.1 min — best val F1=0.6288
Training curves saved → /home3/iasarantsev/multimodal/weights/late_fusion_training_curves.png

======================================================================
Per-modality test scores (before fusion)
======================================================================

[text (test, view 0)] Macro-F1: 0.6631  |  Accuracy: 0.6819
[text (test, view 0)] Label dist : {1: 318, 0: 207}
[text (test, view 0)] Pred  dist : {0: 194, 1: 331}
              precision    recall  f1-score   support

      No A-H     0.6031    0.5652    0.5835       207
    With A-H     0.7281    0.7579    0.7427       318

    accuracy                         0.6819       525
   macro avg     0.6656    0.6615    0.6631       525
weighted avg     0.6788    0.6819    0.6799       525


[audio (test, view 0)] Macro-F1: 0.5777  |  Accuracy: 0.5943
[audio (test, view 0)] Label dist : {1: 318, 0: 207}
[audio (test, view 0)] Pred  dist : {0: 214, 1: 311}
              precision    recall  f1-score   support

      No A-H     0.4860    0.5024    0.4941       207
    With A-H     0.6688    0.6541    0.6614       318

    accuracy                         0.5943       525
   macro avg     0.5774    0.5783    0.5777       525
weighted avg     0.5967    0.5943    0.5954       525


[video (test, view 0)] Macro-F1: 0.5000  |  Accuracy: 0.5219
[video (test, view 0)] Label dist : {1: 318, 0: 207}
[video (test, view 0)] Pred  dist : {0: 208, 1: 317}
              precision    recall  f1-score   support

      No A-H     0.3942    0.3961    0.3952       207
    With A-H     0.6057    0.6038    0.6047       318

    accuracy                         0.5219       525
   macro avg     0.5000    0.5000    0.5000       525
weighted avg     0.5223    0.5219    0.5221       525


======================================================================
Temperature scaling (fit on val NLL)
======================================================================
  [text] T*=1.151  (T>1 ⇒ softening over-confident head)
  [audio] T*=5.000  (T>1 ⇒ softening over-confident head)
  [video] T*=1.000  (T>1 ⇒ softening over-confident head)

======================================================================
Late-fusion combiners — full set + leave-out subsets
======================================================================

── Subset: { text+audio+video } ──
  weighted-prob   best val weights = {'text': 0.05, 'audio': 0.75, 'video': 0.19999999999999996}
  weighted-logit  best val weights = {'text': 0.05, 'audio': 0.75, 'video': 0.19999999999999996}
  PSO-prob   best val weights = {'text': 0.041633720598059386, 'audio': 0.3766954835002432, 'video': 0.5816707959016975}  temps = {'text': 1.658708922453609, 'audio': 4.133320222840284, 'video': 5.0}  val_f1=0.6645
  PSO-logit  best val weights = {'text': 0.06926526132011493, 'audio': 0.4450857051106828, 'video': 0.4856490335692024}  temps = {'text': 2.7194302227879126, 'audio': 3.8788282171205504, 'video': 3.450930237242847}  val_f1=0.6601

── Subset: { text+audio } ──
  weighted-prob   best val weights = {'text': 0.75, 'audio': 0.25}
  weighted-logit  best val weights = {'text': 0.75, 'audio': 0.25}
  PSO-prob   best val weights = {'text': 0.6865129616333043, 'audio': 0.3134870383666957}  temps = {'text': 0.8105280350724478, 'audio': 4.819013906610194}  val_f1=0.6314
  PSO-logit  best val weights = {'text': 0.6865129616333043, 'audio': 0.3134870383666957}  temps = {'text': 0.8105280350724478, 'audio': 4.819013906610194}  val_f1=0.6314

── Subset: { text+video } ──
  weighted-prob   best val weights = {'text': 0.9500000000000001, 'video': 0.04999999999999993}
  weighted-logit  best val weights = {'text': 0.9500000000000001, 'video': 0.04999999999999993}
  PSO-prob   best val weights = {'text': 0.6865129616333043, 'video': 0.3134870383666957}  temps = {'text': 0.8105280350724478, 'video': 4.819013906610194}  val_f1=0.6385
  PSO-logit  best val weights = {'text': 0.6865129616333043, 'video': 0.3134870383666957}  temps = {'text': 0.8105280350724478, 'video': 4.819013906610194}  val_f1=0.6385

========================================================================================================
Late-Fusion Summary  (macro-F1 / accuracy; V+T = val + test pooled)
========================================================================================================
Strategy                                      Val F1   Val acc   Test F1  Test acc    V+T F1   V+T acc
------------------------------------------------------------------------------------------------------
unimodal: text                                0.6314    0.6452    0.6631    0.6819    0.6570    0.6749
unimodal: audio                               0.4540    0.5000    0.5777    0.5943    0.5556    0.5763
unimodal: video                               0.6288    0.6452    0.5000    0.5219    0.5246    0.5455
[text+audio+video] mean (raw)                 0.6231    0.6452    0.6581    0.6800    0.6514    0.6733
[text+audio+video] mean (T-scaled)            0.6091    0.6290    0.6434    0.6667    0.6368    0.6595
[text+audio+video] logit-mean (raw)           0.6231    0.6452    0.6581    0.6800    0.6514    0.6733
[text+audio+video] logit-mean (T-scaled)      0.6091    0.6290    0.6410    0.6648    0.6349    0.6579
[text+audio+video] weighted (T-scaled, prob)    0.6574    0.6774    0.5639    0.5867    0.5817    0.6040
[text+audio+video] weighted (T-scaled, logit)    0.6473    0.6694    0.5679    0.5905    0.5830    0.6055
[text+audio+video] meta-LR (T-scaled)         0.6342    0.6371    0.5893    0.5943    0.5979    0.6025
[text+audio+video] PSO (prob)                 0.6645    0.6855    0.5663    0.5886    0.5849    0.6071
[text+audio+video] PSO (logit)                0.6601    0.6774    0.5607    0.5829    0.5797    0.6009
[text+audio] mean (raw)                       0.5852    0.6048    0.6631    0.6819    0.6481    0.6672
[text+audio] mean (T-scaled)                  0.6217    0.6371    0.6637    0.6819    0.6557    0.6733
[text+audio] logit-mean (raw)                 0.5852    0.6048    0.6631    0.6819    0.6481    0.6672
[text+audio] logit-mean (T-scaled)            0.6217    0.6371    0.6637    0.6819    0.6557    0.6733
[text+audio] weighted (T-scaled, prob)        0.6314    0.6452    0.6614    0.6800    0.6557    0.6733
[text+audio] weighted (T-scaled, logit)       0.6314    0.6452    0.6614    0.6800    0.6557    0.6733
[text+audio] meta-LR (T-scaled)               0.6170    0.6290    0.6656    0.6800    0.6563    0.6703
[text+audio] PSO (prob)                       0.6314    0.6452    0.6614    0.6800    0.6557    0.6733
[text+audio] PSO (logit)                      0.6314    0.6452    0.6614    0.6800    0.6557    0.6733
[text+video] mean (raw)                       0.6091    0.6290    0.6436    0.6686    0.6370    0.6610
[text+video] mean (T-scaled)                  0.5852    0.6048    0.6378    0.6629    0.6277    0.6518
[text+video] logit-mean (raw)                 0.6091    0.6290    0.6436    0.6686    0.6370    0.6610
[text+video] logit-mean (T-scaled)            0.5852    0.6048    0.6378    0.6629    0.6277    0.6518
[text+video] weighted (T-scaled, prob)        0.6385    0.6532    0.6567    0.6762    0.6533    0.6718
[text+video] weighted (T-scaled, logit)       0.6385    0.6532    0.6567    0.6762    0.6533    0.6718
[text+video] meta-LR (T-scaled)               0.6342    0.6371    0.5893    0.5943    0.5979    0.6025
[text+video] PSO (prob)                       0.6385    0.6532    0.6625    0.6819    0.6579    0.6764
[text+video] PSO (logit)                      0.6385    0.6532    0.6625    0.6819    0.6579    0.6764
========================================================================================================
Temperatures         : {'text': 1.1512820512820514, 'audio': 5.0, 'video': 1.0}
Per-modality weights : /home3/iasarantsev/multimodal/weights/late_fusion_<mod>_best.pth
Per-modality scalers : /home3/iasarantsev/multimodal/weights/late_fusion_<mod>_best.scaler.joblib
Meta + temps + ws    : /home3/iasarantsev/multimodal/weights/late_fusion_meta.joblib
Training curves      : /home3/iasarantsev/multimodal/weights/late_fusion_training_curves.png
