======================================================================
Multimodal Late-Fusion Training — cache-driven
======================================================================
Device              : cpu
Cache dir           : /home3/iasarantsev/multimodal/cache
Video backbone      : videomae
Active modalities   : ['text', 'audio', 'video']
Seed                : 42
Weights dir         : /home3/iasarantsev/multimodal/weights
======================================================================

[Cache] Loading multi-view embedding cache ...
[CachedFusionDataset] N=778  K_t=3  K_a=3  K_v=5  random_view=True
[CachedFusionDataset] N=124  K_t=1  K_a=1  K_v=1  random_view=False
[CachedFusionDataset] N=525  K_t=1  K_a=1  K_v=1  random_view=False
  [train]    778 videos  |  No A-H: 393  With A-H: 385  (49.5% positive)  |  K_t=3 K_a=3 K_v=5
  [val  ]    124 videos  |  No A-H: 49  With A-H: 75  (60.5% positive)  |  K_t=1 K_a=1 K_v=1
  [test ]    525 videos  |  No A-H: 207  With A-H: 318  (60.6% positive)  |  K_t=1 K_a=1 K_v=1

======================================================================
Training modality head: text
======================================================================

[text] input_dim=768  hidden_dims=[128]  dropout=0.3  input_dropout=0.0  lr=1.00e-04  weight_decay=0.05  epochs=50  patience=5
[text] Architecture:
ModalityMLP(
  (mlp): Sequential(
    (0): Linear(in_features=768, out_features=128, bias=True)
    (1): GELU(approximate='none')
    (2): Dropout(p=0.3, inplace=False)
    (3): Linear(in_features=128, out_features=2, bias=True)
  )
)
[text] Trainable params: 98,690
[text] Class counts — No A-H: 393  With A-H: 385

[text] Training MLP head ...
[text] Epoch   1/50  tr_loss=0.6438  tr_f1=0.6551  va_loss=0.6647  va_f1=0.6075  va_acc=0.6210  lr=9.99e-05
  ✓ New best val F1=0.6075 — saved /home3/iasarantsev/multimodal/weights/late_fusion_text_best.pth
[text] Epoch   2/50  tr_loss=0.6216  tr_f1=0.6598  va_loss=0.6426  va_f1=0.5882  va_acc=0.6210  lr=9.96e-05
  ✗ No improvement (1/5)
[text] Epoch   3/50  tr_loss=0.5975  tr_f1=0.6795  va_loss=0.6268  va_f1=0.6129  va_acc=0.6371  lr=9.91e-05
  ✓ New best val F1=0.6129 — saved /home3/iasarantsev/multimodal/weights/late_fusion_text_best.pth
[text] Epoch   4/50  tr_loss=0.5712  tr_f1=0.7129  va_loss=0.6233  va_f1=0.6190  va_acc=0.6371  lr=9.84e-05
  ✓ New best val F1=0.6190 — saved /home3/iasarantsev/multimodal/weights/late_fusion_text_best.pth
[text] Epoch   5/50  tr_loss=0.5843  tr_f1=0.7096  va_loss=0.6425  va_f1=0.6449  va_acc=0.6532  lr=9.76e-05
  ✓ New best val F1=0.6449 — saved /home3/iasarantsev/multimodal/weights/late_fusion_text_best.pth
[text] Epoch   6/50  tr_loss=0.5509  tr_f1=0.7391  va_loss=0.6564  va_f1=0.6079  va_acc=0.6129  lr=9.65e-05
  ✗ No improvement (1/5)
[text] Epoch   7/50  tr_loss=0.5573  tr_f1=0.7440  va_loss=0.6424  va_f1=0.6119  va_acc=0.6210  lr=9.53e-05
  ✗ No improvement (2/5)
[text] Epoch   8/50  tr_loss=0.5571  tr_f1=0.7262  va_loss=0.6228  va_f1=0.6430  va_acc=0.6532  lr=9.39e-05
  ✗ No improvement (3/5)
[text] Epoch   9/50  tr_loss=0.5186  tr_f1=0.7799  va_loss=0.6151  va_f1=0.6503  va_acc=0.6613  lr=9.23e-05
  ✓ New best val F1=0.6503 — saved /home3/iasarantsev/multimodal/weights/late_fusion_text_best.pth
[text] Epoch  10/50  tr_loss=0.5442  tr_f1=0.7385  va_loss=0.6249  va_f1=0.6357  va_acc=0.6452  lr=9.05e-05
  ✗ No improvement (1/5)
[text] Epoch  11/50  tr_loss=0.5221  tr_f1=0.7814  va_loss=0.6386  va_f1=0.6210  va_acc=0.6290  lr=8.86e-05
  ✗ No improvement (2/5)
[text] Epoch  12/50  tr_loss=0.5280  tr_f1=0.7712  va_loss=0.6507  va_f1=0.6418  va_acc=0.6452  lr=8.66e-05
  ✗ No improvement (3/5)
[text] Epoch  13/50  tr_loss=0.5393  tr_f1=0.7378  va_loss=0.6614  va_f1=0.6190  va_acc=0.6210  lr=8.44e-05
  ✗ No improvement (4/5)
[text] Epoch  14/50  tr_loss=0.5341  tr_f1=0.7569  va_loss=0.6693  va_f1=0.6046  va_acc=0.6048  lr=8.21e-05
  ✗ No improvement (5/5)
  ⛔ Early stopping at epoch 14
[text] Trained in 0.4 min — best val F1=0.6503

======================================================================
Training modality head: audio
======================================================================

[audio] input_dim=256  hidden_dims=[256, 128]  dropout=0.2  input_dropout=0.0  lr=1.00e-04  weight_decay=0.01  epochs=50  patience=5
[audio] Architecture:
ModalityMLP(
  (mlp): Sequential(
    (0): Linear(in_features=256, out_features=256, bias=True)
    (1): GELU(approximate='none')
    (2): Dropout(p=0.2, inplace=False)
    (3): Linear(in_features=256, out_features=128, bias=True)
    (4): GELU(approximate='none')
    (5): Dropout(p=0.2, inplace=False)
    (6): Linear(in_features=128, out_features=2, bias=True)
  )
)
[audio] Trainable params: 98,946
[audio] Class counts — No A-H: 393  With A-H: 385

[audio] Training MLP head ...
[audio] Epoch   1/50  tr_loss=0.6939  tr_f1=0.5051  va_loss=0.6961  va_f1=0.4298  va_acc=0.4677  lr=9.99e-05
  ✓ New best val F1=0.4298 — saved /home3/iasarantsev/multimodal/weights/late_fusion_audio_best.pth
[audio] Epoch   2/50  tr_loss=0.6825  tr_f1=0.5705  va_loss=0.7009  va_f1=0.4967  va_acc=0.5242  lr=9.96e-05
  ✓ New best val F1=0.4967 — saved /home3/iasarantsev/multimodal/weights/late_fusion_audio_best.pth
[audio] Epoch   3/50  tr_loss=0.6701  tr_f1=0.5963  va_loss=0.7067  va_f1=0.4796  va_acc=0.5081  lr=9.91e-05
  ✗ No improvement (1/5)
[audio] Epoch   4/50  tr_loss=0.6689  tr_f1=0.6076  va_loss=0.7168  va_f1=0.4536  va_acc=0.4758  lr=9.84e-05
  ✗ No improvement (2/5)
[audio] Epoch   5/50  tr_loss=0.6686  tr_f1=0.5900  va_loss=0.7181  va_f1=0.4720  va_acc=0.5242  lr=9.76e-05
  ✗ No improvement (3/5)
[audio] Epoch   6/50  tr_loss=0.6641  tr_f1=0.6036  va_loss=0.7206  va_f1=0.4655  va_acc=0.5081  lr=9.65e-05
  ✗ No improvement (4/5)
[audio] Epoch   7/50  tr_loss=0.6550  tr_f1=0.6190  va_loss=0.7215  va_f1=0.4777  va_acc=0.5242  lr=9.53e-05
  ✗ No improvement (5/5)
  ⛔ Early stopping at epoch 7
[audio] Trained in 0.3 min — best val F1=0.4967

======================================================================
Training modality head: video
======================================================================

[video] input_dim=768  hidden_dims=[128]  dropout=0.3  input_dropout=0.0  lr=1.00e-04  weight_decay=0.03  epochs=50  patience=10
[video] Architecture:
ModalityMLP(
  (mlp): Sequential(
    (0): Linear(in_features=768, out_features=128, bias=True)
    (1): GELU(approximate='none')
    (2): Dropout(p=0.3, inplace=False)
    (3): Linear(in_features=128, out_features=2, bias=True)
  )
)
[video] Trainable params: 98,690
[video] Class counts — No A-H: 393  With A-H: 385

[video] Training MLP head ...
[video] Epoch   1/50  tr_loss=0.6333  tr_f1=0.6421  va_loss=0.8375  va_f1=0.5367  va_acc=0.5403  lr=9.99e-05
  ✓ New best val F1=0.5367 — saved /home3/iasarantsev/multimodal/weights/late_fusion_video_best.pth
[video] Epoch   2/50  tr_loss=0.5458  tr_f1=0.7558  va_loss=1.0004  va_f1=0.5065  va_acc=0.5081  lr=9.96e-05
  ✗ No improvement (1/10)
[video] Epoch   3/50  tr_loss=0.5617  tr_f1=0.7442  va_loss=1.0237  va_f1=0.4979  va_acc=0.5000  lr=9.91e-05
  ✗ No improvement (2/10)
[video] Epoch   4/50  tr_loss=0.5288  tr_f1=0.7607  va_loss=1.0166  va_f1=0.5055  va_acc=0.5081  lr=9.84e-05
  ✗ No improvement (3/10)
[video] Epoch   5/50  tr_loss=0.5231  tr_f1=0.7712  va_loss=1.0565  va_f1=0.5055  va_acc=0.5081  lr=9.76e-05
  ✗ No improvement (4/10)
[video] Epoch   6/50  tr_loss=0.5088  tr_f1=0.7710  va_loss=1.0950  va_f1=0.5055  va_acc=0.5081  lr=9.65e-05
  ✗ No improvement (5/10)
[video] Epoch   7/50  tr_loss=0.5028  tr_f1=0.7943  va_loss=1.0995  va_f1=0.5055  va_acc=0.5081  lr=9.53e-05
  ✗ No improvement (6/10)
[video] Epoch   8/50  tr_loss=0.4901  tr_f1=0.7951  va_loss=1.0953  va_f1=0.5055  va_acc=0.5081  lr=9.39e-05
  ✗ No improvement (7/10)
[video] Epoch   9/50  tr_loss=0.4800  tr_f1=0.7953  va_loss=1.1223  va_f1=0.5055  va_acc=0.5081  lr=9.23e-05
  ✗ No improvement (8/10)
[video] Epoch  10/50  tr_loss=0.4854  tr_f1=0.7891  va_loss=1.1370  va_f1=0.5130  va_acc=0.5161  lr=9.05e-05
  ✗ No improvement (9/10)
[video] Epoch  11/50  tr_loss=0.5093  tr_f1=0.7737  va_loss=1.1226  va_f1=0.5454  va_acc=0.5484  lr=8.86e-05
  ✓ New best val F1=0.5454 — saved /home3/iasarantsev/multimodal/weights/late_fusion_video_best.pth
[video] Epoch  12/50  tr_loss=0.4896  tr_f1=0.7904  va_loss=1.0772  va_f1=0.5441  va_acc=0.5484  lr=8.66e-05
  ✗ No improvement (1/10)
[video] Epoch  13/50  tr_loss=0.4881  tr_f1=0.8038  va_loss=1.1031  va_f1=0.5352  va_acc=0.5403  lr=8.44e-05
  ✗ No improvement (2/10)
[video] Epoch  14/50  tr_loss=0.4793  tr_f1=0.8233  va_loss=1.1248  va_f1=0.5278  va_acc=0.5323  lr=8.21e-05
  ✗ No improvement (3/10)
[video] Epoch  15/50  tr_loss=0.4859  tr_f1=0.7904  va_loss=1.1193  va_f1=0.5278  va_acc=0.5323  lr=7.96e-05
  ✗ No improvement (4/10)
[video] Epoch  16/50  tr_loss=0.4483  tr_f1=0.8380  va_loss=1.1359  va_f1=0.5278  va_acc=0.5323  lr=7.70e-05
  ✗ No improvement (5/10)
[video] Epoch  17/50  tr_loss=0.4706  tr_f1=0.8059  va_loss=1.1354  va_f1=0.5465  va_acc=0.5484  lr=7.43e-05
  ✓ New best val F1=0.5465 — saved /home3/iasarantsev/multimodal/weights/late_fusion_video_best.pth
[video] Epoch  18/50  tr_loss=0.4600  tr_f1=0.8251  va_loss=1.1431  va_f1=0.5473  va_acc=0.5484  lr=7.16e-05
  ✓ New best val F1=0.5473 — saved /home3/iasarantsev/multimodal/weights/late_fusion_video_best.pth
[video] Epoch  19/50  tr_loss=0.4537  tr_f1=0.8354  va_loss=1.1918  va_f1=0.5557  va_acc=0.5565  lr=6.87e-05
  ✓ New best val F1=0.5557 — saved /home3/iasarantsev/multimodal/weights/late_fusion_video_best.pth
[video] Epoch  20/50  tr_loss=0.4373  tr_f1=0.8457  va_loss=1.2035  va_f1=0.5292  va_acc=0.5323  lr=6.58e-05
  ✗ No improvement (1/10)
[video] Epoch  21/50  tr_loss=0.4595  tr_f1=0.8290  va_loss=1.1657  va_f1=0.5303  va_acc=0.5323  lr=6.28e-05
  ✗ No improvement (2/10)
[video] Epoch  22/50  tr_loss=0.4495  tr_f1=0.8466  va_loss=1.1586  va_f1=0.5465  va_acc=0.5484  lr=5.98e-05
  ✗ No improvement (3/10)
[video] Epoch  23/50  tr_loss=0.4608  tr_f1=0.8183  va_loss=1.1608  va_f1=0.5550  va_acc=0.5565  lr=5.67e-05
  ✗ No improvement (4/10)
[video] Epoch  24/50  tr_loss=0.4489  tr_f1=0.8367  va_loss=1.2063  va_f1=0.5550  va_acc=0.5565  lr=5.36e-05
  ✗ No improvement (5/10)
[video] Epoch  25/50  tr_loss=0.4624  tr_f1=0.8136  va_loss=1.1943  va_f1=0.5541  va_acc=0.5565  lr=5.05e-05
  ✗ No improvement (6/10)
[video] Epoch  26/50  tr_loss=0.4412  tr_f1=0.8393  va_loss=1.1969  va_f1=0.5379  va_acc=0.5403  lr=4.74e-05
  ✗ No improvement (7/10)
[video] Epoch  27/50  tr_loss=0.4470  tr_f1=0.8380  va_loss=1.1761  va_f1=0.5379  va_acc=0.5403  lr=4.43e-05
  ✗ No improvement (8/10)
[video] Epoch  28/50  tr_loss=0.4504  tr_f1=0.8483  va_loss=1.1603  va_f1=0.5303  va_acc=0.5323  lr=4.12e-05
  ✗ No improvement (9/10)
[video] Epoch  29/50  tr_loss=0.4432  tr_f1=0.8457  va_loss=1.1852  va_f1=0.5379  va_acc=0.5403  lr=3.82e-05
  ✗ No improvement (10/10)
  ⛔ Early stopping at epoch 29
[video] Trained in 0.8 min — best val F1=0.5557
Training curves saved → /home3/iasarantsev/multimodal/weights/late_fusion_training_curves.png

======================================================================
Per-modality test scores (before fusion)
======================================================================

[text (test, view 0)] Macro-F1: 0.6919  |  Accuracy: 0.7029
[text (test, view 0)] Label dist : {1: 318, 0: 207}
[text (test, view 0)] Pred  dist : {0: 219, 1: 306}
              precision    recall  f1-score   support

      No A-H     0.6164    0.6522    0.6338       207
    With A-H     0.7647    0.7358    0.7500       318

    accuracy                         0.7029       525
   macro avg     0.6906    0.6940    0.6919       525
weighted avg     0.7062    0.7029    0.7042       525


[audio (test, view 0)] Macro-F1: 0.5537  |  Accuracy: 0.5619
[audio (test, view 0)] Label dist : {1: 318, 0: 207}
[audio (test, view 0)] Pred  dist : {0: 247, 1: 278}
              precision    recall  f1-score   support

      No A-H     0.4534    0.5411    0.4934       207
    With A-H     0.6583    0.5755    0.6141       318

    accuracy                         0.5619       525
   macro avg     0.5559    0.5583    0.5537       525
weighted avg     0.5775    0.5619    0.5665       525


[video (test, view 0)] Macro-F1: 0.5094  |  Accuracy: 0.5124
[video (test, view 0)] Label dist : {1: 318, 0: 207}
[video (test, view 0)] Pred  dist : {0: 277, 1: 248}
              precision    recall  f1-score   support

      No A-H     0.4116    0.5507    0.4711       207
    With A-H     0.6250    0.4874    0.5477       318

    accuracy                         0.5124       525
   macro avg     0.5183    0.5191    0.5094       525
weighted avg     0.5408    0.5124    0.5175       525


======================================================================
Temperature scaling (fit on val NLL)
======================================================================
  [text] T*=1.253  (T>1 ⇒ softening over-confident head)
  [audio] T*=5.000  (T>1 ⇒ softening over-confident head)
  [video] T*=5.000  (T>1 ⇒ softening over-confident head)

======================================================================
Late-fusion combiners — full set + leave-out subsets
======================================================================

── Subset: { text+audio+video } ──
  weighted-prob   best val weights = {'text': 0.5, 'audio': 0.15000000000000002, 'video': 0.35}
  weighted-logit  best val weights = {'text': 0.45, 'audio': 0.25, 'video': 0.30000000000000004}
  PSO-prob   best val weights = {'text': 0.8777508881714194, 'audio': 0.05809232750480611, 'video': 0.06415678432377453}  temps = {'text': 5.0, 'audio': 4.477464274738227, 'video': 1.5231949202676556}  val_f1=0.7260
  PSO-logit  best val weights = {'text': 0.6721844594471273, 'audio': 0.08130148156471298, 'video': 0.24651405898815962}  temps = {'text': 1.4451122084791497, 'audio': 4.2211859189524485, 'video': 3.076828734222116}  val_f1=0.7169

── Subset: { text+audio } ──
  weighted-prob   best val weights = {'text': 0.6000000000000001, 'audio': 0.3999999999999999}
  weighted-logit  best val weights = {'text': 0.6000000000000001, 'audio': 0.3999999999999999}
  PSO-prob   best val weights = {'text': 0.6865129616333043, 'audio': 0.3134870383666957}  temps = {'text': 0.8105280350724478, 'audio': 4.819013906610194}  val_f1=0.6503
  PSO-logit  best val weights = {'text': 0.6865129616333043, 'audio': 0.3134870383666957}  temps = {'text': 0.8105280350724478, 'audio': 4.819013906610194}  val_f1=0.6503

── Subset: { text+video } ──
  weighted-prob   best val weights = {'text': 0.6000000000000001, 'video': 0.3999999999999999}
  weighted-logit  best val weights = {'text': 0.6000000000000001, 'video': 0.3999999999999999}
  PSO-prob   best val weights = {'text': 0.8112885950832744, 'video': 0.18871140491672544}  temps = {'text': 1.5894884927352662, 'video': 1.601494640697734}  val_f1=0.7260
  PSO-logit  best val weights = {'text': 0.5692497556100148, 'video': 0.43075024438998527}  temps = {'text': 0.25, 'video': 1.1024916820762267}  val_f1=0.7169

========================================================================================================
Late-Fusion Summary  (macro-F1 / accuracy; V+T = val + test pooled)
========================================================================================================
Strategy                                      Val F1   Val acc   Test F1  Test acc    V+T F1   V+T acc
------------------------------------------------------------------------------------------------------
unimodal: text                                0.6503    0.6613    0.6919    0.7029    0.6839    0.6949
unimodal: audio                               0.4967    0.5242    0.5537    0.5619    0.5439    0.5547
unimodal: video                               0.5557    0.5565    0.5094    0.5124    0.5184    0.5208
[text+audio+video] mean (raw)                 0.6190    0.6210    0.6101    0.6133    0.6118    0.6148
[text+audio+video] mean (T-scaled)            0.6705    0.6774    0.6854    0.6952    0.6825    0.6918
[text+audio+video] logit-mean (raw)           0.6113    0.6129    0.6077    0.6114    0.6085    0.6117
[text+audio+video] logit-mean (T-scaled)      0.6705    0.6774    0.6854    0.6952    0.6825    0.6918
[text+audio+video] weighted (T-scaled, prob)    0.7169    0.7258    0.6792    0.6895    0.6864    0.6965
[text+audio+video] weighted (T-scaled, logit)    0.7169    0.7258    0.6810    0.6914    0.6879    0.6980
[text+audio+video] meta-LR (T-scaled)         0.6286    0.6290    0.6326    0.6362    0.6321    0.6348
[text+audio+video] PSO (prob)                 0.7260    0.7339    0.6845    0.6952    0.6925    0.7026
[text+audio+video] PSO (logit)                0.7169    0.7258    0.6792    0.6895    0.6864    0.6965
[text+audio] mean (raw)                       0.6242    0.6371    0.6884    0.6990    0.6761    0.6872
[text+audio] mean (T-scaled)                  0.6409    0.6532    0.6880    0.6990    0.6789    0.6903
[text+audio] logit-mean (raw)                 0.6242    0.6371    0.6884    0.6990    0.6761    0.6872
[text+audio] logit-mean (T-scaled)            0.6409    0.6532    0.6880    0.6990    0.6789    0.6903
[text+audio] weighted (T-scaled, prob)        0.6503    0.6613    0.6862    0.6971    0.6793    0.6903
[text+audio] weighted (T-scaled, logit)       0.6503    0.6613    0.6862    0.6971    0.6793    0.6903
[text+audio] meta-LR (T-scaled)               0.6449    0.6532    0.6938    0.7010    0.6845    0.6918
[text+audio] PSO (prob)                       0.6503    0.6613    0.6902    0.7010    0.6825    0.6934
[text+audio] PSO (logit)                      0.6503    0.6613    0.6902    0.7010    0.6825    0.6934
[text+video] mean (raw)                       0.6036    0.6048    0.6000    0.6038    0.6008    0.6040
[text+video] mean (T-scaled)                  0.6870    0.6935    0.6814    0.6914    0.6825    0.6918
[text+video] logit-mean (raw)                 0.6036    0.6048    0.6000    0.6038    0.6008    0.6040
[text+video] logit-mean (T-scaled)            0.6870    0.6935    0.6814    0.6914    0.6825    0.6918
[text+video] weighted (T-scaled, prob)        0.7094    0.7177    0.6814    0.6914    0.6868    0.6965
[text+video] weighted (T-scaled, logit)       0.7094    0.7177    0.6810    0.6914    0.6864    0.6965
[text+video] meta-LR (T-scaled)               0.6286    0.6290    0.6326    0.6362    0.6321    0.6348
[text+video] PSO (prob)                       0.7260    0.7339    0.6827    0.6933    0.6910    0.7011
[text+video] PSO (logit)                      0.7169    0.7258    0.6792    0.6895    0.6864    0.6965
========================================================================================================
Temperatures         : {'text': 1.2525641025641026, 'audio': 5.0, 'video': 5.0}
Per-modality weights : /home3/iasarantsev/multimodal/weights/late_fusion_<mod>_best.pth
Per-modality scalers : /home3/iasarantsev/multimodal/weights/late_fusion_<mod>_best.scaler.joblib
Meta + temps + ws    : /home3/iasarantsev/multimodal/weights/late_fusion_meta.joblib
Training curves      : /home3/iasarantsev/multimodal/weights/late_fusion_training_curves.png
