======================================================================
Multimodal Late-Fusion Training — cache-driven
======================================================================
Device              : cpu
Cache dir           : /home3/iasarantsev/multimodal/cache
Video backbone      : videomae
Audio backbone      : hubert
Active modalities   : ['text', 'audio', 'video']
Seed                : 42
Weights dir         : /home3/iasarantsev/multimodal/weights
======================================================================

[Cache] Loading multi-view embedding cache ...
[CachedFusionDataset] N=778  K_t=3  K_a=5  K_v=5  random_view=True
[CachedFusionDataset] N=124  K_t=1  K_a=1  K_v=1  random_view=False
[CachedFusionDataset] N=525  K_t=1  K_a=1  K_v=1  random_view=False
  [train]    778 videos  |  No A-H: 393  With A-H: 385  (49.5% positive)  |  K_t=3 K_a=5 K_v=5
  [val  ]    124 videos  |  No A-H: 49  With A-H: 75  (60.5% positive)  |  K_t=1 K_a=1 K_v=1
  [test ]    525 videos  |  No A-H: 207  With A-H: 318  (60.6% positive)  |  K_t=1 K_a=1 K_v=1

======================================================================
Training modality head: text
======================================================================
[text] Using StandardScaler (z-score normalization)

[text] input_dim=768  hidden_dims=[128]  dropout=0.3  input_dropout=0.0  gaussian_noise=0.0  batchnorm=False  activation=gelu  normalization=standard
[text] lr=5.00e-05  weight_decay=0.05  epochs=50  patience=5  scheduler=cosine
[text] Architecture:
ModalityMLP(
  (mlp): Sequential(
    (0): Linear(in_features=768, out_features=128, bias=True)
    (1): GELU(approximate='none')
    (2): Dropout(p=0.3, inplace=False)
    (3): Linear(in_features=128, out_features=2, bias=True)
  )
)
[text] Trainable params: 98,690
[text] Class counts — No A-H: 393  With A-H: 385

[text] Training MLP head ...
[text] Epoch   1/50  tr_loss=0.6293  tr_f1=0.6688  va_loss=0.6657  va_f1=0.5932  va_acc=0.6048  lr=5.00e-05
  ✓ New best val F1=0.5932 — saved /home3/iasarantsev/multimodal/weights/late_fusion_text_best.pth
[text] Epoch   2/50  tr_loss=0.6163  tr_f1=0.6782  va_loss=0.6440  va_f1=0.5990  va_acc=0.6210  lr=4.98e-05
  ✓ New best val F1=0.5990 — saved /home3/iasarantsev/multimodal/weights/late_fusion_text_best.pth
[text] Epoch   3/50  tr_loss=0.5965  tr_f1=0.6874  va_loss=0.6178  va_f1=0.6268  va_acc=0.6532  lr=4.96e-05
  ✓ New best val F1=0.6268 — saved /home3/iasarantsev/multimodal/weights/late_fusion_text_best.pth
[text] Epoch   4/50  tr_loss=0.5574  tr_f1=0.7330  va_loss=0.6288  va_f1=0.6314  va_acc=0.6452  lr=4.92e-05
  ✓ New best val F1=0.6314 — saved /home3/iasarantsev/multimodal/weights/late_fusion_text_best.pth
[text] Epoch   5/50  tr_loss=0.5839  tr_f1=0.7262  va_loss=0.6336  va_f1=0.6170  va_acc=0.6290  lr=4.88e-05
  ✗ No improvement vs prev epoch (1/5)
[text] Epoch   6/50  tr_loss=0.5509  tr_f1=0.7480  va_loss=0.6427  va_f1=0.6026  va_acc=0.6129  lr=4.83e-05
  ✗ No improvement vs prev epoch (2/5)
[text] Epoch   7/50  tr_loss=0.5552  tr_f1=0.7481  va_loss=0.6417  va_f1=0.6301  va_acc=0.6371  lr=4.76e-05
[text] Epoch   8/50  tr_loss=0.5597  tr_f1=0.7236  va_loss=0.6198  va_f1=0.6314  va_acc=0.6452  lr=4.69e-05
[text] Epoch   9/50  tr_loss=0.5266  tr_f1=0.7722  va_loss=0.6420  va_f1=0.6406  va_acc=0.6452  lr=4.61e-05
  ✓ New best val F1=0.6406 — saved /home3/iasarantsev/multimodal/weights/late_fusion_text_best.pth
[text] Epoch  10/50  tr_loss=0.5418  tr_f1=0.7524  va_loss=0.6309  va_f1=0.6375  va_acc=0.6452  lr=4.53e-05
  ✗ No improvement vs prev epoch (1/5)
[text] Epoch  11/50  tr_loss=0.5103  tr_f1=0.7832  va_loss=0.6378  va_f1=0.6210  va_acc=0.6290  lr=4.43e-05
  ✗ No improvement vs prev epoch (2/5)
[text] Epoch  12/50  tr_loss=0.5261  tr_f1=0.7673  va_loss=0.6392  va_f1=0.6392  va_acc=0.6452  lr=4.33e-05
[text] Epoch  13/50  tr_loss=0.5335  tr_f1=0.7543  va_loss=0.6345  va_f1=0.6392  va_acc=0.6452  lr=4.22e-05
  ✗ No improvement vs prev epoch (1/5)
[text] Epoch  14/50  tr_loss=0.5405  tr_f1=0.7514  va_loss=0.6270  va_f1=0.6392  va_acc=0.6452  lr=4.10e-05
  ✗ No improvement vs prev epoch (2/5)
[text] Epoch  15/50  tr_loss=0.5170  tr_f1=0.7711  va_loss=0.6461  va_f1=0.6481  va_acc=0.6532  lr=3.98e-05
  ✓ New best val F1=0.6481 — saved /home3/iasarantsev/multimodal/weights/late_fusion_text_best.pth
[text] Epoch  16/50  tr_loss=0.5204  tr_f1=0.7840  va_loss=0.6539  va_f1=0.6418  va_acc=0.6452  lr=3.85e-05
  ✗ No improvement vs prev epoch (1/5)
[text] Epoch  17/50  tr_loss=0.5146  tr_f1=0.7711  va_loss=0.6347  va_f1=0.6540  va_acc=0.6613  lr=3.72e-05
  ✓ New best val F1=0.6540 — saved /home3/iasarantsev/multimodal/weights/late_fusion_text_best.pth
[text] Epoch  18/50  tr_loss=0.5566  tr_f1=0.7325  va_loss=0.6459  va_f1=0.6180  va_acc=0.6210  lr=3.58e-05
  ✗ No improvement vs prev epoch (1/5)
[text] Epoch  19/50  tr_loss=0.4899  tr_f1=0.8084  va_loss=0.6426  va_f1=0.6481  va_acc=0.6532  lr=3.44e-05
[text] Epoch  20/50  tr_loss=0.5223  tr_f1=0.7686  va_loss=0.6263  va_f1=0.6357  va_acc=0.6452  lr=3.29e-05
  ✗ No improvement vs prev epoch (1/5)
[text] Epoch  21/50  tr_loss=0.5067  tr_f1=0.7826  va_loss=0.6339  va_f1=0.6392  va_acc=0.6452  lr=3.14e-05
[text] Epoch  22/50  tr_loss=0.4986  tr_f1=0.7840  va_loss=0.6361  va_f1=0.6137  va_acc=0.6210  lr=2.99e-05
  ✗ No improvement vs prev epoch (1/5)
[text] Epoch  23/50  tr_loss=0.5042  tr_f1=0.7852  va_loss=0.6377  va_f1=0.6137  va_acc=0.6210  lr=2.84e-05
  ✗ No improvement vs prev epoch (2/5)
[text] Epoch  24/50  tr_loss=0.5071  tr_f1=0.7891  va_loss=0.6316  va_f1=0.6137  va_acc=0.6210  lr=2.68e-05
  ✗ No improvement vs prev epoch (3/5)
[text] Epoch  25/50  tr_loss=0.4985  tr_f1=0.7892  va_loss=0.6486  va_f1=0.6352  va_acc=0.6371  lr=2.52e-05
[text] Epoch  26/50  tr_loss=0.4822  tr_f1=0.8033  va_loss=0.6573  va_f1=0.6275  va_acc=0.6290  lr=2.37e-05
  ✗ No improvement vs prev epoch (1/5)
[text] Epoch  27/50  tr_loss=0.5065  tr_f1=0.7750  va_loss=0.6439  va_f1=0.6505  va_acc=0.6532  lr=2.21e-05
[text] Epoch  28/50  tr_loss=0.5082  tr_f1=0.7772  va_loss=0.6517  va_f1=0.6275  va_acc=0.6290  lr=2.06e-05
  ✗ No improvement vs prev epoch (1/5)
[text] Epoch  29/50  tr_loss=0.4786  tr_f1=0.8000  va_loss=0.6471  va_f1=0.6505  va_acc=0.6532  lr=1.91e-05
[text] Epoch  30/50  tr_loss=0.4772  tr_f1=0.8148  va_loss=0.6512  va_f1=0.6275  va_acc=0.6290  lr=1.76e-05
  ✗ No improvement vs prev epoch (1/5)
[text] Epoch  31/50  tr_loss=0.5062  tr_f1=0.7857  va_loss=0.6518  va_f1=0.6352  va_acc=0.6371  lr=1.61e-05
[text] Epoch  32/50  tr_loss=0.5028  tr_f1=0.7839  va_loss=0.6423  va_f1=0.6352  va_acc=0.6371  lr=1.47e-05
  ✗ No improvement vs prev epoch (1/5)
[text] Epoch  33/50  tr_loss=0.4723  tr_f1=0.8224  va_loss=0.6463  va_f1=0.6352  va_acc=0.6371  lr=1.33e-05
  ✗ No improvement vs prev epoch (2/5)
[text] Epoch  34/50  tr_loss=0.4885  tr_f1=0.7826  va_loss=0.6505  va_f1=0.6352  va_acc=0.6371  lr=1.20e-05
  ✗ No improvement vs prev epoch (3/5)
[text] Epoch  35/50  tr_loss=0.4713  tr_f1=0.8110  va_loss=0.6542  va_f1=0.6352  va_acc=0.6371  lr=1.07e-05
  ✗ No improvement vs prev epoch (4/5)
[text] Epoch  36/50  tr_loss=0.4897  tr_f1=0.8006  va_loss=0.6473  va_f1=0.6266  va_acc=0.6290  lr=9.47e-06
  ✗ No improvement vs prev epoch (5/5)
  ⛔ Early stopping at epoch 36 (best val F1=0.6540)
[text] Trained in 0.1 min — best val F1=0.6540

======================================================================
Training modality head: audio
======================================================================
[audio] Using L2 normalization (per-sample unit norm)

[audio] input_dim=256  hidden_dims=[256, 128]  dropout=0.2  input_dropout=0.0  gaussian_noise=0.025  batchnorm=True  activation=relu  normalization=l2
[audio] lr=1.00e-03  weight_decay=0.01  epochs=200  patience=20  scheduler=plateau
[audio] Architecture:
ModalityMLP(
  (mlp): Sequential(
    (0): _GaussianNoise(std=0.025)
    (1): Linear(in_features=256, out_features=256, bias=True)
    (2): BatchNorm1d(256, eps=1e-05, momentum=0.1, affine=True, track_running_stats=True)
    (3): ReLU()
    (4): Dropout(p=0.2, inplace=False)
    (5): Linear(in_features=256, out_features=128, bias=True)
    (6): BatchNorm1d(128, eps=1e-05, momentum=0.1, affine=True, track_running_stats=True)
    (7): ReLU()
    (8): Dropout(p=0.2, inplace=False)
    (9): Linear(in_features=128, out_features=2, bias=True)
  )
)
[audio] Trainable params: 99,714
[audio] Class counts — No A-H: 393  With A-H: 385

[audio] Training MLP head ...
[audio] Epoch   1/200  tr_loss=0.6924  tr_f1=0.5786  va_loss=0.6909  va_f1=0.6026  va_acc=0.6290  lr=1.00e-03
  ✓ New best val F1=0.6026 — saved /home3/iasarantsev/multimodal/weights/late_fusion_audio_best.pth
[audio] Epoch   2/200  tr_loss=0.6650  tr_f1=0.6297  va_loss=0.7103  va_f1=0.5531  va_acc=0.5887  lr=1.00e-03
  ✗ No improvement vs prev epoch (1/20)
[audio] Epoch   3/200  tr_loss=0.6633  tr_f1=0.6214  va_loss=0.7091  va_f1=0.5811  va_acc=0.5968  lr=1.00e-03
[audio] Epoch   4/200  tr_loss=0.6366  tr_f1=0.6581  va_loss=0.7186  va_f1=0.5574  va_acc=0.5726  lr=1.00e-03
  ✗ No improvement vs prev epoch (1/20)
[audio] Epoch   5/200  tr_loss=0.6190  tr_f1=0.6747  va_loss=0.8225  va_f1=0.5678  va_acc=0.5726  lr=5.00e-04
[audio] Epoch   6/200  tr_loss=0.6354  tr_f1=0.6702  va_loss=0.7181  va_f1=0.5682  va_acc=0.5887  lr=5.00e-04
[audio] Epoch   7/200  tr_loss=0.6316  tr_f1=0.6888  va_loss=0.7584  va_f1=0.4837  va_acc=0.5000  lr=5.00e-04
  ✗ No improvement vs prev epoch (1/20)
[audio] Epoch   8/200  tr_loss=0.6412  tr_f1=0.6655  va_loss=0.7558  va_f1=0.5262  va_acc=0.5323  lr=5.00e-04
[audio] Epoch   9/200  tr_loss=0.6287  tr_f1=0.6517  va_loss=0.7557  va_f1=0.5293  va_acc=0.5403  lr=2.50e-04
[audio] Epoch  10/200  tr_loss=0.6059  tr_f1=0.7073  va_loss=0.7652  va_f1=0.5434  va_acc=0.5565  lr=2.50e-04
[audio] Epoch  11/200  tr_loss=0.6163  tr_f1=0.6696  va_loss=0.7575  va_f1=0.5278  va_acc=0.5323  lr=2.50e-04
  ✗ No improvement vs prev epoch (1/20)
[audio] Epoch  12/200  tr_loss=0.5985  tr_f1=0.6987  va_loss=0.7446  va_f1=0.5515  va_acc=0.5565  lr=2.50e-04
[audio] Epoch  13/200  tr_loss=0.6059  tr_f1=0.6927  va_loss=0.7502  va_f1=0.5377  va_acc=0.5565  lr=1.25e-04
  ✗ No improvement vs prev epoch (1/20)
[audio] Epoch  14/200  tr_loss=0.6202  tr_f1=0.6747  va_loss=0.7638  va_f1=0.5243  va_acc=0.5323  lr=1.25e-04
  ✗ No improvement vs prev epoch (2/20)
[audio] Epoch  15/200  tr_loss=0.5951  tr_f1=0.7092  va_loss=0.7485  va_f1=0.5267  va_acc=0.5403  lr=1.25e-04
[audio] Epoch  16/200  tr_loss=0.5852  tr_f1=0.7211  va_loss=0.7682  va_f1=0.5293  va_acc=0.5403  lr=1.25e-04
[audio] Epoch  17/200  tr_loss=0.6068  tr_f1=0.6686  va_loss=0.7573  va_f1=0.5426  va_acc=0.5484  lr=6.25e-05
[audio] Epoch  18/200  tr_loss=0.6103  tr_f1=0.6853  va_loss=0.7617  va_f1=0.5335  va_acc=0.5403  lr=6.25e-05
  ✗ No improvement vs prev epoch (1/20)
[audio] Epoch  19/200  tr_loss=0.5762  tr_f1=0.7133  va_loss=0.7616  va_f1=0.5171  va_acc=0.5323  lr=6.25e-05
  ✗ No improvement vs prev epoch (2/20)
[audio] Epoch  20/200  tr_loss=0.5833  tr_f1=0.7048  va_loss=0.7699  va_f1=0.5198  va_acc=0.5323  lr=6.25e-05
[audio] Epoch  21/200  tr_loss=0.6104  tr_f1=0.6912  va_loss=0.7638  va_f1=0.5151  va_acc=0.5242  lr=3.13e-05
  ✗ No improvement vs prev epoch (1/20)
[audio] Epoch  22/200  tr_loss=0.5958  tr_f1=0.6952  va_loss=0.7687  va_f1=0.5128  va_acc=0.5242  lr=3.13e-05
  ✗ No improvement vs prev epoch (2/20)
[audio] Epoch  23/200  tr_loss=0.5891  tr_f1=0.7159  va_loss=0.7651  va_f1=0.5171  va_acc=0.5242  lr=3.13e-05
[audio] Epoch  24/200  tr_loss=0.6073  tr_f1=0.6912  va_loss=0.7675  va_f1=0.5128  va_acc=0.5242  lr=3.13e-05
  ✗ No improvement vs prev epoch (1/20)
[audio] Epoch  25/200  tr_loss=0.5852  tr_f1=0.6997  va_loss=0.7501  va_f1=0.5239  va_acc=0.5403  lr=1.56e-05
[audio] Epoch  26/200  tr_loss=0.5784  tr_f1=0.7286  va_loss=0.7544  va_f1=0.5239  va_acc=0.5403  lr=1.56e-05
  ✗ No improvement vs prev epoch (1/20)
[audio] Epoch  27/200  tr_loss=0.6064  tr_f1=0.7012  va_loss=0.7598  va_f1=0.5171  va_acc=0.5323  lr=1.56e-05
  ✗ No improvement vs prev epoch (2/20)
[audio] Epoch  28/200  tr_loss=0.5799  tr_f1=0.7186  va_loss=0.7587  va_f1=0.5151  va_acc=0.5242  lr=1.56e-05
  ✗ No improvement vs prev epoch (3/20)
[audio] Epoch  29/200  tr_loss=0.5775  tr_f1=0.7374  va_loss=0.7723  va_f1=0.4995  va_acc=0.5000  lr=7.81e-06
  ✗ No improvement vs prev epoch (4/20)
[audio] Epoch  30/200  tr_loss=0.6021  tr_f1=0.6758  va_loss=0.7538  va_f1=0.5072  va_acc=0.5242  lr=7.81e-06
[audio] Epoch  31/200  tr_loss=0.5701  tr_f1=0.7259  va_loss=0.7627  va_f1=0.5278  va_acc=0.5323  lr=7.81e-06
[audio] Epoch  32/200  tr_loss=0.5887  tr_f1=0.7171  va_loss=0.7633  va_f1=0.5262  va_acc=0.5323  lr=7.81e-06
  ✗ No improvement vs prev epoch (1/20)
[audio] Epoch  33/200  tr_loss=0.5772  tr_f1=0.7120  va_loss=0.7597  va_f1=0.5151  va_acc=0.5242  lr=3.91e-06
  ✗ No improvement vs prev epoch (2/20)
[audio] Epoch  34/200  tr_loss=0.5896  tr_f1=0.6920  va_loss=0.7688  va_f1=0.5116  va_acc=0.5161  lr=3.91e-06
  ✗ No improvement vs prev epoch (3/20)
[audio] Epoch  35/200  tr_loss=0.5685  tr_f1=0.7301  va_loss=0.7574  va_f1=0.5267  va_acc=0.5403  lr=3.91e-06
[audio] Epoch  36/200  tr_loss=0.6265  tr_f1=0.6704  va_loss=0.7651  va_f1=0.5171  va_acc=0.5323  lr=3.91e-06
  ✗ No improvement vs prev epoch (1/20)
[audio] Epoch  37/200  tr_loss=0.5788  tr_f1=0.7222  va_loss=0.7509  va_f1=0.5315  va_acc=0.5403  lr=1.95e-06
[audio] Epoch  38/200  tr_loss=0.5793  tr_f1=0.7076  va_loss=0.7478  va_f1=0.5208  va_acc=0.5403  lr=1.95e-06
  ✗ No improvement vs prev epoch (1/20)
[audio] Epoch  39/200  tr_loss=0.5572  tr_f1=0.7375  va_loss=0.7648  va_f1=0.5101  va_acc=0.5242  lr=1.95e-06
  ✗ No improvement vs prev epoch (2/20)
[audio] Epoch  40/200  tr_loss=0.6007  tr_f1=0.6951  va_loss=0.7600  va_f1=0.5377  va_acc=0.5565  lr=1.95e-06
[audio] Epoch  41/200  tr_loss=0.5828  tr_f1=0.7181  va_loss=0.7508  va_f1=0.5151  va_acc=0.5242  lr=1.00e-06
  ✗ No improvement vs prev epoch (1/20)
[audio] Epoch  42/200  tr_loss=0.5894  tr_f1=0.7172  va_loss=0.7617  va_f1=0.5128  va_acc=0.5242  lr=1.00e-06
  ✗ No improvement vs prev epoch (2/20)
[audio] Epoch  43/200  tr_loss=0.5933  tr_f1=0.7030  va_loss=0.7619  va_f1=0.5335  va_acc=0.5403  lr=1.00e-06
[audio] Epoch  44/200  tr_loss=0.5753  tr_f1=0.7221  va_loss=0.7678  va_f1=0.5335  va_acc=0.5403  lr=1.00e-06
  ✗ No improvement vs prev epoch (1/20)
[audio] Epoch  45/200  tr_loss=0.5890  tr_f1=0.6990  va_loss=0.7589  va_f1=0.5293  va_acc=0.5403  lr=1.00e-06
  ✗ No improvement vs prev epoch (2/20)
[audio] Epoch  46/200  tr_loss=0.5993  tr_f1=0.7027  va_loss=0.7615  va_f1=0.5101  va_acc=0.5242  lr=1.00e-06
  ✗ No improvement vs prev epoch (3/20)
[audio] Epoch  47/200  tr_loss=0.5658  tr_f1=0.7154  va_loss=0.7529  va_f1=0.5407  va_acc=0.5484  lr=1.00e-06
[audio] Epoch  48/200  tr_loss=0.6187  tr_f1=0.6691  va_loss=0.7520  va_f1=0.5171  va_acc=0.5323  lr=1.00e-06
  ✗ No improvement vs prev epoch (1/20)
[audio] Epoch  49/200  tr_loss=0.5945  tr_f1=0.7029  va_loss=0.7612  va_f1=0.5239  va_acc=0.5403  lr=1.00e-06
[audio] Epoch  50/200  tr_loss=0.5720  tr_f1=0.7454  va_loss=0.7669  va_f1=0.5130  va_acc=0.5161  lr=1.00e-06
  ✗ No improvement vs prev epoch (1/20)
[audio] Epoch  51/200  tr_loss=0.5825  tr_f1=0.7133  va_loss=0.7619  va_f1=0.5243  va_acc=0.5323  lr=1.00e-06
[audio] Epoch  52/200  tr_loss=0.6061  tr_f1=0.6748  va_loss=0.7604  va_f1=0.5171  va_acc=0.5323  lr=1.00e-06
  ✗ No improvement vs prev epoch (1/20)
[audio] Epoch  53/200  tr_loss=0.5865  tr_f1=0.6978  va_loss=0.7586  va_f1=0.5293  va_acc=0.5403  lr=1.00e-06
[audio] Epoch  54/200  tr_loss=0.5795  tr_f1=0.7156  va_loss=0.7483  va_f1=0.5040  va_acc=0.5242  lr=1.00e-06
  ✗ No improvement vs prev epoch (1/20)
[audio] Epoch  55/200  tr_loss=0.5713  tr_f1=0.7314  va_loss=0.7579  va_f1=0.5171  va_acc=0.5323  lr=1.00e-06
[audio] Epoch  56/200  tr_loss=0.5905  tr_f1=0.7198  va_loss=0.7649  va_f1=0.5239  va_acc=0.5403  lr=1.00e-06
[audio] Epoch  57/200  tr_loss=0.5855  tr_f1=0.7349  va_loss=0.7558  va_f1=0.5198  va_acc=0.5323  lr=1.00e-06
  ✗ No improvement vs prev epoch (1/20)
[audio] Epoch  58/200  tr_loss=0.5795  tr_f1=0.7196  va_loss=0.7627  va_f1=0.5335  va_acc=0.5403  lr=1.00e-06
[audio] Epoch  59/200  tr_loss=0.5593  tr_f1=0.7195  va_loss=0.7508  va_f1=0.5004  va_acc=0.5161  lr=1.00e-06
  ✗ No improvement vs prev epoch (1/20)
[audio] Epoch  60/200  tr_loss=0.5955  tr_f1=0.7009  va_loss=0.7476  va_f1=0.5004  va_acc=0.5161  lr=1.00e-06
  ✗ No improvement vs prev epoch (2/20)
[audio] Epoch  61/200  tr_loss=0.6063  tr_f1=0.6850  va_loss=0.7669  va_f1=0.5128  va_acc=0.5242  lr=1.00e-06
[audio] Epoch  62/200  tr_loss=0.5983  tr_f1=0.6925  va_loss=0.7540  va_f1=0.5101  va_acc=0.5242  lr=1.00e-06
  ✗ No improvement vs prev epoch (1/20)
[audio] Epoch  63/200  tr_loss=0.6062  tr_f1=0.6819  va_loss=0.7521  va_f1=0.5337  va_acc=0.5484  lr=1.00e-06
[audio] Epoch  64/200  tr_loss=0.5885  tr_f1=0.7120  va_loss=0.7533  va_f1=0.5101  va_acc=0.5242  lr=1.00e-06
  ✗ No improvement vs prev epoch (1/20)
[audio] Epoch  65/200  tr_loss=0.5859  tr_f1=0.7025  va_loss=0.7565  va_f1=0.5222  va_acc=0.5323  lr=1.00e-06
[audio] Epoch  66/200  tr_loss=0.5865  tr_f1=0.7208  va_loss=0.7585  va_f1=0.5222  va_acc=0.5323  lr=1.00e-06
  ✗ No improvement vs prev epoch (1/20)
[audio] Epoch  67/200  tr_loss=0.6084  tr_f1=0.7037  va_loss=0.7588  va_f1=0.5293  va_acc=0.5403  lr=1.00e-06
[audio] Epoch  68/200  tr_loss=0.5731  tr_f1=0.7280  va_loss=0.7587  va_f1=0.5101  va_acc=0.5242  lr=1.00e-06
  ✗ No improvement vs prev epoch (1/20)
[audio] Epoch  69/200  tr_loss=0.5852  tr_f1=0.7192  va_loss=0.7532  va_f1=0.5128  va_acc=0.5242  lr=1.00e-06
[audio] Epoch  70/200  tr_loss=0.5780  tr_f1=0.7255  va_loss=0.7715  va_f1=0.5352  va_acc=0.5403  lr=1.00e-06
[audio] Epoch  71/200  tr_loss=0.5586  tr_f1=0.7556  va_loss=0.7651  va_f1=0.5189  va_acc=0.5242  lr=1.00e-06
  ✗ No improvement vs prev epoch (1/20)
[audio] Epoch  72/200  tr_loss=0.6080  tr_f1=0.7017  va_loss=0.7499  va_f1=0.5222  va_acc=0.5323  lr=1.00e-06
[audio] Epoch  73/200  tr_loss=0.6036  tr_f1=0.7117  va_loss=0.7652  va_f1=0.5239  va_acc=0.5403  lr=1.00e-06
[audio] Epoch  74/200  tr_loss=0.5698  tr_f1=0.7182  va_loss=0.7592  va_f1=0.5293  va_acc=0.5403  lr=1.00e-06
[audio] Epoch  75/200  tr_loss=0.5952  tr_f1=0.7023  va_loss=0.7653  va_f1=0.5099  va_acc=0.5161  lr=1.00e-06
  ✗ No improvement vs prev epoch (1/20)
[audio] Epoch  76/200  tr_loss=0.5716  tr_f1=0.7425  va_loss=0.7585  va_f1=0.5293  va_acc=0.5403  lr=1.00e-06
[audio] Epoch  77/200  tr_loss=0.5962  tr_f1=0.7002  va_loss=0.7637  va_f1=0.5243  va_acc=0.5323  lr=1.00e-06
  ✗ No improvement vs prev epoch (1/20)
[audio] Epoch  78/200  tr_loss=0.5874  tr_f1=0.7164  va_loss=0.7561  va_f1=0.5293  va_acc=0.5403  lr=1.00e-06
[audio] Epoch  79/200  tr_loss=0.5828  tr_f1=0.7014  va_loss=0.7541  va_f1=0.5072  va_acc=0.5242  lr=1.00e-06
  ✗ No improvement vs prev epoch (1/20)
[audio] Epoch  80/200  tr_loss=0.5856  tr_f1=0.7003  va_loss=0.7592  va_f1=0.5128  va_acc=0.5242  lr=1.00e-06
[audio] Epoch  81/200  tr_loss=0.5643  tr_f1=0.7253  va_loss=0.7512  va_f1=0.5032  va_acc=0.5161  lr=1.00e-06
  ✗ No improvement vs prev epoch (1/20)
[audio] Epoch  82/200  tr_loss=0.6014  tr_f1=0.7111  va_loss=0.7481  va_f1=0.5208  va_acc=0.5403  lr=1.00e-06
[audio] Epoch  83/200  tr_loss=0.5867  tr_f1=0.7075  va_loss=0.7530  va_f1=0.5335  va_acc=0.5403  lr=1.00e-06
[audio] Epoch  84/200  tr_loss=0.5895  tr_f1=0.7095  va_loss=0.7569  va_f1=0.5222  va_acc=0.5323  lr=1.00e-06
  ✗ No improvement vs prev epoch (1/20)
[audio] Epoch  85/200  tr_loss=0.5810  tr_f1=0.7018  va_loss=0.7567  va_f1=0.5099  va_acc=0.5161  lr=1.00e-06
  ✗ No improvement vs prev epoch (2/20)
[audio] Epoch  86/200  tr_loss=0.5870  tr_f1=0.7018  va_loss=0.7531  va_f1=0.5072  va_acc=0.5242  lr=1.00e-06
  ✗ No improvement vs prev epoch (3/20)
[audio] Epoch  87/200  tr_loss=0.5668  tr_f1=0.7246  va_loss=0.7569  va_f1=0.5128  va_acc=0.5242  lr=1.00e-06
[audio] Epoch  88/200  tr_loss=0.5778  tr_f1=0.7198  va_loss=0.7551  va_f1=0.5101  va_acc=0.5242  lr=1.00e-06
  ✗ No improvement vs prev epoch (1/20)
[audio] Epoch  89/200  tr_loss=0.6018  tr_f1=0.7028  va_loss=0.7534  va_f1=0.5107  va_acc=0.5323  lr=1.00e-06
[audio] Epoch  90/200  tr_loss=0.5886  tr_f1=0.6913  va_loss=0.7670  va_f1=0.5407  va_acc=0.5484  lr=1.00e-06
[audio] Epoch  91/200  tr_loss=0.5748  tr_f1=0.7403  va_loss=0.7567  va_f1=0.5072  va_acc=0.5242  lr=1.00e-06
  ✗ No improvement vs prev epoch (1/20)
[audio] Epoch  92/200  tr_loss=0.5979  tr_f1=0.6941  va_loss=0.7544  va_f1=0.5243  va_acc=0.5323  lr=1.00e-06
[audio] Epoch  93/200  tr_loss=0.5832  tr_f1=0.7054  va_loss=0.7592  va_f1=0.5315  va_acc=0.5403  lr=1.00e-06
[audio] Epoch  94/200  tr_loss=0.5829  tr_f1=0.7208  va_loss=0.7618  va_f1=0.5222  va_acc=0.5323  lr=1.00e-06
  ✗ No improvement vs prev epoch (1/20)
[audio] Epoch  95/200  tr_loss=0.5962  tr_f1=0.6979  va_loss=0.7641  va_f1=0.5243  va_acc=0.5323  lr=1.00e-06
[audio] Epoch  96/200  tr_loss=0.5885  tr_f1=0.7104  va_loss=0.7551  va_f1=0.5198  va_acc=0.5323  lr=1.00e-06
  ✗ No improvement vs prev epoch (1/20)
[audio] Epoch  97/200  tr_loss=0.5837  tr_f1=0.7037  va_loss=0.7665  va_f1=0.5335  va_acc=0.5403  lr=1.00e-06
[audio] Epoch  98/200  tr_loss=0.6081  tr_f1=0.6800  va_loss=0.7515  va_f1=0.5032  va_acc=0.5161  lr=1.00e-06
  ✗ No improvement vs prev epoch (1/20)
[audio] Epoch  99/200  tr_loss=0.5632  tr_f1=0.7414  va_loss=0.7556  va_f1=0.5072  va_acc=0.5242  lr=1.00e-06
[audio] Epoch 100/200  tr_loss=0.5941  tr_f1=0.7068  va_loss=0.7583  va_f1=0.5198  va_acc=0.5323  lr=1.00e-06
[audio] Epoch 101/200  tr_loss=0.5802  tr_f1=0.7159  va_loss=0.7626  va_f1=0.5243  va_acc=0.5323  lr=1.00e-06
[audio] Epoch 102/200  tr_loss=0.5824  tr_f1=0.7040  va_loss=0.7598  va_f1=0.5387  va_acc=0.5484  lr=1.00e-06
[audio] Epoch 103/200  tr_loss=0.5850  tr_f1=0.7158  va_loss=0.7669  va_f1=0.5315  va_acc=0.5403  lr=1.00e-06
  ✗ No improvement vs prev epoch (1/20)
[audio] Epoch 104/200  tr_loss=0.5918  tr_f1=0.7123  va_loss=0.7607  va_f1=0.5171  va_acc=0.5323  lr=1.00e-06
  ✗ No improvement vs prev epoch (2/20)
[audio] Epoch 105/200  tr_loss=0.5878  tr_f1=0.7116  va_loss=0.7616  va_f1=0.5128  va_acc=0.5242  lr=1.00e-06
  ✗ No improvement vs prev epoch (3/20)
[audio] Epoch 106/200  tr_loss=0.6196  tr_f1=0.6619  va_loss=0.7599  va_f1=0.5222  va_acc=0.5323  lr=1.00e-06
[audio] Epoch 107/200  tr_loss=0.5954  tr_f1=0.7131  va_loss=0.7658  va_f1=0.5407  va_acc=0.5484  lr=1.00e-06
[audio] Epoch 108/200  tr_loss=0.5761  tr_f1=0.7224  va_loss=0.7650  va_f1=0.5171  va_acc=0.5323  lr=1.00e-06
  ✗ No improvement vs prev epoch (1/20)
[audio] Epoch 109/200  tr_loss=0.5992  tr_f1=0.6777  va_loss=0.7556  va_f1=0.5315  va_acc=0.5403  lr=1.00e-06
[audio] Epoch 110/200  tr_loss=0.5922  tr_f1=0.7101  va_loss=0.7569  va_f1=0.5243  va_acc=0.5323  lr=1.00e-06
  ✗ No improvement vs prev epoch (1/20)
[audio] Epoch 111/200  tr_loss=0.5765  tr_f1=0.7093  va_loss=0.7603  va_f1=0.5222  va_acc=0.5323  lr=1.00e-06
  ✗ No improvement vs prev epoch (2/20)
[audio] Epoch 112/200  tr_loss=0.5738  tr_f1=0.7377  va_loss=0.7706  va_f1=0.5171  va_acc=0.5242  lr=1.00e-06
  ✗ No improvement vs prev epoch (3/20)
[audio] Epoch 113/200  tr_loss=0.5788  tr_f1=0.7247  va_loss=0.7682  va_f1=0.5335  va_acc=0.5403  lr=1.00e-06
[audio] Epoch 114/200  tr_loss=0.5850  tr_f1=0.7223  va_loss=0.7589  va_f1=0.5222  va_acc=0.5323  lr=1.00e-06
  ✗ No improvement vs prev epoch (1/20)
[audio] Epoch 115/200  tr_loss=0.6019  tr_f1=0.7030  va_loss=0.7615  va_f1=0.5151  va_acc=0.5242  lr=1.00e-06
  ✗ No improvement vs prev epoch (2/20)
[audio] Epoch 116/200  tr_loss=0.5962  tr_f1=0.7093  va_loss=0.7578  va_f1=0.5171  va_acc=0.5323  lr=1.00e-06
[audio] Epoch 117/200  tr_loss=0.6031  tr_f1=0.6761  va_loss=0.7605  va_f1=0.5128  va_acc=0.5242  lr=1.00e-06
  ✗ No improvement vs prev epoch (1/20)
[audio] Epoch 118/200  tr_loss=0.5838  tr_f1=0.7183  va_loss=0.7558  va_f1=0.5141  va_acc=0.5323  lr=1.00e-06
[audio] Epoch 119/200  tr_loss=0.5925  tr_f1=0.7093  va_loss=0.7711  va_f1=0.5262  va_acc=0.5323  lr=1.00e-06
[audio] Epoch 120/200  tr_loss=0.5665  tr_f1=0.7247  va_loss=0.7603  va_f1=0.5243  va_acc=0.5323  lr=1.00e-06
  ✗ No improvement vs prev epoch (1/20)
[audio] Epoch 121/200  tr_loss=0.6020  tr_f1=0.7011  va_loss=0.7554  va_f1=0.5128  va_acc=0.5242  lr=1.00e-06
  ✗ No improvement vs prev epoch (2/20)
[audio] Epoch 122/200  tr_loss=0.6076  tr_f1=0.7042  va_loss=0.7631  va_f1=0.5128  va_acc=0.5242  lr=1.00e-06
  ✗ No improvement vs prev epoch (3/20)
[audio] Epoch 123/200  tr_loss=0.5813  tr_f1=0.7105  va_loss=0.7633  va_f1=0.5151  va_acc=0.5242  lr=1.00e-06
[audio] Epoch 124/200  tr_loss=0.5834  tr_f1=0.7149  va_loss=0.7515  va_f1=0.5128  va_acc=0.5242  lr=1.00e-06
  ✗ No improvement vs prev epoch (1/20)
[audio] Epoch 125/200  tr_loss=0.5867  tr_f1=0.7300  va_loss=0.7661  va_f1=0.5335  va_acc=0.5403  lr=1.00e-06
[audio] Epoch 126/200  tr_loss=0.5822  tr_f1=0.7054  va_loss=0.7629  va_f1=0.5239  va_acc=0.5403  lr=1.00e-06
  ✗ No improvement vs prev epoch (1/20)
[audio] Epoch 127/200  tr_loss=0.5790  tr_f1=0.7067  va_loss=0.7620  va_f1=0.5151  va_acc=0.5242  lr=1.00e-06
  ✗ No improvement vs prev epoch (2/20)
[audio] Epoch 128/200  tr_loss=0.5818  tr_f1=0.7120  va_loss=0.7586  va_f1=0.5243  va_acc=0.5323  lr=1.00e-06
[audio] Epoch 129/200  tr_loss=0.5975  tr_f1=0.7043  va_loss=0.7624  va_f1=0.5128  va_acc=0.5242  lr=1.00e-06
  ✗ No improvement vs prev epoch (1/20)
[audio] Epoch 130/200  tr_loss=0.5810  tr_f1=0.7172  va_loss=0.7680  va_f1=0.5128  va_acc=0.5242  lr=1.00e-06
  ✗ No improvement vs prev epoch (2/20)
[audio] Epoch 131/200  tr_loss=0.5892  tr_f1=0.7043  va_loss=0.7556  va_f1=0.5222  va_acc=0.5323  lr=1.00e-06
[audio] Epoch 132/200  tr_loss=0.5798  tr_f1=0.7223  va_loss=0.7583  va_f1=0.5151  va_acc=0.5242  lr=1.00e-06
  ✗ No improvement vs prev epoch (1/20)
[audio] Epoch 133/200  tr_loss=0.5754  tr_f1=0.7352  va_loss=0.7575  va_f1=0.5222  va_acc=0.5323  lr=1.00e-06
[audio] Epoch 134/200  tr_loss=0.5891  tr_f1=0.7240  va_loss=0.7583  va_f1=0.4973  va_acc=0.5161  lr=1.00e-06
  ✗ No improvement vs prev epoch (1/20)
[audio] Epoch 135/200  tr_loss=0.5972  tr_f1=0.7157  va_loss=0.7596  va_f1=0.5128  va_acc=0.5242  lr=1.00e-06
[audio] Epoch 136/200  tr_loss=0.5846  tr_f1=0.7175  va_loss=0.7691  va_f1=0.5222  va_acc=0.5323  lr=1.00e-06
[audio] Epoch 137/200  tr_loss=0.6034  tr_f1=0.7052  va_loss=0.7557  va_f1=0.5101  va_acc=0.5242  lr=1.00e-06
  ✗ No improvement vs prev epoch (1/20)
[audio] Epoch 138/200  tr_loss=0.6127  tr_f1=0.6810  va_loss=0.7588  va_f1=0.5243  va_acc=0.5323  lr=1.00e-06
[audio] Epoch 139/200  tr_loss=0.6088  tr_f1=0.7003  va_loss=0.7582  va_f1=0.5222  va_acc=0.5323  lr=1.00e-06
  ✗ No improvement vs prev epoch (1/20)
[audio] Epoch 140/200  tr_loss=0.5827  tr_f1=0.7081  va_loss=0.7651  va_f1=0.5171  va_acc=0.5242  lr=1.00e-06
  ✗ No improvement vs prev epoch (2/20)
[audio] Epoch 141/200  tr_loss=0.5901  tr_f1=0.7040  va_loss=0.7570  va_f1=0.5387  va_acc=0.5484  lr=1.00e-06
[audio] Epoch 142/200  tr_loss=0.5891  tr_f1=0.7143  va_loss=0.7586  va_f1=0.5315  va_acc=0.5403  lr=1.00e-06
  ✗ No improvement vs prev epoch (1/20)
[audio] Epoch 143/200  tr_loss=0.5935  tr_f1=0.7005  va_loss=0.7613  va_f1=0.5315  va_acc=0.5403  lr=1.00e-06
  ✗ No improvement vs prev epoch (2/20)
[audio] Epoch 144/200  tr_loss=0.5758  tr_f1=0.7223  va_loss=0.7670  va_f1=0.5204  va_acc=0.5242  lr=1.00e-06
  ✗ No improvement vs prev epoch (3/20)
[audio] Epoch 145/200  tr_loss=0.5816  tr_f1=0.7211  va_loss=0.7585  va_f1=0.5335  va_acc=0.5403  lr=1.00e-06
[audio] Epoch 146/200  tr_loss=0.5851  tr_f1=0.7094  va_loss=0.7617  va_f1=0.5315  va_acc=0.5403  lr=1.00e-06
  ✗ No improvement vs prev epoch (1/20)
[audio] Epoch 147/200  tr_loss=0.5906  tr_f1=0.7091  va_loss=0.7523  va_f1=0.5128  va_acc=0.5242  lr=1.00e-06
  ✗ No improvement vs prev epoch (2/20)
[audio] Epoch 148/200  tr_loss=0.5707  tr_f1=0.7300  va_loss=0.7597  va_f1=0.5151  va_acc=0.5242  lr=1.00e-06
[audio] Epoch 149/200  tr_loss=0.5896  tr_f1=0.7082  va_loss=0.7646  va_f1=0.5128  va_acc=0.5242  lr=1.00e-06
  ✗ No improvement vs prev epoch (1/20)
[audio] Epoch 150/200  tr_loss=0.6020  tr_f1=0.6889  va_loss=0.7640  va_f1=0.5222  va_acc=0.5323  lr=1.00e-06
[audio] Epoch 151/200  tr_loss=0.5956  tr_f1=0.6858  va_loss=0.7593  va_f1=0.5315  va_acc=0.5403  lr=1.00e-06
[audio] Epoch 152/200  tr_loss=0.5809  tr_f1=0.7052  va_loss=0.7574  va_f1=0.5151  va_acc=0.5242  lr=1.00e-06
  ✗ No improvement vs prev epoch (1/20)
[audio] Epoch 153/200  tr_loss=0.5777  tr_f1=0.7210  va_loss=0.7595  va_f1=0.5101  va_acc=0.5242  lr=1.00e-06
  ✗ No improvement vs prev epoch (2/20)
[audio] Epoch 154/200  tr_loss=0.5827  tr_f1=0.7159  va_loss=0.7573  va_f1=0.5151  va_acc=0.5242  lr=1.00e-06
[audio] Epoch 155/200  tr_loss=0.5646  tr_f1=0.7411  va_loss=0.7600  va_f1=0.5243  va_acc=0.5323  lr=1.00e-06
[audio] Epoch 156/200  tr_loss=0.5737  tr_f1=0.7261  va_loss=0.7569  va_f1=0.5335  va_acc=0.5403  lr=1.00e-06
[audio] Epoch 157/200  tr_loss=0.5713  tr_f1=0.7236  va_loss=0.7639  va_f1=0.5101  va_acc=0.5242  lr=1.00e-06
  ✗ No improvement vs prev epoch (1/20)
[audio] Epoch 158/200  tr_loss=0.5964  tr_f1=0.7043  va_loss=0.7613  va_f1=0.5315  va_acc=0.5403  lr=1.00e-06
[audio] Epoch 159/200  tr_loss=0.5896  tr_f1=0.7165  va_loss=0.7626  va_f1=0.5032  va_acc=0.5161  lr=1.00e-06
  ✗ No improvement vs prev epoch (1/20)
[audio] Epoch 160/200  tr_loss=0.6022  tr_f1=0.6922  va_loss=0.7640  va_f1=0.5222  va_acc=0.5323  lr=1.00e-06
[audio] Epoch 161/200  tr_loss=0.5932  tr_f1=0.6961  va_loss=0.7522  va_f1=0.5293  va_acc=0.5403  lr=1.00e-06
[audio] Epoch 162/200  tr_loss=0.5915  tr_f1=0.7037  va_loss=0.7618  va_f1=0.5315  va_acc=0.5403  lr=1.00e-06
[audio] Epoch 163/200  tr_loss=0.5764  tr_f1=0.7101  va_loss=0.7569  va_f1=0.5057  va_acc=0.5161  lr=1.00e-06
  ✗ No improvement vs prev epoch (1/20)
[audio] Epoch 164/200  tr_loss=0.5989  tr_f1=0.7067  va_loss=0.7586  va_f1=0.5222  va_acc=0.5323  lr=1.00e-06
[audio] Epoch 165/200  tr_loss=0.5819  tr_f1=0.7384  va_loss=0.7512  va_f1=0.5198  va_acc=0.5323  lr=1.00e-06
  ✗ No improvement vs prev epoch (1/20)
[audio] Epoch 166/200  tr_loss=0.6089  tr_f1=0.6863  va_loss=0.7606  va_f1=0.5198  va_acc=0.5323  lr=1.00e-06
  ✗ No improvement vs prev epoch (2/20)
[audio] Epoch 167/200  tr_loss=0.5921  tr_f1=0.7054  va_loss=0.7651  va_f1=0.5189  va_acc=0.5242  lr=1.00e-06
  ✗ No improvement vs prev epoch (3/20)
[audio] Epoch 168/200  tr_loss=0.5941  tr_f1=0.6965  va_loss=0.7578  va_f1=0.5171  va_acc=0.5323  lr=1.00e-06
  ✗ No improvement vs prev epoch (4/20)
[audio] Epoch 169/200  tr_loss=0.5827  tr_f1=0.7194  va_loss=0.7654  va_f1=0.5315  va_acc=0.5403  lr=1.00e-06
[audio] Epoch 170/200  tr_loss=0.5920  tr_f1=0.7159  va_loss=0.7594  va_f1=0.5293  va_acc=0.5403  lr=1.00e-06
  ✗ No improvement vs prev epoch (1/20)
[audio] Epoch 171/200  tr_loss=0.5951  tr_f1=0.6977  va_loss=0.7711  va_f1=0.5243  va_acc=0.5323  lr=1.00e-06
  ✗ No improvement vs prev epoch (2/20)
[audio] Epoch 172/200  tr_loss=0.5831  tr_f1=0.7262  va_loss=0.7634  va_f1=0.5128  va_acc=0.5242  lr=1.00e-06
  ✗ No improvement vs prev epoch (3/20)
[audio] Epoch 173/200  tr_loss=0.5858  tr_f1=0.7011  va_loss=0.7646  va_f1=0.5243  va_acc=0.5323  lr=1.00e-06
[audio] Epoch 174/200  tr_loss=0.5908  tr_f1=0.7246  va_loss=0.7623  va_f1=0.5032  va_acc=0.5161  lr=1.00e-06
  ✗ No improvement vs prev epoch (1/20)
[audio] Epoch 175/200  tr_loss=0.6179  tr_f1=0.6696  va_loss=0.7659  va_f1=0.5243  va_acc=0.5323  lr=1.00e-06
[audio] Epoch 176/200  tr_loss=0.5890  tr_f1=0.6965  va_loss=0.7684  va_f1=0.5204  va_acc=0.5242  lr=1.00e-06
  ✗ No improvement vs prev epoch (1/20)
[audio] Epoch 177/200  tr_loss=0.5762  tr_f1=0.6986  va_loss=0.7593  va_f1=0.5101  va_acc=0.5242  lr=1.00e-06
  ✗ No improvement vs prev epoch (2/20)
[audio] Epoch 178/200  tr_loss=0.5896  tr_f1=0.7181  va_loss=0.7543  va_f1=0.5315  va_acc=0.5403  lr=1.00e-06
[audio] Epoch 179/200  tr_loss=0.5775  tr_f1=0.7308  va_loss=0.7590  va_f1=0.5315  va_acc=0.5403  lr=1.00e-06
  ✗ No improvement vs prev epoch (1/20)
[audio] Epoch 180/200  tr_loss=0.5902  tr_f1=0.6992  va_loss=0.7515  va_f1=0.5222  va_acc=0.5323  lr=1.00e-06
  ✗ No improvement vs prev epoch (2/20)
[audio] Epoch 181/200  tr_loss=0.5991  tr_f1=0.6914  va_loss=0.7639  va_f1=0.5116  va_acc=0.5161  lr=1.00e-06
  ✗ No improvement vs prev epoch (3/20)
[audio] Epoch 182/200  tr_loss=0.5944  tr_f1=0.7092  va_loss=0.7661  va_f1=0.5116  va_acc=0.5161  lr=1.00e-06
  ✗ No improvement vs prev epoch (4/20)
[audio] Epoch 183/200  tr_loss=0.6010  tr_f1=0.6955  va_loss=0.7562  va_f1=0.5101  va_acc=0.5242  lr=1.00e-06
  ✗ No improvement vs prev epoch (5/20)
[audio] Epoch 184/200  tr_loss=0.5783  tr_f1=0.7377  va_loss=0.7577  va_f1=0.5262  va_acc=0.5323  lr=1.00e-06
[audio] Epoch 185/200  tr_loss=0.5782  tr_f1=0.7108  va_loss=0.7580  va_f1=0.5293  va_acc=0.5403  lr=1.00e-06
[audio] Epoch 186/200  tr_loss=0.5924  tr_f1=0.6940  va_loss=0.7655  va_f1=0.5315  va_acc=0.5403  lr=1.00e-06
[audio] Epoch 187/200  tr_loss=0.5950  tr_f1=0.6992  va_loss=0.7622  va_f1=0.5171  va_acc=0.5323  lr=1.00e-06
  ✗ No improvement vs prev epoch (1/20)
[audio] Epoch 188/200  tr_loss=0.6176  tr_f1=0.6841  va_loss=0.7602  va_f1=0.5032  va_acc=0.5161  lr=1.00e-06
  ✗ No improvement vs prev epoch (2/20)
[audio] Epoch 189/200  tr_loss=0.6009  tr_f1=0.7037  va_loss=0.7604  va_f1=0.5198  va_acc=0.5323  lr=1.00e-06
[audio] Epoch 190/200  tr_loss=0.6136  tr_f1=0.6747  va_loss=0.7634  va_f1=0.5128  va_acc=0.5242  lr=1.00e-06
  ✗ No improvement vs prev epoch (1/20)
[audio] Epoch 191/200  tr_loss=0.5765  tr_f1=0.7130  va_loss=0.7641  va_f1=0.5315  va_acc=0.5403  lr=1.00e-06
[audio] Epoch 192/200  tr_loss=0.5853  tr_f1=0.7082  va_loss=0.7648  va_f1=0.5243  va_acc=0.5323  lr=1.00e-06
  ✗ No improvement vs prev epoch (1/20)
[audio] Epoch 193/200  tr_loss=0.5730  tr_f1=0.7211  va_loss=0.7671  va_f1=0.5352  va_acc=0.5403  lr=1.00e-06
[audio] Epoch 194/200  tr_loss=0.5768  tr_f1=0.7209  va_loss=0.7622  va_f1=0.5151  va_acc=0.5242  lr=1.00e-06
  ✗ No improvement vs prev epoch (1/20)
[audio] Epoch 195/200  tr_loss=0.5826  tr_f1=0.7246  va_loss=0.7671  va_f1=0.5243  va_acc=0.5323  lr=1.00e-06
[audio] Epoch 196/200  tr_loss=0.5652  tr_f1=0.7359  va_loss=0.7568  va_f1=0.5128  va_acc=0.5242  lr=1.00e-06
  ✗ No improvement vs prev epoch (1/20)
[audio] Epoch 197/200  tr_loss=0.5742  tr_f1=0.7206  va_loss=0.7603  va_f1=0.5198  va_acc=0.5323  lr=1.00e-06
[audio] Epoch 198/200  tr_loss=0.5901  tr_f1=0.7095  va_loss=0.7606  va_f1=0.5101  va_acc=0.5242  lr=1.00e-06
  ✗ No improvement vs prev epoch (1/20)
[audio] Epoch 199/200  tr_loss=0.5846  tr_f1=0.7146  va_loss=0.7607  va_f1=0.5072  va_acc=0.5242  lr=1.00e-06
  ✗ No improvement vs prev epoch (2/20)
[audio] Epoch 200/200  tr_loss=0.5803  tr_f1=0.7296  va_loss=0.7545  va_f1=0.5293  va_acc=0.5403  lr=1.00e-06
[audio] Trained in 2.3 min — best val F1=0.6026

======================================================================
Training modality head: video
======================================================================
[video] Using StandardScaler (z-score normalization)

[video] input_dim=768  hidden_dims=[128]  dropout=0.3  input_dropout=0.0  gaussian_noise=0.0  batchnorm=False  activation=gelu  normalization=standard
[video] lr=5.00e-05  weight_decay=0.03  epochs=50  patience=10  scheduler=cosine
[video] Architecture:
ModalityMLP(
  (mlp): Sequential(
    (0): Linear(in_features=768, out_features=128, bias=True)
    (1): GELU(approximate='none')
    (2): Dropout(p=0.3, inplace=False)
    (3): Linear(in_features=128, out_features=2, bias=True)
  )
)
[video] Trainable params: 98,690
[video] Class counts — No A-H: 393  With A-H: 385

[video] Training MLP head ...
[video] Epoch   1/50  tr_loss=0.5967  tr_f1=0.7011  va_loss=0.8392  va_f1=0.5130  va_acc=0.5161  lr=5.00e-05
  ✓ New best val F1=0.5130 — saved /home3/iasarantsev/multimodal/weights/late_fusion_video_best.pth
[video] Epoch   2/50  tr_loss=0.5488  tr_f1=0.7480  va_loss=0.9144  va_f1=0.5130  va_acc=0.5161  lr=4.98e-05
  ✗ No improvement vs prev epoch (1/10)
[video] Epoch   3/50  tr_loss=0.5673  tr_f1=0.7248  va_loss=0.8789  va_f1=0.5116  va_acc=0.5161  lr=4.96e-05
  ✗ No improvement vs prev epoch (2/10)
[video] Epoch   4/50  tr_loss=0.5288  tr_f1=0.7660  va_loss=0.9609  va_f1=0.5292  va_acc=0.5323  lr=4.92e-05
  ✓ New best val F1=0.5292 — saved /home3/iasarantsev/multimodal/weights/late_fusion_video_best.pth
[video] Epoch   5/50  tr_loss=0.5157  tr_f1=0.7720  va_loss=0.9561  va_f1=0.5243  va_acc=0.5323  lr=4.88e-05
  ✗ No improvement vs prev epoch (1/10)
[video] Epoch   6/50  tr_loss=0.5235  tr_f1=0.7686  va_loss=1.0275  va_f1=0.5116  va_acc=0.5161  lr=4.83e-05
  ✗ No improvement vs prev epoch (2/10)
[video] Epoch   7/50  tr_loss=0.4784  tr_f1=0.8136  va_loss=1.1098  va_f1=0.5130  va_acc=0.5161  lr=4.76e-05
[video] Epoch   8/50  tr_loss=0.5037  tr_f1=0.7724  va_loss=1.0890  va_f1=0.5116  va_acc=0.5161  lr=4.69e-05
  ✗ No improvement vs prev epoch (1/10)
[video] Epoch   9/50  tr_loss=0.4867  tr_f1=0.7914  va_loss=1.0283  va_f1=0.5441  va_acc=0.5484  lr=4.61e-05
  ✓ New best val F1=0.5441 — saved /home3/iasarantsev/multimodal/weights/late_fusion_video_best.pth
[video] Epoch  10/50  tr_loss=0.4714  tr_f1=0.8226  va_loss=1.1072  va_f1=0.5441  va_acc=0.5484  lr=4.53e-05
  ✗ No improvement vs prev epoch (1/10)
[video] Epoch  11/50  tr_loss=0.4733  tr_f1=0.8097  va_loss=1.1128  va_f1=0.5352  va_acc=0.5403  lr=4.43e-05
  ✗ No improvement vs prev epoch (2/10)
[video] Epoch  12/50  tr_loss=0.4824  tr_f1=0.7981  va_loss=1.1266  va_f1=0.5352  va_acc=0.5403  lr=4.33e-05
  ✗ No improvement vs prev epoch (3/10)
[video] Epoch  13/50  tr_loss=0.4912  tr_f1=0.8001  va_loss=1.1008  va_f1=0.5515  va_acc=0.5565  lr=4.22e-05
  ✓ New best val F1=0.5515 — saved /home3/iasarantsev/multimodal/weights/late_fusion_video_best.pth
[video] Epoch  14/50  tr_loss=0.4691  tr_f1=0.8021  va_loss=1.1099  va_f1=0.5335  va_acc=0.5403  lr=4.10e-05
  ✗ No improvement vs prev epoch (1/10)
[video] Epoch  15/50  tr_loss=0.4640  tr_f1=0.8173  va_loss=1.1433  va_f1=0.5426  va_acc=0.5484  lr=3.98e-05
[video] Epoch  16/50  tr_loss=0.4510  tr_f1=0.8406  va_loss=1.1510  va_f1=0.5352  va_acc=0.5403  lr=3.85e-05
  ✗ No improvement vs prev epoch (1/10)
[video] Epoch  17/50  tr_loss=0.4513  tr_f1=0.8341  va_loss=1.1689  va_f1=0.5426  va_acc=0.5484  lr=3.72e-05
[video] Epoch  18/50  tr_loss=0.4644  tr_f1=0.8316  va_loss=1.1921  va_f1=0.5367  va_acc=0.5403  lr=3.58e-05
  ✗ No improvement vs prev epoch (1/10)
[video] Epoch  19/50  tr_loss=0.4807  tr_f1=0.8106  va_loss=1.1559  va_f1=0.5515  va_acc=0.5565  lr=3.44e-05
[video] Epoch  20/50  tr_loss=0.4729  tr_f1=0.8195  va_loss=1.1458  va_f1=0.5529  va_acc=0.5565  lr=3.29e-05
  ✓ New best val F1=0.5529 — saved /home3/iasarantsev/multimodal/weights/late_fusion_video_best.pth
[video] Epoch  21/50  tr_loss=0.4612  tr_f1=0.8187  va_loss=1.1555  va_f1=0.5541  va_acc=0.5565  lr=3.14e-05
  ✓ New best val F1=0.5541 — saved /home3/iasarantsev/multimodal/weights/late_fusion_video_best.pth
[video] Epoch  22/50  tr_loss=0.4275  tr_f1=0.8483  va_loss=1.1591  va_f1=0.5617  va_acc=0.5645  lr=2.99e-05
  ✓ New best val F1=0.5617 — saved /home3/iasarantsev/multimodal/weights/late_fusion_video_best.pth
[video] Epoch  23/50  tr_loss=0.4418  tr_f1=0.8419  va_loss=1.1325  va_f1=0.5529  va_acc=0.5565  lr=2.84e-05
  ✗ No improvement vs prev epoch (1/10)
[video] Epoch  24/50  tr_loss=0.4351  tr_f1=0.8480  va_loss=1.1429  va_f1=0.5441  va_acc=0.5484  lr=2.68e-05
  ✗ No improvement vs prev epoch (2/10)
[video] Epoch  25/50  tr_loss=0.4152  tr_f1=0.8599  va_loss=1.1362  va_f1=0.5515  va_acc=0.5565  lr=2.52e-05
[video] Epoch  26/50  tr_loss=0.4289  tr_f1=0.8535  va_loss=1.1357  va_f1=0.5604  va_acc=0.5645  lr=2.37e-05
[video] Epoch  27/50  tr_loss=0.4371  tr_f1=0.8412  va_loss=1.1569  va_f1=0.5541  va_acc=0.5565  lr=2.21e-05
  ✗ No improvement vs prev epoch (1/10)
[video] Epoch  28/50  tr_loss=0.4314  tr_f1=0.8482  va_loss=1.1816  va_f1=0.5550  va_acc=0.5565  lr=2.06e-05
[video] Epoch  29/50  tr_loss=0.4400  tr_f1=0.8278  va_loss=1.1935  va_f1=0.5550  va_acc=0.5565  lr=1.91e-05
  ✗ No improvement vs prev epoch (1/10)
[video] Epoch  30/50  tr_loss=0.4251  tr_f1=0.8624  va_loss=1.2064  va_f1=0.5396  va_acc=0.5403  lr=1.76e-05
  ✗ No improvement vs prev epoch (2/10)
[video] Epoch  31/50  tr_loss=0.4244  tr_f1=0.8496  va_loss=1.2076  va_f1=0.5473  va_acc=0.5484  lr=1.61e-05
[video] Epoch  32/50  tr_loss=0.4415  tr_f1=0.8289  va_loss=1.2075  va_f1=0.5318  va_acc=0.5323  lr=1.47e-05
  ✗ No improvement vs prev epoch (1/10)
[video] Epoch  33/50  tr_loss=0.4298  tr_f1=0.8521  va_loss=1.2107  va_f1=0.5318  va_acc=0.5323  lr=1.33e-05
  ✗ No improvement vs prev epoch (2/10)
[video] Epoch  34/50  tr_loss=0.4178  tr_f1=0.8571  va_loss=1.2246  va_f1=0.5318  va_acc=0.5323  lr=1.20e-05
  ✗ No improvement vs prev epoch (3/10)
[video] Epoch  35/50  tr_loss=0.4344  tr_f1=0.8445  va_loss=1.2071  va_f1=0.5318  va_acc=0.5323  lr=1.07e-05
  ✗ No improvement vs prev epoch (4/10)
[video] Epoch  36/50  tr_loss=0.4412  tr_f1=0.8341  va_loss=1.1868  va_f1=0.5318  va_acc=0.5323  lr=9.47e-06
  ✗ No improvement vs prev epoch (5/10)
[video] Epoch  37/50  tr_loss=0.4299  tr_f1=0.8585  va_loss=1.1791  va_f1=0.5318  va_acc=0.5323  lr=8.31e-06
  ✗ No improvement vs prev epoch (6/10)
[video] Epoch  38/50  tr_loss=0.4333  tr_f1=0.8522  va_loss=1.1842  va_f1=0.5318  va_acc=0.5323  lr=7.21e-06
  ✗ No improvement vs prev epoch (7/10)
[video] Epoch  39/50  tr_loss=0.4280  tr_f1=0.8599  va_loss=1.1952  va_f1=0.5396  va_acc=0.5403  lr=6.18e-06
[video] Epoch  40/50  tr_loss=0.4388  tr_f1=0.8503  va_loss=1.1898  va_f1=0.5318  va_acc=0.5323  lr=5.23e-06
  ✗ No improvement vs prev epoch (1/10)
[video] Epoch  41/50  tr_loss=0.4074  tr_f1=0.8791  va_loss=1.1909  va_f1=0.5318  va_acc=0.5323  lr=4.35e-06
  ✗ No improvement vs prev epoch (2/10)
[video] Epoch  42/50  tr_loss=0.4326  tr_f1=0.8493  va_loss=1.1903  va_f1=0.5318  va_acc=0.5323  lr=3.56e-06
  ✗ No improvement vs prev epoch (3/10)
[video] Epoch  43/50  tr_loss=0.4271  tr_f1=0.8431  va_loss=1.1925  va_f1=0.5318  va_acc=0.5323  lr=2.86e-06
  ✗ No improvement vs prev epoch (4/10)
[video] Epoch  44/50  tr_loss=0.4083  tr_f1=0.8702  va_loss=1.1910  va_f1=0.5318  va_acc=0.5323  lr=2.24e-06
  ✗ No improvement vs prev epoch (5/10)
[video] Epoch  45/50  tr_loss=0.4262  tr_f1=0.8496  va_loss=1.1915  va_f1=0.5318  va_acc=0.5323  lr=1.71e-06
  ✗ No improvement vs prev epoch (6/10)
[video] Epoch  46/50  tr_loss=0.4251  tr_f1=0.8533  va_loss=1.1916  va_f1=0.5318  va_acc=0.5323  lr=1.28e-06
  ✗ No improvement vs prev epoch (7/10)
[video] Epoch  47/50  tr_loss=0.4279  tr_f1=0.8624  va_loss=1.1920  va_f1=0.5318  va_acc=0.5323  lr=9.38e-07
  ✗ No improvement vs prev epoch (8/10)
[video] Epoch  48/50  tr_loss=0.4276  tr_f1=0.8519  va_loss=1.1924  va_f1=0.5318  va_acc=0.5323  lr=6.95e-07
  ✗ No improvement vs prev epoch (9/10)
[video] Epoch  49/50  tr_loss=0.4444  tr_f1=0.8397  va_loss=1.1932  va_f1=0.5318  va_acc=0.5323  lr=5.49e-07
  ✗ No improvement vs prev epoch (10/10)
  ⛔ Early stopping at epoch 49 (best val F1=0.5617)
[video] Trained in 0.2 min — best val F1=0.5617
Training curves saved → /home3/iasarantsev/multimodal/weights/late_fusion_training_curves.png

======================================================================
Per-modality test scores (before fusion)
======================================================================

[text (test, view 0)] Macro-F1: 0.6892  |  Accuracy: 0.6971
[text (test, view 0)] Label dist : {1: 318, 0: 207}
[text (test, view 0)] Pred  dist : {0: 234, 1: 291}
              precision    recall  f1-score   support

      No A-H     0.6026    0.6812    0.6395       207
    With A-H     0.7732    0.7075    0.7389       318

    accuracy                         0.6971       525
   macro avg     0.6879    0.6944    0.6892       525
weighted avg     0.7059    0.6971    0.6997       525


[audio (test, view 0)] Macro-F1: 0.5960  |  Accuracy: 0.6095
[audio (test, view 0)] Label dist : {1: 318, 0: 207}
[audio (test, view 0)] Pred  dist : {0: 222, 1: 303}
              precision    recall  f1-score   support

      No A-H     0.5045    0.5411    0.5221       207
    With A-H     0.6865    0.6541    0.6699       318

    accuracy                         0.6095       525
   macro avg     0.5955    0.5976    0.5960       525
weighted avg     0.6147    0.6095    0.6116       525


[video (test, view 0)] Macro-F1: 0.5191  |  Accuracy: 0.5219
[video (test, view 0)] Label dist : {1: 318, 0: 207}
[video (test, view 0)] Pred  dist : {0: 278, 1: 247}
              precision    recall  f1-score   support

      No A-H     0.4209    0.5652    0.4825       207
    With A-H     0.6356    0.4937    0.5558       318

    accuracy                         0.5219       525
   macro avg     0.5282    0.5295    0.5191       525
weighted avg     0.5509    0.5219    0.5269       525


======================================================================
Temperature scaling (fit on val NLL)
======================================================================
  [text] T*=1.556  (T>1 ⇒ softening over-confident head)
  [audio] T*=1.860  (T>1 ⇒ softening over-confident head)
  [video] T*=5.000  (T>1 ⇒ softening over-confident head)

======================================================================
Late-fusion combiners — full set + leave-out subsets
======================================================================

── Subset: { text+audio+video } ──
  weighted-prob   best val weights = {'text': 0.5, 'audio': 0.0, 'video': 0.5}
  weighted-logit  best val weights = {'text': 0.5, 'audio': 0.0, 'video': 0.5}
  PSO-prob   best val weights = {'text': 0.7680650943285169, 'audio': 0.023579096324092625, 'video': 0.20835580934739062}  temps = {'text': 2.23465765325255, 'audio': 2.3634589042716247, 'video': 1.8296849445997174}  val_f1=0.7059
  PSO-logit  best val weights = {'text': 0.843342073247324, 'audio': 0.08337537472369087, 'video': 0.07328255202898508}  temps = {'text': 2.141582624922189, 'audio': 0.25, 'video': 0.7919752702794246}  val_f1=0.7110

── Subset: { text+audio } ──
  weighted-prob   best val weights = {'text': 1.0, 'audio': 0.0}
  weighted-logit  best val weights = {'text': 1.0, 'audio': 0.0}
  PSO-prob   best val weights = {'text': 0.9601769391184198, 'audio': 0.03982306088158028}  temps = {'text': 0.7588664163678304, 'audio': 3.4247946472038513}  val_f1=0.6540
  PSO-logit  best val weights = {'text': 0.9601769391184198, 'audio': 0.03982306088158028}  temps = {'text': 0.7588664163678304, 'audio': 3.4247946472038513}  val_f1=0.6540

── Subset: { text+video } ──
  weighted-prob   best val weights = {'text': 0.5, 'video': 0.5}
  weighted-logit  best val weights = {'text': 0.5, 'video': 0.5}
  PSO-prob   best val weights = {'text': 0.8312552166413258, 'video': 0.16874478335867418}  temps = {'text': 2.8653073459619387, 'video': 1.7774167725234302}  val_f1=0.7059
  PSO-logit  best val weights = {'text': 0.8444435171974727, 'video': 0.1555564828025273}  temps = {'text': 2.3844671351829962, 'video': 1.5431474187645053}  val_f1=0.6983

========================================================================================================
Late-Fusion Summary  (macro-F1 / accuracy; V+T = val + test pooled)
========================================================================================================
Strategy                                      Val F1   Val acc   Test F1  Test acc    V+T F1   V+T acc
------------------------------------------------------------------------------------------------------
unimodal: text                                0.6540    0.6613    0.6892    0.6971    0.6824    0.6903
unimodal: audio                               0.6026    0.6290    0.5960    0.6095    0.5976    0.6133
unimodal: video                               0.5617    0.5645    0.5191    0.5219    0.5272    0.5300
[text+audio+video] mean (raw)                 0.6481    0.6532    0.6367    0.6419    0.6389    0.6441
[text+audio+video] mean (T-scaled)            0.6733    0.6774    0.6875    0.6971    0.6850    0.6934
[text+audio+video] logit-mean (raw)           0.6113    0.6129    0.6257    0.6305    0.6231    0.6271
[text+audio+video] logit-mean (T-scaled)      0.6733    0.6774    0.6893    0.6990    0.6864    0.6949
[text+audio+video] weighted (T-scaled, prob)    0.6983    0.7016    0.6696    0.6781    0.6753    0.6826
[text+audio+video] weighted (T-scaled, logit)    0.6983    0.7016    0.6696    0.6781    0.6753    0.6826
[text+audio+video] meta-LR (T-scaled)         0.6282    0.6290    0.6326    0.6362    0.6319    0.6348
[text+audio+video] PSO (prob)                 0.7059    0.7097    0.6831    0.6914    0.6876    0.6949
[text+audio+video] PSO (logit)                0.7110    0.7177    0.6893    0.6990    0.6935    0.7026
[text+audio] mean (raw)                       0.6217    0.6371    0.6937    0.7029    0.6801    0.6903
[text+audio] mean (T-scaled)                  0.6146    0.6290    0.6937    0.7029    0.6787    0.6888
[text+audio] logit-mean (raw)                 0.6217    0.6371    0.6937    0.7029    0.6801    0.6903
[text+audio] logit-mean (T-scaled)            0.6146    0.6290    0.6937    0.7029    0.6787    0.6888
[text+audio] weighted (T-scaled, prob)        0.6540    0.6613    0.6892    0.6971    0.6824    0.6903
[text+audio] weighted (T-scaled, logit)       0.6540    0.6613    0.6892    0.6971    0.6824    0.6903
[text+audio] meta-LR (T-scaled)               0.6375    0.6452    0.6938    0.6990    0.6831    0.6888
[text+audio] PSO (prob)                       0.6540    0.6613    0.6892    0.6971    0.6824    0.6903
[text+audio] PSO (logit)                      0.6540    0.6613    0.6892    0.6971    0.6824    0.6903
[text+video] mean (raw)                       0.6113    0.6129    0.6228    0.6267    0.6207    0.6240
[text+video] mean (T-scaled)                  0.6983    0.7016    0.6696    0.6781    0.6753    0.6826
[text+video] logit-mean (raw)                 0.6113    0.6129    0.6228    0.6267    0.6207    0.6240
[text+video] logit-mean (T-scaled)            0.6983    0.7016    0.6696    0.6781    0.6753    0.6826
[text+video] weighted (T-scaled, prob)        0.6983    0.7016    0.6696    0.6781    0.6753    0.6826
[text+video] weighted (T-scaled, logit)       0.6983    0.7016    0.6696    0.6781    0.6753    0.6826
[text+video] meta-LR (T-scaled)               0.6359    0.6371    0.6359    0.6400    0.6360    0.6394
[text+video] PSO (prob)                       0.7059    0.7097    0.6810    0.6895    0.6859    0.6934
[text+video] PSO (logit)                      0.6983    0.7016    0.6710    0.6800    0.6764    0.6841
========================================================================================================
Temperatures         : {'text': 1.5564102564102564, 'audio': 1.8602564102564103, 'video': 5.0}
Per-modality weights : /home3/iasarantsev/multimodal/weights/late_fusion_<mod>_best.pth
Per-modality scalers : /home3/iasarantsev/multimodal/weights/late_fusion_<mod>_best.scaler.joblib
Meta + temps + ws    : /home3/iasarantsev/multimodal/weights/late_fusion_meta.joblib
Training curves      : /home3/iasarantsev/multimodal/weights/late_fusion_training_curves.png
